E/Genymotion(  324): Could not open '/sys/class/power_supply/genymotion_fake_path/present'
E/Genymotion(  324): Could not open '/sys/class/power_supply/genymotion_fake_path/present'
E/Genymotion(  324): Could not open '/sys/class/power_supply/genymotion_fake_path/present'
E/Genymotion(  324): Could not open '/sys/class/power_supply/genymotion_fake_path/present'
E/Genymotion(  324): Could not open '/sys/class/power_supply/genymotion_fake_path/present'
E/Genymotion(  324): Could not open '/sys/class/power_supply/genymotion_fake_path/present'
E/Genymotion(  324): Could not open '/sys/class/power_supply/genymotion_fake_path/present'
E/Genymotion(  324): Could not open '/sys/class/power_supply/genymotion_fake_path/present'
E/Genymotion(  324): Could not open '/sys/class/power_supply/genymotion_fake_path/present'
E/Genymotion(  324): Could not open '/sys/class/power_supply/genymotion_fake_path/present'
E/Genymotion(  324): Could not open '/sys/class/power_supply/genymotion_fake_path/present'
E/Genymotion(  324): Could not open '/sys/class/power_supply/genymotion_fake_path/present'
E/Genymotion(  324): Could not open '/sys/class/power_supply/genymotion_fake_path/present'
E/Genymotion(  324): Could not open '/sys/class/power_supply/genymotion_fake_path/present'
E/Genymotion(  324): Could not open '/sys/class/power_supply/genymotion_fake_path/present'
E/Genymotion(  324): Could not open '/sys/class/power_supply/genymotion_fake_path/present'
E/Genymotion(  324): Could not open '/sys/class/power_supply/genymotion_fake_path/present'
E/Genymotion(  324): Could not open '/sys/class/power_supply/genymotion_fake_path/present'
E/Genymotion(  324): Could not open '/sys/class/power_supply/genymotion_fake_path/present'
E/Genymotion(  324): Could not open '/sys/class/power_supply/genymotion_fake_path/present'
E/Genymotion(  324): Could not open '/sys/class/power_supply/genymotion_fake_path/present'
E/Genymotion(  324): Could not open '/sys/class/power_supply/genymotion_fake_path/present'
E/Genymotion(  324): Could not open '/sys/class/power_supply/genymotion_fake_path/present'
E/Genymotion(  324): Could not open '/sys/class/power_supply/genymotion_fake_path/present'
E/Genymotion(  324): Could not open '/sys/class/power_supply/genymotion_fake_path/present'
E/Genymotion(  324): Could not open '/sys/class/power_supply/genymotion_fake_path/present'
E/Genymotion(  324): Could not open '/sys/class/power_supply/genymotion_fake_path/present'
E/Genymotion(  324): Could not open '/sys/class/power_supply/genymotion_fake_path/present'
E/Genymotion(  324): Could not open '/sys/class/power_supply/genymotion_fake_path/present'
E/Genymotion(  324): Could not open '/sys/class/power_supply/genymotion_fake_path/present'
E/Genymotion(  324): Could not open '/sys/class/power_supply/genymotion_fake_path/present'
E/Genymotion(  324): Could not open '/sys/class/power_supply/genymotion_fake_path/present'
E/Genymotion(  324): Could not open '/sys/class/power_supply/genymotion_fake_path/present'
E/Genymotion(  324): Could not open '/sys/class/power_supply/genymotion_fake_path/present'
E/Genymotion(  324): Could not open '/sys/class/power_supply/genymotion_fake_path/present'
E/Genymotion(  324): Could not open '/sys/class/power_supply/genymotion_fake_path/present'
D/AndroidRuntime( 1715): 
D/AndroidRuntime( 1715): >>>>>> AndroidRuntime START com.android.internal.os.RuntimeInit <<<<<<
D/AndroidRuntime( 1715): CheckJNI is OFF
D/dalvikvm( 1715): Unable to stat classpath element '/system/framework/filterfw.jar'
D/dalvikvm( 1715): Trying to load lib libjavacore.so 0x0
D/dalvikvm( 1715): Added shared lib libjavacore.so 0x0
D/dalvikvm( 1715): Trying to load lib libnativehelper.so 0x0
D/dalvikvm( 1715): Added shared lib libnativehelper.so 0x0
D/AndroidRuntime( 1715): Calling main entry com.android.commands.pm.Pm
W/ActivityManager(  324): No content provider found for permission revoke: file:///data/local/tmp/android-debug.apk
W/ActivityManager(  324): No content provider found for permission revoke: file:///data/local/tmp/android-debug.apk
D/dalvikvm(  324): GC_CONCURRENT freed 627K, 39% free 10764K/17543K, paused 11ms+2ms, total 33ms
D/dalvikvm(  324): WAIT_FOR_CONCURRENT_GC blocked 9ms
D/dalvikvm(  324): GC_CONCURRENT freed 518K, 38% free 10926K/17543K, paused 12ms+2ms, total 28ms
D/dalvikvm(  324): GC_CONCURRENT freed 626K, 38% free 10936K/17543K, paused 12ms+1ms, total 25ms
D/dalvikvm(  324): GC_CONCURRENT freed 654K, 38% free 10933K/17543K, paused 11ms+12ms, total 35ms
I/PackageManager(  324): Removing non-system package:com.ionicframework.biogam584955
I/ActivityManager(  324): Force stopping package com.ionicframework.biogam584955 uid=10048
I/ActivityManager(  324): Killing proc 1667:com.ionicframework.biogam584955/u0a48: force stop
W/ActivityManager(  324): Force removing ActivityRecord{5355ba70 com.ionicframework.biogam584955/.MainActivity}: app died, no saved state
E/JavaBinder(  324): !!! FAILED BINDER TRANSACTION !!!
I/qtaguid (  324): Failed write_ctrl(s 0 10048) res=-1 errno=1
W/NetworkManagementSocketTagger(  324): setKernelCountSet(10048, 0) failed with errno -1
I/qtaguid (  324): Failed write_ctrl(s 1 10021) res=-1 errno=1
W/NetworkManagementSocketTagger(  324): setKernelCountSet(10021, 1) failed with errno -1
I/WindowState(  324): WIN DEATH: Window{53642624 com.ionicframework.biogam584955/com.ionicframework.biogam584955.MainActivity paused=false}
E/Genymotion(  324): Could not open '/sys/class/power_supply/genymotion_fake_path/present'
I/PackageManager(  324): Package com.ionicframework.biogam584955 codePath changed from /data/app/com.ionicframework.biogam584955-2.apk to /data/app/com.ionicframework.biogam584955-1.apk; Retaining data and using new
I/PackageManager(  324): Running dexopt on: com.ionicframework.biogam584955
W/EGL_genymotion(  729): eglSurfaceAttrib not implemented
W/InputMethodManagerService(  324): Got RemoteException sending setActive(false) notification to pid 1667 uid 10048
D/dalvikvm( 1725): Unable to stat classpath element '/system/framework/filterfw.jar'
D/OpenGLRenderer(  729): TextureCache::get: create texture(0xb93ca330): name, size, mSize = 336, 72, 243196
D/OpenGLRenderer(  729): TextureCache::get: create texture(0xb939da28): name, size, mSize = 337, 144, 243340
D/OpenGLRenderer(  729): TextureCache::get: create texture(0xb950ca30): name, size, mSize = 338, 20736, 264076
D/OpenGLRenderer(  729): TextureCache::get: create texture(0xb9362f60): name, size, mSize = 339, 20736, 284812
D/OpenGLRenderer(  729): TextureCache::get: create texture(0xb9460000): name, size, mSize = 340, 20736, 305548
D/OpenGLRenderer(  729): TextureCache::get: create texture(0xb950cd38): name, size, mSize = 341, 20736, 326284
D/dalvikvm(  729): GC_CONCURRENT freed 526K, 45% free 11108K/19847K, paused 12ms+11ms, total 34ms
D/dalvikvm(  729): WAIT_FOR_CONCURRENT_GC blocked 2ms
D/OpenGLRenderer(  729): TextureCache::get: create texture(0xb950cdc8): name, size, mSize = 342, 20736, 347020
D/dalvikvm( 1725): DexOpt: load 8ms, verify+opt 68ms, 548196 bytes
D/OpenGLRenderer(  729): TextureCache::get: create texture(0xb93c7020): name, size, mSize = 343, 20736, 367756
D/OpenGLRenderer(  729): TextureCache::get: create texture(0xb9511488): name, size, mSize = 344, 20736, 388492
D/OpenGLRenderer(  729): TextureCache::get: create texture(0xb9511990): name, size, mSize = 345, 20736, 409228
D/OpenGLRenderer(  729): TextureCache::get: create texture(0xb94a2890): name, size, mSize = 346, 20736, 429964
I/ActivityManager(  324): Force stopping package com.ionicframework.biogam584955 uid=10048
W/PackageManager(  324): Code path for pkg : com.ionicframework.biogam584955 changing from /data/app/com.ionicframework.biogam584955-2.apk to /data/app/com.ionicframework.biogam584955-1.apk
W/PackageManager(  324): Resource path for pkg : com.ionicframework.biogam584955 changing from /data/app/com.ionicframework.biogam584955-2.apk to /data/app/com.ionicframework.biogam584955-1.apk
D/dalvikvm(  729): GC_CONCURRENT freed 139K, 40% free 11964K/19847K, paused 11ms+2ms, total 21ms
D/PackageManager(  324): New package installed in /data/app/com.ionicframework.biogam584955-1.apk
D/dalvikvm(  324): GC_CONCURRENT freed 836K, 39% free 10752K/17543K, paused 1ms+2ms, total 20ms
D/dalvikvm(  712): WAIT_FOR_CONCURRENT_GC blocked 0ms
I/ActivityManager(  324): Force stopping package com.ionicframework.biogam584955 uid=10048
D/dalvikvm(  712): GC_EXPLICIT freed 135K, 6% free 8330K/8839K, paused 1ms+1ms, total 8ms
D/dalvikvm(  729): GC_CONCURRENT freed 1485K, 41% free 11717K/19847K, paused 13ms+2ms, total 22ms
D/dalvikvm(  729): WAIT_FOR_CONCURRENT_GC blocked 0ms
D/dalvikvm(  729): GC_EXPLICIT freed 195K, 41% free 11824K/19847K, paused 1ms+2ms, total 22ms
D/dalvikvm(  324): WAIT_FOR_CONCURRENT_GC blocked 0ms
D/dalvikvm(  729): GC_FOR_ALLOC freed 539K, 39% free 12289K/19847K, paused 9ms, total 9ms
I/InputReader(  324): Reconfiguring input devices.  changes=0x00000010
I/InputReader(  324): Reconfiguring input devices.  changes=0x00000010
D/dalvikvm(  729): GC_CONCURRENT freed 614K, 34% free 13135K/19847K, paused 19ms+13ms, total 69ms
D/dalvikvm(  729): WAIT_FOR_CONCURRENT_GC blocked 30ms
D/dalvikvm(  324): GC_EXPLICIT freed 493K, 41% free 10466K/17543K, paused 12ms+39ms, total 116ms
D/PackageManager(  324): generateServicesMap(android.accounts.AccountAuthenticator): 2 services unchanged
D/dalvikvm(  324): WAIT_FOR_CONCURRENT_GC blocked 0ms
D/PackageManager(  324): generateServicesMap(android.content.SyncAdapter): 4 services unchanged
D/PackageManager(  324): generateServicesMap(android.accounts.AccountAuthenticator): 2 services unchanged
D/PackageManager(  324): generateServicesMap(android.content.SyncAdapter): 4 services unchanged
D/BackupManagerService(  324): Received broadcast Intent { act=android.intent.action.PACKAGE_REMOVED dat=package:com.ionicframework.biogam584955 flg=0x8000010 (has extras) }
D/BackupManagerService(  324): Received broadcast Intent { act=android.intent.action.PACKAGE_ADDED dat=package:com.ionicframework.biogam584955 flg=0x8000010 (has extras) }
V/BackupManagerService(  324): removePackageParticipantsLocked: uid=10048 #1
V/BackupManagerService(  324): addPackageParticipantsLocked: #1
W/ResourceType(  324): Failure getting entry for 0x7f060000 (t=5 e=0) in package 0 (error -75)
W/ResourceType(  324): Failure getting entry for 0x7f060000 (t=5 e=0) in package 0 (error -75)
W/InputMethodManagerService(  324): Found no subtypes in a system IME: com.android.inputmethod.pinyin
D/OpenGLRenderer(  729): TextureCache::get: create texture(0xb942fe90): name, size, mSize = 351, 20736, 450700
W/RecognitionManagerService(  324): no available voice recognition services found
D/dalvikvm(  729): GC_FOR_ALLOC freed 3193K, 45% free 11080K/19847K, paused 15ms, total 20ms
D/dalvikvm(  324): GC_EXPLICIT freed 405K, 41% free 10491K/17543K, paused 1ms+3ms, total 195ms
D/AndroidRuntime( 1715): Shutting down VM
D/dalvikvm( 1715): GC_CONCURRENT freed 96K, 90% free 445K/4096K, paused 0ms+0ms, total 1ms
D/dalvikvm(  729): GC_CONCURRENT freed 123K, 40% free 12011K/19847K, paused 12ms+14ms, total 43ms
D/dalvikvm(  729): WAIT_FOR_CONCURRENT_GC blocked 19ms
I/AndroidRuntime( 1715): NOTE: attach of thread 'Binder_3' failed
D/dalvikvm(  729): GC_CONCURRENT freed 1620K, 41% free 11745K/19847K, paused 11ms+2ms, total 19ms
D/dalvikvm(  729): GC_FOR_ALLOC freed 283K, 40% free 12008K/19847K, paused 7ms, total 7ms
D/dalvikvm(  729): GC_CONCURRENT freed 36K, 34% free 13258K/19847K, paused 11ms+11ms, total 27ms
D/dalvikvm(  729): WAIT_FOR_CONCURRENT_GC blocked 7ms
D/OpenGLRenderer(  729): TextureCache::callback: name, removed size, mSize = 339, 20736, 429964
D/AndroidRuntime( 1734): 
D/AndroidRuntime( 1734): >>>>>> AndroidRuntime START com.android.internal.os.RuntimeInit <<<<<<
D/AndroidRuntime( 1734): CheckJNI is OFF
D/dalvikvm( 1734): Unable to stat classpath element '/system/framework/filterfw.jar'
D/dalvikvm( 1734): Trying to load lib libjavacore.so 0x0
D/dalvikvm( 1734): Added shared lib libjavacore.so 0x0
D/dalvikvm( 1734): Trying to load lib libnativehelper.so 0x0
D/dalvikvm( 1734): Added shared lib libnativehelper.so 0x0
D/AndroidRuntime( 1734): Calling main entry com.android.commands.input.Input
I/Input   ( 1734): InjectKeyEvent: KeyEvent { action=ACTION_DOWN, keyCode=KEYCODE_MENU, scanCode=0, metaState=0, flags=0x0, repeatCount=0, eventTime=2477493, downTime=2477493, deviceId=-1, source=0x101 }
I/Input   ( 1734): InjectKeyEvent: KeyEvent { action=ACTION_UP, keyCode=KEYCODE_MENU, scanCode=0, metaState=0, flags=0x0, repeatCount=0, eventTime=2477493, downTime=2477493, deviceId=-1, source=0x101 }
D/AndroidRuntime( 1734): Shutting down VM
D/dalvikvm( 1734): GC_CONCURRENT freed 98K, 90% free 440K/4096K, paused 0ms+0ms, total 1ms
I/AndroidRuntime( 1734): NOTE: attach of thread 'Binder_1' failed
W/EGL_genymotion(  729): eglSurfaceAttrib not implemented
D/AndroidRuntime( 1745): 
D/AndroidRuntime( 1745): >>>>>> AndroidRuntime START com.android.internal.os.RuntimeInit <<<<<<
D/AndroidRuntime( 1745): CheckJNI is OFF
D/dalvikvm( 1745): Unable to stat classpath element '/system/framework/filterfw.jar'
D/dalvikvm( 1745): Trying to load lib libjavacore.so 0x0
D/dalvikvm( 1745): Added shared lib libjavacore.so 0x0
D/dalvikvm( 1745): Trying to load lib libnativehelper.so 0x0
D/dalvikvm( 1745): Added shared lib libnativehelper.so 0x0
D/AndroidRuntime( 1745): Calling main entry com.android.commands.am.Am
I/ActivityManager(  324): START {act=android.intent.action.MAIN flg=0x10000000 cmp=com.ionicframework.biogam584955/.MainActivity u=0} from pid 1745
E/SocketStream(  125): readFully was waiting for 403440 bytes, got 14480 
E/SocketStream(  125): readFully was waiting for 388960 bytes, got 16192 
E/SocketStream(  125): readFully was waiting for 372768 bytes, got 16192 
E/SocketStream(  125): readFully was waiting for 356576 bytes, got 16192 
E/SocketStream(  125): readFully was waiting for 340384 bytes, got 16192 
E/SocketStream(  125): readFully was waiting for 324192 bytes, got 16192 
E/SocketStream(  125): readFully was waiting for 308000 bytes, got 16192 
E/SocketStream(  125): readFully was waiting for 291808 bytes, got 16192 
E/SocketStream(  125): readFully was waiting for 275616 bytes, got 2496 
E/SocketStream(  125): readFully was waiting for 273120 bytes, got 16192 
E/SocketStream(  125): readFully was waiting for 256928 bytes, got 16192 
E/SocketStream(  125): readFully was waiting for 240736 bytes, got 16192 
E/SocketStream(  125): readFully was waiting for 224544 bytes, got 16192 
E/SocketStream(  125): readFully was waiting for 208352 bytes, got 16192 
E/SocketStream(  125): readFully was waiting for 192160 bytes, got 16192 
E/SocketStream(  125): readFully was waiting for 175968 bytes, got 16192 
E/SocketStream(  125): readFully was waiting for 159776 bytes, got 16192 
E/SocketStream(  125): readFully was waiting for 143584 bytes, got 15264 
E/SocketStream(  125): readFully was waiting for 128320 bytes, got 16192 
E/SocketStream(  125): readFully was waiting for 112128 bytes, got 16192 
E/SocketStream(  125): readFully was waiting for 95936 bytes, got 16192 
E/SocketStream(  125): readFully was waiting for 79744 bytes, got 16192 
E/SocketStream(  125): readFully was waiting for 63552 bytes, got 16192 
E/SocketStream(  125): readFully was waiting for 47360 bytes, got 16192 
E/SocketStream(  125): readFully was waiting for 31168 bytes, got 16192 
D/dalvikvm( 1754): Late-enabling CheckJNI
I/ActivityManager(  324): Start proc com.ionicframework.biogam584955 for activity com.ionicframework.biogam584955/.MainActivity: pid=1754 uid=10048 gids={3003, 1015, 1028}
I/qtaguid (  324): Failed write_ctrl(s 1 10048) res=-1 errno=1
W/NetworkManagementSocketTagger(  324): setKernelCountSet(10048, 1) failed with errno -1
D/OpenGLRenderer(  729): TextureCache::flush: target size: 257978
D/OpenGLRenderer(  729): TextureCache::callback: name, removed size, mSize = 336, 72, 429892
D/OpenGLRenderer(  729): TextureCache::callback: name, removed size, mSize = 337, 144, 429748
D/OpenGLRenderer(  729): TextureCache::callback: name, removed size, mSize = 338, 20736, 409012
D/OpenGLRenderer(  729): TextureCache::callback: name, removed size, mSize = 351, 20736, 388276
D/OpenGLRenderer(  729): TextureCache::callback: name, removed size, mSize = 340, 20736, 367540
D/OpenGLRenderer(  729): TextureCache::callback: name, removed size, mSize = 341, 20736, 346804
D/OpenGLRenderer(  729): TextureCache::callback: name, removed size, mSize = 342, 20736, 326068
D/OpenGLRenderer(  729): TextureCache::callback: name, removed size, mSize = 343, 20736, 305332
D/OpenGLRenderer(  729): TextureCache::callback: name, removed size, mSize = 344, 20736, 284596
D/OpenGLRenderer(  729): TextureCache::callback: name, removed size, mSize = 345, 20736, 263860
D/OpenGLRenderer(  729): TextureCache::callback: name, removed size, mSize = 346, 20736, 243124
I/dalvikvm( 1754): Could not find method android.webkit.WebView.setWebContentsDebuggingEnabled, referenced from method org.apache.cordova.engine.SystemWebViewEngine.enableRemoteDebugging
W/dalvikvm( 1754): VFY: unable to resolve static method 273: Landroid/webkit/WebView;.setWebContentsDebuggingEnabled (Z)V
D/dalvikvm( 1754): VFY: replacing opcode 0x71 at 0x0001
I/dalvikvm( 1754): Could not find method android.webkit.WebSettings.setMediaPlaybackRequiresUserGesture, referenced from method org.apache.cordova.engine.SystemWebViewEngine.initWebViewSettings
W/dalvikvm( 1754): VFY: unable to resolve virtual method 261: Landroid/webkit/WebSettings;.setMediaPlaybackRequiresUserGesture (Z)V
D/dalvikvm( 1754): VFY: replacing opcode 0x6e at 0x0080
I/dalvikvm( 1754): Could not find method android.webkit.CookieManager.setAcceptThirdPartyCookies, referenced from method org.apache.cordova.engine.SystemCookieManager.<init>
W/dalvikvm( 1754): VFY: unable to resolve virtual method 225: Landroid/webkit/CookieManager;.setAcceptThirdPartyCookies (Landroid/webkit/WebView;Z)V
D/dalvikvm( 1754): VFY: replacing opcode 0x6e at 0x0016
I/dalvikvm( 1754): Could not find method android.webkit.CookieManager.flush, referenced from method org.apache.cordova.engine.SystemCookieManager.flush
W/dalvikvm( 1754): VFY: unable to resolve virtual method 220: Landroid/webkit/CookieManager;.flush ()V
D/dalvikvm( 1754): VFY: replacing opcode 0x6e at 0x0008
W/dalvikvm( 1754): VFY: unable to find class referenced in signature (Landroid/webkit/ClientCertRequest;)
W/dalvikvm( 1754): VFY: unable to find class referenced in signature (Landroid/webkit/ClientCertRequest;)
I/dalvikvm( 1754): Could not find method android.webkit.WebViewClient.onReceivedClientCertRequest, referenced from method org.apache.cordova.engine.SystemWebViewClient.onReceivedClientCertRequest
W/dalvikvm( 1754): VFY: unable to resolve virtual method 278: Landroid/webkit/WebViewClient;.onReceivedClientCertRequest (Landroid/webkit/WebView;Landroid/webkit/ClientCertRequest;)V
D/dalvikvm( 1754): VFY: replacing opcode 0x6f at 0x001a
W/dalvikvm( 1754): VFY: unable to find class referenced in signature (Landroid/webkit/PermissionRequest;)
I/dalvikvm( 1754): Could not find method android.webkit.PermissionRequest.getResources, referenced from method org.apache.cordova.engine.SystemWebChromeClient.onPermissionRequest
W/dalvikvm( 1754): VFY: unable to resolve virtual method 236: Landroid/webkit/PermissionRequest;.getResources ()[Ljava/lang/String;
D/dalvikvm( 1754): VFY: replacing opcode 0x6e at 0x000d
I/dalvikvm( 1754): Could not find method android.webkit.WebChromeClient$FileChooserParams.createIntent, referenced from method org.apache.cordova.engine.SystemWebChromeClient.onShowFileChooser
W/dalvikvm( 1754): VFY: unable to resolve virtual method 241: Landroid/webkit/WebChromeClient$FileChooserParams;.createIntent ()Landroid/content/Intent;
D/dalvikvm( 1754): VFY: replacing opcode 0x6e at 0x0000
D/SystemWebViewEngine( 1754): CordovaWebView is running on device made by: Genymotion
I/SystemWebViewEngine( 1754): Disabled addJavascriptInterface() bridge since Android version is old.
V/StatusBar( 1754): StatusBar: initialization
D/dalvikvm(  324): WAIT_FOR_CONCURRENT_GC blocked 0ms
D/dalvikvm(  324): GC_EXPLICIT freed 154K, 39% free 10708K/17543K, paused 1ms+1ms, total 23ms
D/dalvikvm( 1754): GC_CONCURRENT freed 134K, 3% free 8225K/8455K, paused 11ms+1ms, total 17ms
D/libEGL  ( 1754): loaded /system/lib/egl/libEGL_genymotion.so
D/        ( 1754): HostConnection::get() New Host Connection established 0xb9452328, tid 1754
D/libEGL  ( 1754): loaded /system/lib/egl/libGLESv1_CM_genymotion.so
D/libEGL  ( 1754): loaded /system/lib/egl/libGLESv2_genymotion.so
W/EGL_genymotion( 1754): eglSurfaceAttrib not implemented
D/OpenGLRenderer( 1754): Enabling debug mode 0
I/ActivityManager(  324): Displayed com.ionicframework.biogam584955/.MainActivity: +308ms
D/AndroidRuntime( 1745): Shutting down VM
D/dalvikvm( 1745): GC_CONCURRENT freed 98K, 89% free 478K/4096K, paused 0ms+0ms, total 1ms
I/AndroidRuntime( 1745): NOTE: attach of thread 'Binder_3' failed
I/qtaguid (  324): Failed write_ctrl(s 0 10021) res=-1 errno=1
W/NetworkManagementSocketTagger(  324): setKernelCountSet(10021, 0) failed with errno -1
D/JsMessageQueue( 1754): Set native->JS mode to OnlineEventsBridgeMode
D/dalvikvm( 1754): GC_FOR_ALLOC freed 462K, 8% free 8139K/8775K, paused 5ms, total 5ms
V/StatusBar( 1754): Executing action: _ready
D/TilesManager( 1754): new EGLContext from framework: b963d600 
D/GLWebViewState( 1754): Reinit shader
D/GLWebViewState( 1754): Reinit transferQueue
V/StatusBar( 1754): Executing action: styleDefault
E/Genymotion(  324): Could not open '/sys/class/power_supply/genymotion_fake_path/present'
E/Genymotion(  324): Could not open '/sys/class/power_supply/genymotion_fake_path/present'
E/Genymotion(  324): Could not open '/sys/class/power_supply/genymotion_fake_path/present'
E/Genymotion(  324): Could not open '/sys/class/power_supply/genymotion_fake_path/present'
E/Genymotion(  324): Could not open '/sys/class/power_supply/genymotion_fake_path/present'
E/Genymotion(  324): Could not open '/sys/class/power_supply/genymotion_fake_path/present'
E/Genymotion(  324): Could not open '/sys/class/power_supply/genymotion_fake_path/present'
E/Genymotion(  324): Could not open '/sys/class/power_supply/genymotion_fake_path/present'
W/ThrottleService(  324): unable to find stats for iface rmnet0
E/Genymotion(  324): Could not open '/sys/class/power_supply/genymotion_fake_path/present'
E/Genymotion(  324): Could not open '/sys/class/power_supply/genymotion_fake_path/present'
E/Genymotion(  324): Could not open '/sys/class/power_supply/genymotion_fake_path/present'
E/Genymotion(  324): Could not open '/sys/class/power_supply/genymotion_fake_path/present'
E/Genymotion(  324): Could not open '/sys/class/power_supply/genymotion_fake_path/present'
E/Genymotion(  324): Could not open '/sys/class/power_supply/genymotion_fake_path/present'
E/Genymotion(  324): Could not open '/sys/class/power_supply/genymotion_fake_path/present'
E/Genymotion(  324): Could not open '/sys/class/power_supply/genymotion_fake_path/present'
E/Genymotion(  324): Could not open '/sys/class/power_supply/genymotion_fake_path/present'
E/Genymotion(  324): Could not open '/sys/class/power_supply/genymotion_fake_path/present'
E/Genymotion(  324): Could not open '/sys/class/power_supply/genymotion_fake_path/present'
E/Genymotion(  324): Could not open '/sys/class/power_supply/genymotion_fake_path/present'
E/Genymotion(  324): Could not open '/sys/class/power_supply/genymotion_fake_path/present'
E/Genymotion(  324): Could not open '/sys/class/power_supply/genymotion_fake_path/present'
E/Genymotion(  324): Could not open '/sys/class/power_supply/genymotion_fake_path/present'
E/Genymotion(  324): Could not open '/sys/class/power_supply/genymotion_fake_path/present'
E/Genymotion(  324): Could not open '/sys/class/power_supply/genymotion_fake_path/present'
E/Genymotion(  324): Could not open '/sys/class/power_supply/genymotion_fake_path/present'
E/Genymotion(  324): Could not open '/sys/class/power_supply/genymotion_fake_path/present'
E/Genymotion(  324): Could not open '/sys/class/power_supply/genymotion_fake_path/present'
E/Genymotion(  324): Could not open '/sys/class/power_supply/genymotion_fake_path/present'
E/Genymotion(  324): Could not open '/sys/class/power_supply/genymotion_fake_path/present'
E/Genymotion(  324): Could not open '/sys/class/power_supply/genymotion_fake_path/present'
D/AndroidRuntime( 1795): 
D/AndroidRuntime( 1795): >>>>>> AndroidRuntime START com.android.internal.os.RuntimeInit <<<<<<
D/AndroidRuntime( 1795): CheckJNI is OFF
D/dalvikvm( 1795): Unable to stat classpath element '/system/framework/filterfw.jar'
D/dalvikvm( 1795): Trying to load lib libjavacore.so 0x0
D/dalvikvm( 1795): Added shared lib libjavacore.so 0x0
D/dalvikvm( 1795): Trying to load lib libnativehelper.so 0x0
D/dalvikvm( 1795): Added shared lib libnativehelper.so 0x0
D/AndroidRuntime( 1795): Calling main entry com.android.commands.pm.Pm
W/ActivityManager(  324): No content provider found for permission revoke: file:///data/local/tmp/android-debug.apk
W/ActivityManager(  324): No content provider found for permission revoke: file:///data/local/tmp/android-debug.apk
D/dalvikvm(  324): GC_CONCURRENT freed 515K, 39% free 10766K/17543K, paused 11ms+1ms, total 19ms
D/dalvikvm(  324): GC_CONCURRENT freed 509K, 38% free 10933K/17543K, paused 11ms+12ms, total 39ms
D/dalvikvm(  324): GC_CONCURRENT freed 634K, 38% free 10937K/17543K, paused 11ms+1ms, total 28ms
D/dalvikvm(  324): GC_CONCURRENT freed 685K, 38% free 10943K/17543K, paused 12ms+1ms, total 28ms
I/PackageManager(  324): Removing non-system package:com.ionicframework.biogam584955
I/ActivityManager(  324): Force stopping package com.ionicframework.biogam584955 uid=10048
I/ActivityManager(  324): Killing proc 1754:com.ionicframework.biogam584955/u0a48: force stop
W/ActivityManager(  324): Force removing ActivityRecord{5355ba70 com.ionicframework.biogam584955/.MainActivity}: app died, no saved state
E/JavaBinder(  324): !!! FAILED BINDER TRANSACTION !!!
I/qtaguid (  324): Failed write_ctrl(s 0 10048) res=-1 errno=1
W/NetworkManagementSocketTagger(  324): setKernelCountSet(10048, 0) failed with errno -1
I/qtaguid (  324): Failed write_ctrl(s 1 10021) res=-1 errno=1
W/NetworkManagementSocketTagger(  324): setKernelCountSet(10021, 1) failed with errno -1
I/WindowState(  324): WIN DEATH: Window{5355c7e8 com.ionicframework.biogam584955/com.ionicframework.biogam584955.MainActivity paused=false}
I/PackageManager(  324): Running dexopt on: com.ionicframework.biogam584955
I/PackageManager(  324): Package com.ionicframework.biogam584955 codePath changed from /data/app/com.ionicframework.biogam584955-1.apk to /data/app/com.ionicframework.biogam584955-2.apk; Retaining data and using new
D/dalvikvm( 1806): Unable to stat classpath element '/system/framework/filterfw.jar'
D/dalvikvm(  729): GC_CONCURRENT freed 4171K, 46% free 10774K/19847K, paused 11ms+18ms, total 60ms
W/EGL_genymotion(  729): eglSurfaceAttrib not implemented
W/InputMethodManagerService(  324): Got RemoteException sending setActive(false) notification to pid 1754 uid 10048
D/OpenGLRenderer(  729): TextureCache::get: create texture(0xb93ca330): name, size, mSize = 365, 72, 243196
D/OpenGLRenderer(  729): TextureCache::get: create texture(0xb939da28): name, size, mSize = 366, 144, 243340
D/OpenGLRenderer(  729): TextureCache::get: create texture(0xb950ca30): name, size, mSize = 367, 20736, 264076
D/OpenGLRenderer(  729): TextureCache::get: create texture(0xb942fe90): name, size, mSize = 368, 20736, 284812
D/OpenGLRenderer(  729): TextureCache::get: create texture(0xb9460000): name, size, mSize = 369, 20736, 305548
D/OpenGLRenderer(  729): TextureCache::get: create texture(0xb950cd38): name, size, mSize = 370, 20736, 326284
D/OpenGLRenderer(  729): TextureCache::get: create texture(0xb950cdc8): name, size, mSize = 371, 20736, 347020
D/OpenGLRenderer(  729): TextureCache::get: create texture(0xb93c7020): name, size, mSize = 372, 20736, 367756
D/OpenGLRenderer(  729): TextureCache::get: create texture(0xb9511488): name, size, mSize = 373, 20736, 388492
D/OpenGLRenderer(  729): TextureCache::get: create texture(0xb9511990): name, size, mSize = 374, 20736, 409228
D/OpenGLRenderer(  729): TextureCache::get: create texture(0xb94a2890): name, size, mSize = 375, 20736, 429964
D/dalvikvm( 1806): DexOpt: load 34ms, verify+opt 115ms, 548196 bytes
D/dalvikvm(  729): GC_FOR_ALLOC freed 541K, 45% free 11007K/19847K, paused 37ms, total 37ms
I/ActivityManager(  324): Force stopping package com.ionicframework.biogam584955 uid=10048
W/PackageManager(  324): Code path for pkg : com.ionicframework.biogam584955 changing from /data/app/com.ionicframework.biogam584955-1.apk to /data/app/com.ionicframework.biogam584955-2.apk
W/PackageManager(  324): Resource path for pkg : com.ionicframework.biogam584955 changing from /data/app/com.ionicframework.biogam584955-1.apk to /data/app/com.ionicframework.biogam584955-2.apk
D/PackageManager(  324): New package installed in /data/app/com.ionicframework.biogam584955-2.apk
D/dalvikvm(  729): GC_CONCURRENT freed 39K, 40% free 11964K/19847K, paused 11ms+2ms, total 24ms
D/dalvikvm(  324): GC_CONCURRENT freed 880K, 39% free 10746K/17543K, paused 11ms+12ms, total 46ms
I/ActivityManager(  324): Force stopping package com.ionicframework.biogam584955 uid=10048
D/dalvikvm(  729): WAIT_FOR_CONCURRENT_GC blocked 0ms
D/dalvikvm(  712): WAIT_FOR_CONCURRENT_GC blocked 0ms
D/dalvikvm(  729): GC_EXPLICIT freed 1311K, 42% free 11668K/19847K, paused 1ms+3ms, total 23ms
D/dalvikvm(  712): GC_EXPLICIT freed 135K, 6% free 8330K/8839K, paused 0ms+7ms, total 23ms
D/dalvikvm(  324): WAIT_FOR_CONCURRENT_GC blocked 0ms
I/InputReader(  324): Reconfiguring input devices.  changes=0x00000010
I/InputReader(  324): Reconfiguring input devices.  changes=0x00000010
D/dalvikvm(  729): GC_FOR_ALLOC freed 409K, 42% free 11566K/19847K, paused 60ms, total 60ms
I/dalvikvm-heap(  729): Grow heap (frag case) to 12.553MB for 1286220-byte allocation
D/dalvikvm(  324): GC_EXPLICIT freed 524K, 41% free 10469K/17543K, paused 12ms+14ms, total 88ms
D/dalvikvm(  324): WAIT_FOR_CONCURRENT_GC blocked 20ms
D/dalvikvm(  729): GC_FOR_ALLOC freed 3K, 36% free 12818K/19847K, paused 25ms, total 25ms
D/PackageManager(  324): generateServicesMap(android.accounts.AccountAuthenticator): 2 services unchanged
D/PackageManager(  324): generateServicesMap(android.content.SyncAdapter): 4 services unchanged
D/PackageManager(  324): generateServicesMap(android.accounts.AccountAuthenticator): 2 services unchanged
D/PackageManager(  324): generateServicesMap(android.content.SyncAdapter): 4 services unchanged
D/BackupManagerService(  324): Received broadcast Intent { act=android.intent.action.PACKAGE_REMOVED dat=package:com.ionicframework.biogam584955 flg=0x8000010 (has extras) }
D/BackupManagerService(  324): Received broadcast Intent { act=android.intent.action.PACKAGE_ADDED dat=package:com.ionicframework.biogam584955 flg=0x8000010 (has extras) }
V/BackupManagerService(  324): removePackageParticipantsLocked: uid=10048 #1
V/BackupManagerService(  324): addPackageParticipantsLocked: #1
D/dalvikvm(  729): GC_CONCURRENT freed 24K, 32% free 13506K/19847K, paused 11ms+35ms, total 57ms
W/ResourceType(  324): Failure getting entry for 0x7f060000 (t=5 e=0) in package 0 (error -75)
W/ResourceType(  324): Failure getting entry for 0x7f060000 (t=5 e=0) in package 0 (error -75)
W/InputMethodManagerService(  324): Found no subtypes in a system IME: com.android.inputmethod.pinyin
W/RecognitionManagerService(  324): no available voice recognition services found
D/dalvikvm(  729): GC_FOR_ALLOC freed 3493K, 45% free 11073K/19847K, paused 3ms, total 5ms
D/OpenGLRenderer(  729): TextureCache::get: create texture(0xb939dbc0): name, size, mSize = 379, 20736, 450700
D/dalvikvm(  324): GC_EXPLICIT freed 383K, 41% free 10483K/17543K, paused 46ms+2ms, total 188ms
D/AndroidRuntime( 1795): Shutting down VM
D/dalvikvm( 1795): GC_CONCURRENT freed 96K, 90% free 445K/4096K, paused 0ms+0ms, total 1ms
I/AndroidRuntime( 1795): NOTE: attach of thread 'Binder_3' failed
D/dalvikvm(  729): GC_CONCURRENT freed 120K, 40% free 11956K/19847K, paused 11ms+1ms, total 15ms
D/OpenGLRenderer(  729): TextureCache::callback: name, removed size, mSize = 368, 20736, 429964
D/dalvikvm(  729): GC_CONCURRENT freed 1599K, 42% free 11696K/19847K, paused 11ms+12ms, total 29ms
D/dalvikvm(  729): WAIT_FOR_CONCURRENT_GC blocked 6ms
D/dalvikvm(  729): WAIT_FOR_CONCURRENT_GC blocked 13ms
D/dalvikvm(  729): GC_CONCURRENT freed 611K, 38% free 12317K/19847K, paused 12ms+9ms, total 27ms
D/dalvikvm(  729): WAIT_FOR_CONCURRENT_GC blocked 2ms
D/dalvikvm(  729): GC_CONCURRENT freed 626K, 34% free 13145K/19847K, paused 1ms+2ms, total 20ms
D/AndroidRuntime( 1815): 
D/AndroidRuntime( 1815): >>>>>> AndroidRuntime START com.android.internal.os.RuntimeInit <<<<<<
D/AndroidRuntime( 1815): CheckJNI is OFF
D/dalvikvm( 1815): Unable to stat classpath element '/system/framework/filterfw.jar'
D/dalvikvm( 1815): Trying to load lib libjavacore.so 0x0
D/dalvikvm( 1815): Added shared lib libjavacore.so 0x0
D/dalvikvm( 1815): Trying to load lib libnativehelper.so 0x0
D/dalvikvm( 1815): Added shared lib libnativehelper.so 0x0
D/AndroidRuntime( 1815): Calling main entry com.android.commands.input.Input
I/Input   ( 1815): InjectKeyEvent: KeyEvent { action=ACTION_DOWN, keyCode=KEYCODE_MENU, scanCode=0, metaState=0, flags=0x0, repeatCount=0, eventTime=2633180, downTime=2633180, deviceId=-1, source=0x101 }
I/Input   ( 1815): InjectKeyEvent: KeyEvent { action=ACTION_UP, keyCode=KEYCODE_MENU, scanCode=0, metaState=0, flags=0x0, repeatCount=0, eventTime=2633180, downTime=2633180, deviceId=-1, source=0x101 }
D/AndroidRuntime( 1815): Shutting down VM
D/dalvikvm( 1815): GC_CONCURRENT freed 98K, 90% free 440K/4096K, paused 0ms+0ms, total 6ms
I/AndroidRuntime( 1815): NOTE: attach of thread 'Binder_1' failed
W/EGL_genymotion(  729): eglSurfaceAttrib not implemented
D/AndroidRuntime( 1826): 
D/AndroidRuntime( 1826): >>>>>> AndroidRuntime START com.android.internal.os.RuntimeInit <<<<<<
D/AndroidRuntime( 1826): CheckJNI is OFF
D/dalvikvm( 1826): Unable to stat classpath element '/system/framework/filterfw.jar'
D/dalvikvm( 1826): Trying to load lib libjavacore.so 0x0
D/dalvikvm( 1826): Added shared lib libjavacore.so 0x0
D/dalvikvm( 1826): Trying to load lib libnativehelper.so 0x0
D/dalvikvm( 1826): Added shared lib libnativehelper.so 0x0
D/AndroidRuntime( 1826): Calling main entry com.android.commands.am.Am
I/ActivityManager(  324): START {act=android.intent.action.MAIN flg=0x10000000 cmp=com.ionicframework.biogam584955/.MainActivity u=0} from pid 1826
E/SocketStream(  125): readFully was waiting for 403440 bytes, got 14480 
E/SocketStream(  125): readFully was waiting for 388960 bytes, got 16192 
E/SocketStream(  125): readFully was waiting for 372768 bytes, got 12768 
E/SocketStream(  125): readFully was waiting for 360000 bytes, got 16192 
E/SocketStream(  125): readFully was waiting for 343808 bytes, got 16192 
E/SocketStream(  125): readFully was waiting for 327616 bytes, got 16192 
E/SocketStream(  125): readFully was waiting for 311424 bytes, got 9344 
E/SocketStream(  125): readFully was waiting for 302080 bytes, got 16192 
E/SocketStream(  125): readFully was waiting for 285888 bytes, got 16192 
E/SocketStream(  125): readFully was waiting for 269696 bytes, got 16192 
E/SocketStream(  125): readFully was waiting for 253504 bytes, got 16192 
E/SocketStream(  125): readFully was waiting for 237312 bytes, got 16192 
E/SocketStream(  125): readFully was waiting for 221120 bytes, got 16192 
E/SocketStream(  125): readFully was waiting for 204928 bytes, got 16192 
E/SocketStream(  125): readFully was waiting for 188736 bytes, got 16192 
E/SocketStream(  125): readFully was waiting for 172544 bytes, got 16192 
E/SocketStream(  125): readFully was waiting for 156352 bytes, got 16192 
E/SocketStream(  125): readFully was waiting for 140160 bytes, got 16192 
E/SocketStream(  125): readFully was waiting for 123968 bytes, got 16192 
E/SocketStream(  125): readFully was waiting for 107776 bytes, got 8416 
E/SocketStream(  125): readFully was waiting for 99360 bytes, got 16192 
E/SocketStream(  125): readFully was waiting for 83168 bytes, got 16192 
E/SocketStream(  125): readFully was waiting for 66976 bytes, got 16192 
E/SocketStream(  125): readFully was waiting for 50784 bytes, got 16192 
E/SocketStream(  125): readFully was waiting for 34592 bytes, got 16192 
E/SocketStream(  125): readFully was waiting for 18400 bytes, got 16192 
D/dalvikvm( 1835): Late-enabling CheckJNI
I/ActivityManager(  324): Start proc com.ionicframework.biogam584955 for activity com.ionicframework.biogam584955/.MainActivity: pid=1835 uid=10048 gids={3003, 1015, 1028}
I/qtaguid (  324): Failed write_ctrl(s 1 10048) res=-1 errno=1
W/NetworkManagementSocketTagger(  324): setKernelCountSet(10048, 1) failed with errno -1
D/OpenGLRenderer(  729): TextureCache::flush: target size: 257978
D/OpenGLRenderer(  729): TextureCache::callback: name, removed size, mSize = 365, 72, 429892
D/OpenGLRenderer(  729): TextureCache::callback: name, removed size, mSize = 366, 144, 429748
D/OpenGLRenderer(  729): TextureCache::callback: name, removed size, mSize = 367, 20736, 409012
D/OpenGLRenderer(  729): TextureCache::callback: name, removed size, mSize = 379, 20736, 388276
D/OpenGLRenderer(  729): TextureCache::callback: name, removed size, mSize = 369, 20736, 367540
D/OpenGLRenderer(  729): TextureCache::callback: name, removed size, mSize = 370, 20736, 346804
D/OpenGLRenderer(  729): TextureCache::callback: name, removed size, mSize = 371, 20736, 326068
D/OpenGLRenderer(  729): TextureCache::callback: name, removed size, mSize = 372, 20736, 305332
D/OpenGLRenderer(  729): TextureCache::callback: name, removed size, mSize = 373, 20736, 284596
D/OpenGLRenderer(  729): TextureCache::callback: name, removed size, mSize = 374, 20736, 263860
D/OpenGLRenderer(  729): TextureCache::callback: name, removed size, mSize = 375, 20736, 243124
I/dalvikvm( 1835): Could not find method android.webkit.WebView.setWebContentsDebuggingEnabled, referenced from method org.apache.cordova.engine.SystemWebViewEngine.enableRemoteDebugging
W/dalvikvm( 1835): VFY: unable to resolve static method 273: Landroid/webkit/WebView;.setWebContentsDebuggingEnabled (Z)V
D/dalvikvm( 1835): VFY: replacing opcode 0x71 at 0x0001
I/dalvikvm( 1835): Could not find method android.webkit.WebSettings.setMediaPlaybackRequiresUserGesture, referenced from method org.apache.cordova.engine.SystemWebViewEngine.initWebViewSettings
W/dalvikvm( 1835): VFY: unable to resolve virtual method 261: Landroid/webkit/WebSettings;.setMediaPlaybackRequiresUserGesture (Z)V
D/dalvikvm( 1835): VFY: replacing opcode 0x6e at 0x0080
I/dalvikvm( 1835): Could not find method android.webkit.CookieManager.setAcceptThirdPartyCookies, referenced from method org.apache.cordova.engine.SystemCookieManager.<init>
W/dalvikvm( 1835): VFY: unable to resolve virtual method 225: Landroid/webkit/CookieManager;.setAcceptThirdPartyCookies (Landroid/webkit/WebView;Z)V
D/dalvikvm( 1835): VFY: replacing opcode 0x6e at 0x0016
I/dalvikvm( 1835): Could not find method android.webkit.CookieManager.flush, referenced from method org.apache.cordova.engine.SystemCookieManager.flush
W/dalvikvm( 1835): VFY: unable to resolve virtual method 220: Landroid/webkit/CookieManager;.flush ()V
D/dalvikvm( 1835): VFY: replacing opcode 0x6e at 0x0008
W/dalvikvm( 1835): VFY: unable to find class referenced in signature (Landroid/webkit/ClientCertRequest;)
W/dalvikvm( 1835): VFY: unable to find class referenced in signature (Landroid/webkit/ClientCertRequest;)
I/dalvikvm( 1835): Could not find method android.webkit.WebViewClient.onReceivedClientCertRequest, referenced from method org.apache.cordova.engine.SystemWebViewClient.onReceivedClientCertRequest
W/dalvikvm( 1835): VFY: unable to resolve virtual method 278: Landroid/webkit/WebViewClient;.onReceivedClientCertRequest (Landroid/webkit/WebView;Landroid/webkit/ClientCertRequest;)V
D/dalvikvm( 1835): VFY: replacing opcode 0x6f at 0x001a
W/dalvikvm( 1835): VFY: unable to find class referenced in signature (Landroid/webkit/PermissionRequest;)
I/dalvikvm( 1835): Could not find method android.webkit.PermissionRequest.getResources, referenced from method org.apache.cordova.engine.SystemWebChromeClient.onPermissionRequest
W/dalvikvm( 1835): VFY: unable to resolve virtual method 236: Landroid/webkit/PermissionRequest;.getResources ()[Ljava/lang/String;
D/dalvikvm( 1835): VFY: replacing opcode 0x6e at 0x000d
I/dalvikvm( 1835): Could not find method android.webkit.WebChromeClient$FileChooserParams.createIntent, referenced from method org.apache.cordova.engine.SystemWebChromeClient.onShowFileChooser
W/dalvikvm( 1835): VFY: unable to resolve virtual method 241: Landroid/webkit/WebChromeClient$FileChooserParams;.createIntent ()Landroid/content/Intent;
D/dalvikvm( 1835): VFY: replacing opcode 0x6e at 0x0000
D/SystemWebViewEngine( 1835): CordovaWebView is running on device made by: Genymotion
I/SystemWebViewEngine( 1835): Disabled addJavascriptInterface() bridge since Android version is old.
V/StatusBar( 1835): StatusBar: initialization
D/libEGL  ( 1835): loaded /system/lib/egl/libEGL_genymotion.so
D/        ( 1835): HostConnection::get() New Host Connection established 0xb93b9b98, tid 1835
D/dalvikvm( 1835): GC_CONCURRENT freed 135K, 3% free 8223K/8391K, paused 11ms+7ms, total 21ms
D/libEGL  ( 1835): loaded /system/lib/egl/libGLESv1_CM_genymotion.so
D/libEGL  ( 1835): loaded /system/lib/egl/libGLESv2_genymotion.so
W/EGL_genymotion( 1835): eglSurfaceAttrib not implemented
D/OpenGLRenderer( 1835): Enabling debug mode 0
I/ActivityManager(  324): Displayed com.ionicframework.biogam584955/.MainActivity: +243ms
D/AndroidRuntime( 1826): Shutting down VM
D/dalvikvm( 1826): GC_CONCURRENT freed 98K, 89% free 478K/4096K, paused 0ms+1ms, total 10ms
I/AndroidRuntime( 1826): NOTE: attach of thread 'Binder_3' failed
I/qtaguid (  324): Failed write_ctrl(s 0 10021) res=-1 errno=1
W/NetworkManagementSocketTagger(  324): setKernelCountSet(10021, 0) failed with errno -1
D/JsMessageQueue( 1835): Set native->JS mode to OnlineEventsBridgeMode
D/dalvikvm( 1835): GC_CONCURRENT freed 464K, 7% free 8171K/8775K, paused 0ms+1ms, total 6ms
V/StatusBar( 1835): Executing action: _ready
D/TilesManager( 1835): new EGLContext from framework: b94185c8 
D/GLWebViewState( 1835): Reinit shader
D/GLWebViewState( 1835): Reinit transferQueue
V/StatusBar( 1835): Executing action: styleDefault
D/dalvikvm(  324): GC_CONCURRENT freed 300K, 39% free 10724K/17543K, paused 1ms+10ms, total 46ms
E/Genymotion(  324): Could not open '/sys/class/power_supply/genymotion_fake_path/present'
E/Genymotion(  324): Could not open '/sys/class/power_supply/genymotion_fake_path/present'
E/Genymotion(  324): Could not open '/sys/class/power_supply/genymotion_fake_path/present'
E/Genymotion(  324): Could not open '/sys/class/power_supply/genymotion_fake_path/present'
E/Genymotion(  324): Could not open '/sys/class/power_supply/genymotion_fake_path/present'
E/Genymotion(  324): Could not open '/sys/class/power_supply/genymotion_fake_path/present'
E/Genymotion(  324): Could not open '/sys/class/power_supply/genymotion_fake_path/present'
E/Genymotion(  324): Could not open '/sys/class/power_supply/genymotion_fake_path/present'
E/Genymotion(  324): Could not open '/sys/class/power_supply/genymotion_fake_path/present'
E/Genymotion(  324): Could not open '/sys/class/power_supply/genymotion_fake_path/present'
E/Genymotion(  324): Could not open '/sys/class/power_supply/genymotion_fake_path/present'
E/Genymotion(  324): Could not open '/sys/class/power_supply/genymotion_fake_path/present'
E/Genymotion(  324): Could not open '/sys/class/power_supply/genymotion_fake_path/present'
E/Genymotion(  324): Could not open '/sys/class/power_supply/genymotion_fake_path/present'
E/Genymotion(  324): Could not open '/sys/class/power_supply/genymotion_fake_path/present'
E/Genymotion(  324): Could not open '/sys/class/power_supply/genymotion_fake_path/present'
E/Genymotion(  324): Could not open '/sys/class/power_supply/genymotion_fake_path/present'
E/Genymotion(  324): Could not open '/sys/class/power_supply/genymotion_fake_path/present'
E/Genymotion(  324): Could not open '/sys/class/power_supply/genymotion_fake_path/present'
E/Genymotion(  324): Could not open '/sys/class/power_supply/genymotion_fake_path/present'
E/Genymotion(  324): Could not open '/sys/class/power_supply/genymotion_fake_path/present'
E/Genymotion(  324): Could not open '/sys/class/power_supply/genymotion_fake_path/present'
E/Genymotion(  324): Could not open '/sys/class/power_supply/genymotion_fake_path/present'
E/Genymotion(  324): Could not open '/sys/class/power_supply/genymotion_fake_path/present'
E/Genymotion(  324): Could not open '/sys/class/power_supply/genymotion_fake_path/present'
E/Genymotion(  324): Could not open '/sys/class/power_supply/genymotion_fake_path/present'
E/Genymotion(  324): Could not open '/sys/class/power_supply/genymotion_fake_path/present'
E/Genymotion(  324): Could not open '/sys/class/power_supply/genymotion_fake_path/present'
E/Genymotion(  324): Could not open '/sys/class/power_supply/genymotion_fake_path/present'
E/Genymotion(  324): Could not open '/sys/class/power_supply/genymotion_fake_path/present'
E/Genymotion(  324): Could not open '/sys/class/power_supply/genymotion_fake_path/present'
E/Genymotion(  324): Could not open '/sys/class/power_supply/genymotion_fake_path/present'
E/Genymotion(  324): Could not open '/sys/class/power_supply/genymotion_fake_path/present'
E/Genymotion(  324): Could not open '/sys/class/power_supply/genymotion_fake_path/present'
E/Genymotion(  324): Could not open '/sys/class/power_supply/genymotion_fake_path/present'
E/Genymotion(  324): Could not open '/sys/class/power_supply/genymotion_fake_path/present'
E/Genymotion(  324): Could not open '/sys/class/power_supply/genymotion_fake_path/present'
E/Genymotion(  324): Could not open '/sys/class/power_supply/genymotion_fake_path/present'
E/Genymotion(  324): Could not open '/sys/class/power_supply/genymotion_fake_path/present'
E/Genymotion(  324): Could not open '/sys/class/power_supply/genymotion_fake_path/present'
E/Genymotion(  324): Could not open '/sys/class/power_supply/genymotion_fake_path/present'
E/Genymotion(  324): Could not open '/sys/class/power_supply/genymotion_fake_path/present'
E/Genymotion(  324): Could not open '/sys/class/power_supply/genymotion_fake_path/present'
E/Genymotion(  324): Could not open '/sys/class/power_supply/genymotion_fake_path/present'
E/Genymotion(  324): Could not open '/sys/class/power_supply/genymotion_fake_path/present'
E/Genymotion(  324): Could not open '/sys/class/power_supply/genymotion_fake_path/present'
E/Genymotion(  324): Could not open '/sys/class/power_supply/genymotion_fake_path/present'
E/Genymotion(  324): Could not open '/sys/class/power_supply/genymotion_fake_path/present'
E/Genymotion(  324): Could not open '/sys/class/power_supply/genymotion_fake_path/present'
E/Genymotion(  324): Could not open '/sys/class/power_supply/genymotion_fake_path/present'
E/Genymotion(  324): Could not open '/sys/class/power_supply/genymotion_fake_path/present'
E/Genymotion(  324): Could not open '/sys/class/power_supply/genymotion_fake_path/present'
E/Genymotion(  324): Could not open '/sys/class/power_supply/genymotion_fake_path/present'
E/Genymotion(  324): Could not open '/sys/class/power_supply/genymotion_fake_path/present'
E/Genymotion(  324): Could not open '/sys/class/power_supply/genymotion_fake_path/present'
E/Genymotion(  324): Could not open '/sys/class/power_supply/genymotion_fake_path/present'
E/Genymotion(  324): Could not open '/sys/class/power_supply/genymotion_fake_path/present'
E/Genymotion(  324): Could not open '/sys/class/power_supply/genymotion_fake_path/present'
E/Genymotion(  324): Could not open '/sys/class/power_supply/genymotion_fake_path/present'
E/Genymotion(  324): Could not open '/sys/class/power_supply/genymotion_fake_path/present'
E/Genymotion(  324): Could not open '/sys/class/power_supply/genymotion_fake_path/present'
E/Genymotion(  324): Could not open '/sys/class/power_supply/genymotion_fake_path/present'
E/Genymotion(  324): Could not open '/sys/class/power_supply/genymotion_fake_path/present'
E/Genymotion(  324): Could not open '/sys/class/power_supply/genymotion_fake_path/present'
E/Genymotion(  324): Could not open '/sys/class/power_supply/genymotion_fake_path/present'
E/Genymotion(  324): Could not open '/sys/class/power_supply/genymotion_fake_path/present'
E/Genymotion(  324): Could not open '/sys/class/power_supply/genymotion_fake_path/present'
E/Genymotion(  324): Could not open '/sys/class/power_supply/genymotion_fake_path/present'
E/Genymotion(  324): Could not open '/sys/class/power_supply/genymotion_fake_path/present'
E/Genymotion(  324): Could not open '/sys/class/power_supply/genymotion_fake_path/present'
E/Genymotion(  324): Could not open '/sys/class/power_supply/genymotion_fake_path/present'
E/Genymotion(  324): Could not open '/sys/class/power_supply/genymotion_fake_path/present'
E/Genymotion(  324): Could not open '/sys/class/power_supply/genymotion_fake_path/present'
E/Genymotion(  324): Could not open '/sys/class/power_supply/genymotion_fake_path/present'
E/Genymotion(  324): Could not open '/sys/class/power_supply/genymotion_fake_path/present'
E/Genymotion(  324): Could not open '/sys/class/power_supply/genymotion_fake_path/present'
E/Genymotion(  324): Could not open '/sys/class/power_supply/genymotion_fake_path/present'
E/Genymotion(  324): Could not open '/sys/class/power_supply/genymotion_fake_path/present'
D/AndroidRuntime( 1889): 
