D/AndroidRuntime( 1889): >>>>>> AndroidRuntime START com.android.internal.os.RuntimeInit <<<<<<
D/AndroidRuntime( 1889): CheckJNI is OFF
D/dalvikvm( 1889): Unable to stat classpath element '/system/framework/filterfw.jar'
D/dalvikvm( 1889): Trying to load lib libjavacore.so 0x0
D/dalvikvm( 1889): Added shared lib libjavacore.so 0x0
D/dalvikvm( 1889): Trying to load lib libnativehelper.so 0x0
D/dalvikvm( 1889): Added shared lib libnativehelper.so 0x0
D/AndroidRuntime( 1889): Calling main entry com.android.commands.pm.Pm
W/ActivityManager(  324): No content provider found for permission revoke: file:///data/local/tmp/android-debug.apk
W/ActivityManager(  324): No content provider found for permission revoke: file:///data/local/tmp/android-debug.apk
D/dalvikvm(  324): GC_CONCURRENT freed 630K, 39% free 10751K/17543K, paused 12ms+11ms, total 39ms
D/dalvikvm(  324): GC_CONCURRENT freed 435K, 38% free 10929K/17543K, paused 12ms+12ms, total 38ms
D/dalvikvm(  324): GC_CONCURRENT freed 624K, 38% free 10940K/17543K, paused 12ms+2ms, total 27ms
D/dalvikvm(  324): GC_CONCURRENT freed 727K, 38% free 10956K/17543K, paused 11ms+11ms, total 45ms
I/PackageManager(  324): Removing non-system package:com.ionicframework.biogam584955
I/ActivityManager(  324): Force stopping package com.ionicframework.biogam584955 uid=10048
I/ActivityManager(  324): Killing proc 1835:com.ionicframework.biogam584955/u0a48: force stop
W/ActivityManager(  324): Force removing ActivityRecord{5355ba70 com.ionicframework.biogam584955/.MainActivity}: app died, no saved state
E/JavaBinder(  324): !!! FAILED BINDER TRANSACTION !!!
I/qtaguid (  324): Failed write_ctrl(s 0 10048) res=-1 errno=1
W/NetworkManagementSocketTagger(  324): setKernelCountSet(10048, 0) failed with errno -1
I/qtaguid (  324): Failed write_ctrl(s 1 10021) res=-1 errno=1
W/NetworkManagementSocketTagger(  324): setKernelCountSet(10021, 1) failed with errno -1
I/WindowState(  324): WIN DEATH: Window{5370a1d0 com.ionicframework.biogam584955/com.ionicframework.biogam584955.MainActivity paused=false}
I/PackageManager(  324): Running dexopt on: com.ionicframework.biogam584955
I/PackageManager(  324): Package com.ionicframework.biogam584955 codePath changed from /data/app/com.ionicframework.biogam584955-2.apk to /data/app/com.ionicframework.biogam584955-1.apk; Retaining data and using new
W/EGL_genymotion(  729): eglSurfaceAttrib not implemented
W/InputMethodManagerService(  324): Got RemoteException sending setActive(false) notification to pid 1835 uid 10048
D/dalvikvm( 1899): Unable to stat classpath element '/system/framework/filterfw.jar'
D/OpenGLRenderer(  729): TextureCache::get: create texture(0xb93ca330): name, size, mSize = 393, 72, 243196
D/OpenGLRenderer(  729): TextureCache::get: create texture(0xb939da28): name, size, mSize = 394, 144, 243340
D/OpenGLRenderer(  729): TextureCache::get: create texture(0xb950ca30): name, size, mSize = 395, 20736, 264076
D/OpenGLRenderer(  729): TextureCache::get: create texture(0xb939dbc0): name, size, mSize = 396, 20736, 284812
D/OpenGLRenderer(  729): TextureCache::get: create texture(0xb9460000): name, size, mSize = 397, 20736, 305548
D/OpenGLRenderer(  729): TextureCache::get: create texture(0xb950cd38): name, size, mSize = 398, 20736, 326284
D/OpenGLRenderer(  729): TextureCache::get: create texture(0xb950cdc8): name, size, mSize = 399, 20736, 347020
D/OpenGLRenderer(  729): TextureCache::get: create texture(0xb93c7020): name, size, mSize = 400, 20736, 367756
D/OpenGLRenderer(  729): TextureCache::get: create texture(0xb9511488): name, size, mSize = 401, 20736, 388492
D/OpenGLRenderer(  729): TextureCache::get: create texture(0xb9511990): name, size, mSize = 402, 20736, 409228
D/OpenGLRenderer(  729): TextureCache::get: create texture(0xb94a2890): name, size, mSize = 403, 20736, 429964
D/dalvikvm(  729): GC_CONCURRENT freed 3621K, 44% free 11175K/19847K, paused 11ms+26ms, total 65ms
D/dalvikvm(  729): WAIT_FOR_CONCURRENT_GC blocked 45ms
D/dalvikvm( 1899): DexOpt: load 23ms, verify+opt 114ms, 548196 bytes
I/ActivityManager(  324): Force stopping package com.ionicframework.biogam584955 uid=10048
W/PackageManager(  324): Code path for pkg : com.ionicframework.biogam584955 changing from /data/app/com.ionicframework.biogam584955-2.apk to /data/app/com.ionicframework.biogam584955-1.apk
W/PackageManager(  324): Resource path for pkg : com.ionicframework.biogam584955 changing from /data/app/com.ionicframework.biogam584955-2.apk to /data/app/com.ionicframework.biogam584955-1.apk
D/dalvikvm(  729): GC_FOR_ALLOC freed 205K, 41% free 11877K/19847K, paused 20ms, total 20ms
D/PackageManager(  324): New package installed in /data/app/com.ionicframework.biogam584955-1.apk
D/dalvikvm(  324): GC_CONCURRENT freed 861K, 39% free 10749K/17543K, paused 13ms+2ms, total 28ms
D/dalvikvm(  729): GC_FOR_ALLOC freed 1294K, 42% free 11629K/19847K, paused 8ms, total 14ms
I/dalvikvm-heap(  729): Grow heap (frag case) to 12.615MB for 1286220-byte allocation
I/ActivityManager(  324): Force stopping package com.ionicframework.biogam584955 uid=10048
D/dalvikvm(  712): WAIT_FOR_CONCURRENT_GC blocked 0ms
D/dalvikvm(  712): GC_EXPLICIT freed 135K, 6% free 8330K/8839K, paused 1ms+1ms, total 10ms
D/dalvikvm(  324): WAIT_FOR_CONCURRENT_GC blocked 0ms
I/InputReader(  324): Reconfiguring input devices.  changes=0x00000010
I/InputReader(  324): Reconfiguring input devices.  changes=0x00000010
W/ResourceType(  324): Failure getting entry for 0x7f060000 (t=5 e=0) in package 0 (error -75)
D/dalvikvm(  324): GC_EXPLICIT freed 567K, 41% free 10482K/17543K, paused 12ms+3ms, total 94ms
D/dalvikvm(  324): WAIT_FOR_CONCURRENT_GC blocked 0ms
D/dalvikvm(  729): GC_FOR_ALLOC freed 37K, 36% free 12847K/19847K, paused 145ms, total 145ms
D/PackageManager(  324): generateServicesMap(android.accounts.AccountAuthenticator): 2 services unchanged
D/PackageManager(  324): generateServicesMap(android.content.SyncAdapter): 4 services unchanged
D/PackageManager(  324): generateServicesMap(android.accounts.AccountAuthenticator): 2 services unchanged
D/PackageManager(  324): generateServicesMap(android.content.SyncAdapter): 4 services unchanged
D/BackupManagerService(  324): Received broadcast Intent { act=android.intent.action.PACKAGE_REMOVED dat=package:com.ionicframework.biogam584955 flg=0x8000010 (has extras) }
D/BackupManagerService(  324): Received broadcast Intent { act=android.intent.action.PACKAGE_ADDED dat=package:com.ionicframework.biogam584955 flg=0x8000010 (has extras) }
V/BackupManagerService(  324): removePackageParticipantsLocked: uid=10048 #1
W/ResourceType(  324): Failure getting entry for 0x7f060000 (t=5 e=0) in package 0 (error -75)
W/InputMethodManagerService(  324): Found no subtypes in a system IME: com.android.inputmethod.pinyin
V/BackupManagerService(  324): addPackageParticipantsLocked: #1
D/dalvikvm(  729): GC_CONCURRENT freed 157K, 35% free 12966K/19847K, paused 16ms+2ms, total 65ms
W/RecognitionManagerService(  324): no available voice recognition services found
D/OpenGLRenderer(  729): TextureCache::get: create texture(0xb93c00e0): name, size, mSize = 412, 20736, 450700
D/dalvikvm(  729): GC_FOR_ALLOC freed 3349K, 45% free 11112K/19847K, paused 14ms, total 18ms
D/dalvikvm(  729): WAIT_FOR_CONCURRENT_GC blocked 0ms
D/dalvikvm(  729): GC_EXPLICIT freed 119K, 41% free 11895K/19847K, paused 1ms+7ms, total 21ms
D/dalvikvm(  324): GC_EXPLICIT freed 393K, 41% free 10497K/17543K, paused 42ms+23ms, total 306ms
D/AndroidRuntime( 1889): Shutting down VM
D/dalvikvm( 1889): GC_CONCURRENT freed 96K, 90% free 445K/4096K, paused 1ms+1ms, total 2ms
I/AndroidRuntime( 1889): NOTE: attach of thread 'Binder_3' failed
D/dalvikvm(  729): GC_CONCURRENT freed 1535K, 42% free 11573K/19847K, paused 11ms+1ms, total 23ms
D/dalvikvm(  729): GC_FOR_ALLOC freed 889K, 41% free 11728K/19847K, paused 8ms, total 9ms
D/dalvikvm(  729): GC_FOR_ALLOC freed 38K, 41% free 11873K/19847K, paused 21ms, total 21ms
D/dalvikvm(  729): GC_CONCURRENT freed 0K, 34% free 13129K/19847K, paused 11ms+2ms, total 29ms
D/dalvikvm(  729): WAIT_FOR_CONCURRENT_GC blocked 12ms
D/OpenGLRenderer(  729): TextureCache::callback: name, removed size, mSize = 396, 20736, 429964
D/AndroidRuntime( 1909): 
D/AndroidRuntime( 1909): >>>>>> AndroidRuntime START com.android.internal.os.RuntimeInit <<<<<<
D/AndroidRuntime( 1909): CheckJNI is OFF
D/dalvikvm( 1909): Unable to stat classpath element '/system/framework/filterfw.jar'
D/dalvikvm( 1909): Trying to load lib libjavacore.so 0x0
D/dalvikvm( 1909): Added shared lib libjavacore.so 0x0
D/dalvikvm( 1909): Trying to load lib libnativehelper.so 0x0
D/dalvikvm( 1909): Added shared lib libnativehelper.so 0x0
D/AndroidRuntime( 1909): Calling main entry com.android.commands.input.Input
I/Input   ( 1909): InjectKeyEvent: KeyEvent { action=ACTION_DOWN, keyCode=KEYCODE_MENU, scanCode=0, metaState=0, flags=0x0, repeatCount=0, eventTime=3026106, downTime=3026106, deviceId=-1, source=0x101 }
I/Input   ( 1909): InjectKeyEvent: KeyEvent { action=ACTION_UP, keyCode=KEYCODE_MENU, scanCode=0, metaState=0, flags=0x0, repeatCount=0, eventTime=3026106, downTime=3026106, deviceId=-1, source=0x101 }
D/AndroidRuntime( 1909): Shutting down VM
D/dalvikvm( 1909): GC_CONCURRENT freed 98K, 90% free 440K/4096K, paused 0ms+0ms, total 12ms
I/AndroidRuntime( 1909): NOTE: attach of thread 'Binder_1' failed
W/EGL_genymotion(  729): eglSurfaceAttrib not implemented
D/AndroidRuntime( 1920): 
D/AndroidRuntime( 1920): >>>>>> AndroidRuntime START com.android.internal.os.RuntimeInit <<<<<<
D/AndroidRuntime( 1920): CheckJNI is OFF
D/dalvikvm( 1920): Unable to stat classpath element '/system/framework/filterfw.jar'
D/dalvikvm( 1920): Trying to load lib libjavacore.so 0x0
D/dalvikvm( 1920): Added shared lib libjavacore.so 0x0
D/dalvikvm( 1920): Trying to load lib libnativehelper.so 0x0
D/dalvikvm( 1920): Added shared lib libnativehelper.so 0x0
D/AndroidRuntime( 1920): Calling main entry com.android.commands.am.Am
I/ActivityManager(  324): START {act=android.intent.action.MAIN flg=0x10000000 cmp=com.ionicframework.biogam584955/.MainActivity u=0} from pid 1920
E/SocketStream(  125): readFully was waiting for 403440 bytes, got 14480 
E/SocketStream(  125): readFully was waiting for 388960 bytes, got 16192 
E/SocketStream(  125): readFully was waiting for 372768 bytes, got 12768 
E/SocketStream(  125): readFully was waiting for 360000 bytes, got 16192 
E/SocketStream(  125): readFully was waiting for 343808 bytes, got 16192 
E/SocketStream(  125): readFully was waiting for 327616 bytes, got 16192 
E/SocketStream(  125): readFully was waiting for 311424 bytes, got 9344 
E/SocketStream(  125): readFully was waiting for 302080 bytes, got 16192 
E/SocketStream(  125): readFully was waiting for 285888 bytes, got 16192 
E/SocketStream(  125): readFully was waiting for 269696 bytes, got 16192 
E/SocketStream(  125): readFully was waiting for 253504 bytes, got 16192 
E/SocketStream(  125): readFully was waiting for 237312 bytes, got 16192 
E/SocketStream(  125): readFully was waiting for 221120 bytes, got 16192 
E/SocketStream(  125): readFully was waiting for 204928 bytes, got 16192 
E/SocketStream(  125): readFully was waiting for 188736 bytes, got 16192 
E/SocketStream(  125): readFully was waiting for 172544 bytes, got 16192 
E/SocketStream(  125): readFully was waiting for 156352 bytes, got 16192 
E/SocketStream(  125): readFully was waiting for 140160 bytes, got 16192 
E/SocketStream(  125): readFully was waiting for 123968 bytes, got 16192 
E/SocketStream(  125): readFully was waiting for 107776 bytes, got 8416 
E/SocketStream(  125): readFully was waiting for 99360 bytes, got 16192 
E/SocketStream(  125): readFully was waiting for 83168 bytes, got 16192 
E/SocketStream(  125): readFully was waiting for 66976 bytes, got 16192 
E/SocketStream(  125): readFully was waiting for 50784 bytes, got 16192 
E/SocketStream(  125): readFully was waiting for 34592 bytes, got 16192 
E/SocketStream(  125): readFully was waiting for 18400 bytes, got 16192 
D/dalvikvm( 1929): Late-enabling CheckJNI
I/ActivityManager(  324): Start proc com.ionicframework.biogam584955 for activity com.ionicframework.biogam584955/.MainActivity: pid=1929 uid=10048 gids={3003, 1015, 1028}
D/OpenGLRenderer(  729): TextureCache::flush: target size: 257978
D/OpenGLRenderer(  729): TextureCache::callback: name, removed size, mSize = 393, 72, 429892
D/OpenGLRenderer(  729): TextureCache::callback: name, removed size, mSize = 394, 144, 429748
D/OpenGLRenderer(  729): TextureCache::callback: name, removed size, mSize = 395, 20736, 409012
D/OpenGLRenderer(  729): TextureCache::callback: name, removed size, mSize = 412, 20736, 388276
D/OpenGLRenderer(  729): TextureCache::callback: name, removed size, mSize = 397, 20736, 367540
D/OpenGLRenderer(  729): TextureCache::callback: name, removed size, mSize = 398, 20736, 346804
D/OpenGLRenderer(  729): TextureCache::callback: name, removed size, mSize = 399, 20736, 326068
D/OpenGLRenderer(  729): TextureCache::callback: name, removed size, mSize = 400, 20736, 305332
D/OpenGLRenderer(  729): TextureCache::callback: name, removed size, mSize = 401, 20736, 284596
D/OpenGLRenderer(  729): TextureCache::callback: name, removed size, mSize = 402, 20736, 263860
D/OpenGLRenderer(  729): TextureCache::callback: name, removed size, mSize = 403, 20736, 243124
I/qtaguid (  324): Failed write_ctrl(s 1 10048) res=-1 errno=1
W/NetworkManagementSocketTagger(  324): setKernelCountSet(10048, 1) failed with errno -1
I/dalvikvm( 1929): Could not find method android.webkit.WebView.setWebContentsDebuggingEnabled, referenced from method org.apache.cordova.engine.SystemWebViewEngine.enableRemoteDebugging
W/dalvikvm( 1929): VFY: unable to resolve static method 273: Landroid/webkit/WebView;.setWebContentsDebuggingEnabled (Z)V
D/dalvikvm( 1929): VFY: replacing opcode 0x71 at 0x0001
E/Genymotion(  324): Could not open '/sys/class/power_supply/genymotion_fake_path/present'
I/dalvikvm( 1929): Could not find method android.webkit.WebSettings.setMediaPlaybackRequiresUserGesture, referenced from method org.apache.cordova.engine.SystemWebViewEngine.initWebViewSettings
W/dalvikvm( 1929): VFY: unable to resolve virtual method 261: Landroid/webkit/WebSettings;.setMediaPlaybackRequiresUserGesture (Z)V
D/dalvikvm( 1929): VFY: replacing opcode 0x6e at 0x0080
I/dalvikvm( 1929): Could not find method android.webkit.CookieManager.setAcceptThirdPartyCookies, referenced from method org.apache.cordova.engine.SystemCookieManager.<init>
W/dalvikvm( 1929): VFY: unable to resolve virtual method 225: Landroid/webkit/CookieManager;.setAcceptThirdPartyCookies (Landroid/webkit/WebView;Z)V
D/dalvikvm( 1929): VFY: replacing opcode 0x6e at 0x0016
I/dalvikvm( 1929): Could not find method android.webkit.CookieManager.flush, referenced from method org.apache.cordova.engine.SystemCookieManager.flush
W/dalvikvm( 1929): VFY: unable to resolve virtual method 220: Landroid/webkit/CookieManager;.flush ()V
D/dalvikvm( 1929): VFY: replacing opcode 0x6e at 0x0008
W/dalvikvm( 1929): VFY: unable to find class referenced in signature (Landroid/webkit/ClientCertRequest;)
W/dalvikvm( 1929): VFY: unable to find class referenced in signature (Landroid/webkit/ClientCertRequest;)
I/dalvikvm( 1929): Could not find method android.webkit.WebViewClient.onReceivedClientCertRequest, referenced from method org.apache.cordova.engine.SystemWebViewClient.onReceivedClientCertRequest
W/dalvikvm( 1929): VFY: unable to resolve virtual method 278: Landroid/webkit/WebViewClient;.onReceivedClientCertRequest (Landroid/webkit/WebView;Landroid/webkit/ClientCertRequest;)V
D/dalvikvm( 1929): VFY: replacing opcode 0x6f at 0x001a
W/dalvikvm( 1929): VFY: unable to find class referenced in signature (Landroid/webkit/PermissionRequest;)
I/dalvikvm( 1929): Could not find method android.webkit.PermissionRequest.getResources, referenced from method org.apache.cordova.engine.SystemWebChromeClient.onPermissionRequest
W/dalvikvm( 1929): VFY: unable to resolve virtual method 236: Landroid/webkit/PermissionRequest;.getResources ()[Ljava/lang/String;
D/dalvikvm( 1929): VFY: replacing opcode 0x6e at 0x000d
I/dalvikvm( 1929): Could not find method android.webkit.WebChromeClient$FileChooserParams.createIntent, referenced from method org.apache.cordova.engine.SystemWebChromeClient.onShowFileChooser
W/dalvikvm( 1929): VFY: unable to resolve virtual method 241: Landroid/webkit/WebChromeClient$FileChooserParams;.createIntent ()Landroid/content/Intent;
D/dalvikvm( 1929): VFY: replacing opcode 0x6e at 0x0000
D/SystemWebViewEngine( 1929): CordovaWebView is running on device made by: Genymotion
I/SystemWebViewEngine( 1929): Disabled addJavascriptInterface() bridge since Android version is old.
V/StatusBar( 1929): StatusBar: initialization
D/libEGL  ( 1929): loaded /system/lib/egl/libEGL_genymotion.so
D/        ( 1929): HostConnection::get() New Host Connection established 0xb93ba680, tid 1929
D/dalvikvm( 1929): GC_CONCURRENT freed 139K, 3% free 8223K/8455K, paused 0ms+0ms, total 4ms
D/libEGL  ( 1929): loaded /system/lib/egl/libGLESv1_CM_genymotion.so
D/libEGL  ( 1929): loaded /system/lib/egl/libGLESv2_genymotion.so
W/EGL_genymotion( 1929): eglSurfaceAttrib not implemented
D/OpenGLRenderer( 1929): Enabling debug mode 0
I/ActivityManager(  324): Displayed com.ionicframework.biogam584955/.MainActivity: +286ms
D/AndroidRuntime( 1920): Shutting down VM
D/dalvikvm( 1920): GC_CONCURRENT freed 98K, 89% free 478K/4096K, paused 1ms+0ms, total 2ms
I/AndroidRuntime( 1920): NOTE: attach of thread 'Binder_3' failed
I/qtaguid (  324): Failed write_ctrl(s 0 10021) res=-1 errno=1
W/NetworkManagementSocketTagger(  324): setKernelCountSet(10021, 0) failed with errno -1
D/JsMessageQueue( 1929): Set native->JS mode to OnlineEventsBridgeMode
E/Web Console( 1929): Uncaught SyntaxError: Unexpected token . at file:///android_asset/www/app/app.js:122
E/Web Console( 1929): Uncaught Error: [$injector:modulerr] Failed to instantiate module starter due to:
E/Web Console( 1929): Error: [$injector:nomod] Module 'starter' is not available! You either misspelled the module name or forgot to load it. If registering a module ensure that you specify the dependencies as the second argument.
E/Web Console( 1929): http://errors.angularjs.org/1.4.3/$injector/nomod?p0=starter
E/Web Console( 1929):     at file:///android_asset/www/lib/ionic/js/ionic.bundle.js:13380:12
E/Web Console( 1929):     at file:///android_asset/www/lib/ionic/js/ionic.bundle.js:15270:17
E/Web Console( 1929):     at ensure (file:///android_asset/www/lib/ionic/js/ionic.bundle.js:15194:38)
E/Web Console( 1929):     at module (file:///android_asset/www/lib/ionic/js/ionic.bundle.js:15268:14)
E/Web Console( 1929):     at file:///android_asset/www/lib/ionic/js/ionic.bundle.js:17674:22
E/Web Console( 1929):     at forEach (file:///android_asset/www/lib/ionic/js/ionic.bundle.js:13648:20)
E/Web Console( 1929):     at loadModules (file:///android_asset/www/lib/ionic/js/ionic.bundle.js:17658:5)
E/Web Console( 1929):     at createInjector (file:///android_asset/www/lib/ionic/js/ionic.bundle.js:17584:11)
E/Web Console( 1929):     at file:///android_asset/www/lib/ionic/js/ionic.bundle.js:14942:20
E/Web Console( 1929):     at bootstrap (file:///android_asset/www/lib/ionic/js/ionic.bundle.js:14963:12)
E/Web Console( 1929): http://errors.angularjs.org/1.4.3/$injector/modulerr?p0=starter&p1=Error%3A%20%5B%24injector%3Anomod%5D%20Module%20'starter'%20is%20not%20available!%20You%20either%20misspelled%20the%20module%20name%20or%20forgot%20to%20load%20it.%20If%20registering%20a%20module%20ensure%20that%20you%20specify%20the%20dependencies%20as%20the%20second%20argument.%0Ahttp%3A%2F%2Ferrors.angularjs.org%2F1.4.3%2F%24injector%2Fnomod%3Fp0%3Dstarter%0A%20%20%20%20at%20file%3A%2F%2F%2Fandroid_asset%2Fwww%2Flib%2Fionic%2Fjs%2Fionic.bundle.js%3A13380%3A12%0A%20%20%20%20at%20file%3A%2F%2F%2Fandroid_asset%2Fwww%2Flib%2Fionic%2Fjs%2Fionic.bundle.js%3A15270%3A17%0A%20%20%20%20at%20ensure%20(file%3A%2F%2F%2Fandroid_asset%2Fwww%2Flib%2Fionic%2Fjs%2Fionic.bundle.js%3A15194%3A38)%0A%20%20%20%20at%20module%20(file%3A%2F%2F%2Fandroid_asset%2Fwww%2Flib%2Fionic%2Fjs%2Fionic.bundle.js%3A15268%3A14)%0A%20%20%20%20at%20file%3A%2F%2F%2Fandroid_asset%2Fwww%2Flib%2Fionic%2Fjs%2Fionic.bundle.js%3A17674%3A22%0A%20%20%20%20at%20forEach%20(file%3A%2F%2F%2Fandroid_asset%2Fwww%2Flib%2Fionic%2Fjs%2Fionic.bundle.js%3A13648%3A20)%0A%20%20%20%20at%20loadModules%20(file%3A%2F%2F%2Fandroid_asset%2Fwww%2Flib%2Fionic%2Fjs%2Fionic.bundle.js%3A17658%3A5)%0A%20%20%20%20at%20createInjector%20(file%3A%2F%2F%2Fandroid_asset%2Fwww%2Flib%2Fionic%2Fjs%2Fionic.bundle.js%3A17584%3A11)%0A%20%20%20%20at%20file%3A%2F%2F%2Fandroid_asset%2Fwww%2Flib%2Fionic%2Fjs%2Fionic.bundle.js%3A14942%3A20%0A%20%20%20%20at%20bootstrap%20(file%3A%2F%2F%2Fandroid_asset%2Fwww%2Flib%2Fionic%2Fjs%2Fionic.bundle.js%3A14963%3A12) at file:///android_asset/www/lib/ionic/js/ionic.bundle.js:17697
D/dalvikvm( 1929): GC_CONCURRENT freed 361K, 6% free 8269K/8775K, paused 1ms+0ms, total 6ms
V/StatusBar( 1929): Executing action: _ready
D/TilesManager( 1929): new EGLContext from framework: b94355c8 
D/GLWebViewState( 1929): Reinit shader
D/GLWebViewState( 1929): Reinit transferQueue
E/Genymotion(  324): Could not open '/sys/class/power_supply/genymotion_fake_path/present'
E/Genymotion(  324): Could not open '/sys/class/power_supply/genymotion_fake_path/present'
E/Genymotion(  324): Could not open '/sys/class/power_supply/genymotion_fake_path/present'
E/Genymotion(  324): Could not open '/sys/class/power_supply/genymotion_fake_path/present'
E/Genymotion(  324): Could not open '/sys/class/power_supply/genymotion_fake_path/present'
E/Genymotion(  324): Could not open '/sys/class/power_supply/genymotion_fake_path/present'
E/Genymotion(  324): Could not open '/sys/class/power_supply/genymotion_fake_path/present'
E/Genymotion(  324): Could not open '/sys/class/power_supply/genymotion_fake_path/present'
E/Genymotion(  324): Could not open '/sys/class/power_supply/genymotion_fake_path/present'
E/Genymotion(  324): Could not open '/sys/class/power_supply/genymotion_fake_path/present'
E/Genymotion(  324): Could not open '/sys/class/power_supply/genymotion_fake_path/present'
E/Genymotion(  324): Could not open '/sys/class/power_supply/genymotion_fake_path/present'
E/Genymotion(  324): Could not open '/sys/class/power_supply/genymotion_fake_path/present'
E/Genymotion(  324): Could not open '/sys/class/power_supply/genymotion_fake_path/present'
E/Genymotion(  324): Could not open '/sys/class/power_supply/genymotion_fake_path/present'
E/Genymotion(  324): Could not open '/sys/class/power_supply/genymotion_fake_path/present'
E/Genymotion(  324): Could not open '/sys/class/power_supply/genymotion_fake_path/present'
E/Genymotion(  324): Could not open '/sys/class/power_supply/genymotion_fake_path/present'
D/AndroidRuntime( 1967): 
D/AndroidRuntime( 1967): >>>>>> AndroidRuntime START com.android.internal.os.RuntimeInit <<<<<<
D/AndroidRuntime( 1967): CheckJNI is OFF
D/dalvikvm( 1967): Unable to stat classpath element '/system/framework/filterfw.jar'
D/dalvikvm( 1967): Trying to load lib libjavacore.so 0x0
D/dalvikvm( 1967): Added shared lib libjavacore.so 0x0
D/dalvikvm( 1967): Trying to load lib libnativehelper.so 0x0
D/dalvikvm( 1967): Added shared lib libnativehelper.so 0x0
D/AndroidRuntime( 1967): Calling main entry com.android.commands.pm.Pm
D/dalvikvm(  324): GC_CONCURRENT freed 288K, 39% free 10730K/17543K, paused 11ms+2ms, total 29ms
W/ActivityManager(  324): No content provider found for permission revoke: file:///data/local/tmp/android-debug.apk
W/ActivityManager(  324): No content provider found for permission revoke: file:///data/local/tmp/android-debug.apk
D/dalvikvm(  324): GC_CONCURRENT freed 393K, 38% free 10948K/17543K, paused 11ms+12ms, total 38ms
D/dalvikvm(  324): GC_CONCURRENT freed 746K, 38% free 10947K/17543K, paused 12ms+3ms, total 37ms
D/dalvikvm(  324): GC_CONCURRENT freed 668K, 38% free 10951K/17543K, paused 11ms+12ms, total 38ms
I/PackageManager(  324): Removing non-system package:com.ionicframework.biogam584955
I/ActivityManager(  324): Force stopping package com.ionicframework.biogam584955 uid=10048
I/ActivityManager(  324): Killing proc 1929:com.ionicframework.biogam584955/u0a48: force stop
W/ActivityManager(  324): Force removing ActivityRecord{53601be8 com.ionicframework.biogam584955/.MainActivity}: app died, no saved state
E/JavaBinder(  324): !!! FAILED BINDER TRANSACTION !!!
I/qtaguid (  324): Failed write_ctrl(s 0 10048) res=-1 errno=1
W/NetworkManagementSocketTagger(  324): setKernelCountSet(10048, 0) failed with errno -1
I/qtaguid (  324): Failed write_ctrl(s 1 10021) res=-1 errno=1
W/NetworkManagementSocketTagger(  324): setKernelCountSet(10021, 1) failed with errno -1
I/WindowState(  324): WIN DEATH: Window{536b4508 com.ionicframework.biogam584955/com.ionicframework.biogam584955.MainActivity paused=false}
I/PackageManager(  324): Running dexopt on: com.ionicframework.biogam584955
I/PackageManager(  324): Package com.ionicframework.biogam584955 codePath changed from /data/app/com.ionicframework.biogam584955-1.apk to /data/app/com.ionicframework.biogam584955-2.apk; Retaining data and using new
W/EGL_genymotion(  729): eglSurfaceAttrib not implemented
D/dalvikvm( 1977): Unable to stat classpath element '/system/framework/filterfw.jar'
D/dalvikvm(  729): GC_FOR_ALLOC freed 3875K, 46% free 10769K/19847K, paused 25ms, total 30ms
W/InputMethodManagerService(  324): Got RemoteException sending setActive(false) notification to pid 1929 uid 10048
D/OpenGLRenderer(  729): TextureCache::get: create texture(0xb93ca330): name, size, mSize = 421, 72, 243196
D/OpenGLRenderer(  729): TextureCache::get: create texture(0xb939da28): name, size, mSize = 422, 144, 243340
D/OpenGLRenderer(  729): TextureCache::get: create texture(0xb950ca30): name, size, mSize = 423, 20736, 264076
D/OpenGLRenderer(  729): TextureCache::get: create texture(0xb93c00e0): name, size, mSize = 424, 20736, 284812
D/OpenGLRenderer(  729): TextureCache::get: create texture(0xb9460000): name, size, mSize = 425, 20736, 305548
D/OpenGLRenderer(  729): TextureCache::get: create texture(0xb950cd38): name, size, mSize = 426, 20736, 326284
D/OpenGLRenderer(  729): TextureCache::get: create texture(0xb950cdc8): name, size, mSize = 427, 20736, 347020
D/OpenGLRenderer(  729): TextureCache::get: create texture(0xb93c7020): name, size, mSize = 428, 20736, 367756
D/OpenGLRenderer(  729): TextureCache::get: create texture(0xb9511488): name, size, mSize = 429, 20736, 388492
D/OpenGLRenderer(  729): TextureCache::get: create texture(0xb9511990): name, size, mSize = 430, 20736, 409228
D/OpenGLRenderer(  729): TextureCache::get: create texture(0xb94a2890): name, size, mSize = 431, 20736, 429964
D/dalvikvm(  729): GC_FOR_ALLOC freed 527K, 45% free 11007K/19847K, paused 46ms, total 53ms
D/dalvikvm( 1977): DexOpt: load 23ms, verify+opt 105ms, 548196 bytes
D/dalvikvm(  324): GC_CONCURRENT freed 865K, 39% free 10724K/17543K, paused 12ms+13ms, total 58ms
I/ActivityManager(  324): Force stopping package com.ionicframework.biogam584955 uid=10048
W/PackageManager(  324): Code path for pkg : com.ionicframework.biogam584955 changing from /data/app/com.ionicframework.biogam584955-1.apk to /data/app/com.ionicframework.biogam584955-2.apk
W/PackageManager(  324): Resource path for pkg : com.ionicframework.biogam584955 changing from /data/app/com.ionicframework.biogam584955-1.apk to /data/app/com.ionicframework.biogam584955-2.apk
D/PackageManager(  324): New package installed in /data/app/com.ionicframework.biogam584955-2.apk
D/dalvikvm(  729): GC_CONCURRENT freed 39K, 40% free 11964K/19847K, paused 11ms+1ms, total 24ms
I/ActivityManager(  324): Force stopping package com.ionicframework.biogam584955 uid=10048
D/dalvikvm(  729): GC_FOR_ALLOC freed 1426K, 42% free 11627K/19847K, paused 7ms, total 8ms
D/dalvikvm(  712): WAIT_FOR_CONCURRENT_GC blocked 0ms
I/dalvikvm-heap(  729): Grow heap (frag case) to 12.613MB for 1286220-byte allocation
D/dalvikvm(  712): GC_EXPLICIT freed 135K, 6% free 8330K/8839K, paused 0ms+1ms, total 9ms
D/dalvikvm(  324): WAIT_FOR_CONCURRENT_GC blocked 0ms
I/InputReader(  324): Reconfiguring input devices.  changes=0x00000010
D/dalvikvm(  729): GC_FOR_ALLOC freed 38K, 36% free 12845K/19847K, paused 59ms, total 59ms
D/dalvikvm(  324): GC_EXPLICIT freed 621K, 41% free 10469K/17543K, paused 11ms+2ms, total 65ms
D/dalvikvm(  729): GC_CONCURRENT freed <1K, 36% free 12851K/19847K, paused 15ms+17ms, total 38ms
D/PackageManager(  324): generateServicesMap(android.accounts.AccountAuthenticator): 2 services unchanged
D/dalvikvm(  729): WAIT_FOR_CONCURRENT_GC blocked 0ms
I/InputReader(  324): Reconfiguring input devices.  changes=0x00000010
D/PackageManager(  324): generateServicesMap(android.content.SyncAdapter): 4 services unchanged
D/PackageManager(  324): generateServicesMap(android.accounts.AccountAuthenticator): 2 services unchanged
D/PackageManager(  324): generateServicesMap(android.content.SyncAdapter): 4 services unchanged
D/BackupManagerService(  324): Received broadcast Intent { act=android.intent.action.PACKAGE_REMOVED dat=package:com.ionicframework.biogam584955 flg=0x8000010 (has extras) }
D/BackupManagerService(  324): Received broadcast Intent { act=android.intent.action.PACKAGE_ADDED dat=package:com.ionicframework.biogam584955 flg=0x8000010 (has extras) }
V/BackupManagerService(  324): removePackageParticipantsLocked: uid=10048 #1
D/dalvikvm(  324): WAIT_FOR_CONCURRENT_GC blocked 0ms
D/dalvikvm(  729): GC_EXPLICIT freed 3K, 36% free 12853K/19847K, paused 0ms+2ms, total 37ms
V/BackupManagerService(  324): addPackageParticipantsLocked: #1
W/ResourceType(  324): Failure getting entry for 0x7f060000 (t=5 e=0) in package 0 (error -75)
W/ResourceType(  324): Failure getting entry for 0x7f060000 (t=5 e=0) in package 0 (error -75)
W/InputMethodManagerService(  324): Found no subtypes in a system IME: com.android.inputmethod.pinyin
W/RecognitionManagerService(  324): no available voice recognition services found
D/OpenGLRenderer(  729): TextureCache::get: create texture(0xb9375c38): name, size, mSize = 435, 20736, 450700
D/dalvikvm(  729): GC_CONCURRENT freed 2801K, 42% free 11672K/19847K, paused 14ms+2ms, total 36ms
D/dalvikvm(  324): GC_EXPLICIT freed 447K, 40% free 10533K/17543K, paused 25ms+34ms, total 192ms
D/AndroidRuntime( 1967): Shutting down VM
D/dalvikvm( 1967): GC_CONCURRENT freed 96K, 90% free 445K/4096K, paused 0ms+1ms, total 2ms
I/AndroidRuntime( 1967): NOTE: attach of thread 'Binder_3' failed
D/dalvikvm(  729): GC_CONCURRENT freed 1211K, 42% free 11702K/19847K, paused 11ms+11ms, total 28ms
D/dalvikvm(  729): WAIT_FOR_CONCURRENT_GC blocked 7ms
D/dalvikvm(  729): GC_CONCURRENT freed 711K, 39% free 12253K/19847K, paused 11ms+9ms, total 26ms
D/dalvikvm(  729): WAIT_FOR_CONCURRENT_GC blocked 6ms
D/dalvikvm(  729): WAIT_FOR_CONCURRENT_GC blocked 6ms
D/dalvikvm(  729): GC_FOR_ALLOC freed 283K, 38% free 12494K/19847K, paused 7ms, total 7ms
D/dalvikvm(  729): GC_FOR_ALLOC freed 344K, 32% free 13590K/19847K, paused 26ms, total 26ms
D/dalvikvm(  729): GC_CONCURRENT freed <1K, 29% free 14114K/19847K, paused 18ms+5ms, total 36ms
D/OpenGLRenderer(  729): TextureCache::callback: name, removed size, mSize = 424, 20736, 429964
D/AndroidRuntime( 1987): 
D/AndroidRuntime( 1987): >>>>>> AndroidRuntime START com.android.internal.os.RuntimeInit <<<<<<
D/AndroidRuntime( 1987): CheckJNI is OFF
D/dalvikvm( 1987): Unable to stat classpath element '/system/framework/filterfw.jar'
D/dalvikvm( 1987): Trying to load lib libjavacore.so 0x0
D/dalvikvm( 1987): Added shared lib libjavacore.so 0x0
D/dalvikvm( 1987): Trying to load lib libnativehelper.so 0x0
D/dalvikvm( 1987): Added shared lib libnativehelper.so 0x0
W/ThrottleService(  324): unable to find stats for iface rmnet0
D/AndroidRuntime( 1987): Calling main entry com.android.commands.input.Input
I/Input   ( 1987): InjectKeyEvent: KeyEvent { action=ACTION_DOWN, keyCode=KEYCODE_MENU, scanCode=0, metaState=0, flags=0x0, repeatCount=0, eventTime=3120589, downTime=3120589, deviceId=-1, source=0x101 }
I/Input   ( 1987): InjectKeyEvent: KeyEvent { action=ACTION_UP, keyCode=KEYCODE_MENU, scanCode=0, metaState=0, flags=0x0, repeatCount=0, eventTime=3120589, downTime=3120589, deviceId=-1, source=0x101 }
D/AndroidRuntime( 1987): Shutting down VM
D/dalvikvm( 1987): GC_CONCURRENT freed 98K, 90% free 440K/4096K, paused 1ms+3ms, total 5ms
I/AndroidRuntime( 1987): NOTE: attach of thread 'Binder_1' failed
W/EGL_genymotion(  729): eglSurfaceAttrib not implemented
W/genymotion_audio(  128): out_write() limiting sleep time 39999 to 39909
D/AndroidRuntime( 1998): 
D/AndroidRuntime( 1998): >>>>>> AndroidRuntime START com.android.internal.os.RuntimeInit <<<<<<
D/AndroidRuntime( 1998): CheckJNI is OFF
D/dalvikvm( 1998): Unable to stat classpath element '/system/framework/filterfw.jar'
D/dalvikvm( 1998): Trying to load lib libjavacore.so 0x0
D/dalvikvm( 1998): Added shared lib libjavacore.so 0x0
D/dalvikvm( 1998): Trying to load lib libnativehelper.so 0x0
D/dalvikvm( 1998): Added shared lib libnativehelper.so 0x0
D/AndroidRuntime( 1998): Calling main entry com.android.commands.am.Am
I/ActivityManager(  324): START {act=android.intent.action.MAIN flg=0x10000000 cmp=com.ionicframework.biogam584955/.MainActivity u=0} from pid 1998
E/SocketStream(  125): readFully was waiting for 403440 bytes, got 14480 
E/SocketStream(  125): readFully was waiting for 388960 bytes, got 16192 
E/SocketStream(  125): readFully was waiting for 372768 bytes, got 12768 
E/SocketStream(  125): readFully was waiting for 360000 bytes, got 16192 
E/SocketStream(  125): readFully was waiting for 343808 bytes, got 16192 
E/SocketStream(  125): readFully was waiting for 327616 bytes, got 16192 
E/SocketStream(  125): readFully was waiting for 311424 bytes, got 16192 
E/SocketStream(  125): readFully was waiting for 295232 bytes, got 16192 
E/SocketStream(  125): readFully was waiting for 279040 bytes, got 16192 
E/SocketStream(  125): readFully was waiting for 262848 bytes, got 16192 
E/SocketStream(  125): readFully was waiting for 246656 bytes, got 16192 
E/SocketStream(  125): readFully was waiting for 230464 bytes, got 16192 
E/SocketStream(  125): readFully was waiting for 214272 bytes, got 16192 
E/SocketStream(  125): readFully was waiting for 198080 bytes, got 11840 
E/SocketStream(  125): readFully was waiting for 186240 bytes, got 16192 
E/SocketStream(  125): readFully was waiting for 170048 bytes, got 16192 
E/SocketStream(  125): readFully was waiting for 153856 bytes, got 16192 
E/SocketStream(  125): readFully was waiting for 137664 bytes, got 16192 
E/SocketStream(  125): readFully was waiting for 121472 bytes, got 16192 
E/SocketStream(  125): readFully was waiting for 105280 bytes, got 16192 
E/SocketStream(  125): readFully was waiting for 89088 bytes, got 16192 
E/SocketStream(  125): readFully was waiting for 72896 bytes, got 16192 
E/SocketStream(  125): readFully was waiting for 56704 bytes, got 16192 
E/SocketStream(  125): readFully was waiting for 40512 bytes, got 16192 
E/SocketStream(  125): readFully was waiting for 24320 bytes, got 16192 
D/dalvikvm( 2007): Late-enabling CheckJNI
I/ActivityManager(  324): Start proc com.ionicframework.biogam584955 for activity com.ionicframework.biogam584955/.MainActivity: pid=2007 uid=10048 gids={3003, 1015, 1028}
D/OpenGLRenderer(  729): TextureCache::flush: target size: 257978
D/OpenGLRenderer(  729): TextureCache::callback: name, removed size, mSize = 421, 72, 429892
D/OpenGLRenderer(  729): TextureCache::callback: name, removed size, mSize = 422, 144, 429748
D/OpenGLRenderer(  729): TextureCache::callback: name, removed size, mSize = 423, 20736, 409012
D/OpenGLRenderer(  729): TextureCache::callback: name, removed size, mSize = 435, 20736, 388276
D/OpenGLRenderer(  729): TextureCache::callback: name, removed size, mSize = 425, 20736, 367540
D/OpenGLRenderer(  729): TextureCache::callback: name, removed size, mSize = 426, 20736, 346804
D/OpenGLRenderer(  729): TextureCache::callback: name, removed size, mSize = 427, 20736, 326068
D/OpenGLRenderer(  729): TextureCache::callback: name, removed size, mSize = 428, 20736, 305332
D/OpenGLRenderer(  729): TextureCache::callback: name, removed size, mSize = 429, 20736, 284596
D/OpenGLRenderer(  729): TextureCache::callback: name, removed size, mSize = 430, 20736, 263860
D/OpenGLRenderer(  729): TextureCache::callback: name, removed size, mSize = 431, 20736, 243124
I/qtaguid (  324): Failed write_ctrl(s 1 10048) res=-1 errno=1
W/NetworkManagementSocketTagger(  324): setKernelCountSet(10048, 1) failed with errno -1
I/dalvikvm( 2007): Could not find method android.webkit.WebView.setWebContentsDebuggingEnabled, referenced from method org.apache.cordova.engine.SystemWebViewEngine.enableRemoteDebugging
W/dalvikvm( 2007): VFY: unable to resolve static method 273: Landroid/webkit/WebView;.setWebContentsDebuggingEnabled (Z)V
D/dalvikvm( 2007): VFY: replacing opcode 0x71 at 0x0001
I/dalvikvm( 2007): Could not find method android.webkit.WebSettings.setMediaPlaybackRequiresUserGesture, referenced from method org.apache.cordova.engine.SystemWebViewEngine.initWebViewSettings
W/dalvikvm( 2007): VFY: unable to resolve virtual method 261: Landroid/webkit/WebSettings;.setMediaPlaybackRequiresUserGesture (Z)V
D/dalvikvm( 2007): VFY: replacing opcode 0x6e at 0x0080
I/dalvikvm( 2007): Could not find method android.webkit.CookieManager.setAcceptThirdPartyCookies, referenced from method org.apache.cordova.engine.SystemCookieManager.<init>
W/dalvikvm( 2007): VFY: unable to resolve virtual method 225: Landroid/webkit/CookieManager;.setAcceptThirdPartyCookies (Landroid/webkit/WebView;Z)V
D/dalvikvm( 2007): VFY: replacing opcode 0x6e at 0x0016
I/dalvikvm( 2007): Could not find method android.webkit.CookieManager.flush, referenced from method org.apache.cordova.engine.SystemCookieManager.flush
W/dalvikvm( 2007): VFY: unable to resolve virtual method 220: Landroid/webkit/CookieManager;.flush ()V
D/dalvikvm( 2007): VFY: replacing opcode 0x6e at 0x0008
W/dalvikvm( 2007): VFY: unable to find class referenced in signature (Landroid/webkit/ClientCertRequest;)
W/dalvikvm( 2007): VFY: unable to find class referenced in signature (Landroid/webkit/ClientCertRequest;)
I/dalvikvm( 2007): Could not find method android.webkit.WebViewClient.onReceivedClientCertRequest, referenced from method org.apache.cordova.engine.SystemWebViewClient.onReceivedClientCertRequest
W/dalvikvm( 2007): VFY: unable to resolve virtual method 278: Landroid/webkit/WebViewClient;.onReceivedClientCertRequest (Landroid/webkit/WebView;Landroid/webkit/ClientCertRequest;)V
D/dalvikvm( 2007): VFY: replacing opcode 0x6f at 0x001a
W/dalvikvm( 2007): VFY: unable to find class referenced in signature (Landroid/webkit/PermissionRequest;)
I/dalvikvm( 2007): Could not find method android.webkit.PermissionRequest.getResources, referenced from method org.apache.cordova.engine.SystemWebChromeClient.onPermissionRequest
W/dalvikvm( 2007): VFY: unable to resolve virtual method 236: Landroid/webkit/PermissionRequest;.getResources ()[Ljava/lang/String;
D/dalvikvm( 2007): VFY: replacing opcode 0x6e at 0x000d
I/dalvikvm( 2007): Could not find method android.webkit.WebChromeClient$FileChooserParams.createIntent, referenced from method org.apache.cordova.engine.SystemWebChromeClient.onShowFileChooser
W/dalvikvm( 2007): VFY: unable to resolve virtual method 241: Landroid/webkit/WebChromeClient$FileChooserParams;.createIntent ()Landroid/content/Intent;
D/dalvikvm( 2007): VFY: replacing opcode 0x6e at 0x0000
D/SystemWebViewEngine( 2007): CordovaWebView is running on device made by: Genymotion
I/SystemWebViewEngine( 2007): Disabled addJavascriptInterface() bridge since Android version is old.
V/StatusBar( 2007): StatusBar: initialization
D/libEGL  ( 2007): loaded /system/lib/egl/libEGL_genymotion.so
D/        ( 2007): HostConnection::get() New Host Connection established 0xb9418bb0, tid 2007
D/dalvikvm( 2007): GC_CONCURRENT freed 142K, 3% free 8223K/8455K, paused 11ms+1ms, total 33ms
E/SocketStream( 2007): readFully was waiting for 6528 bytes, got 4344 
E/SocketStream( 2007): readFully was waiting for 2184 bytes, got 1448 
D/libEGL  ( 2007): loaded /system/lib/egl/libGLESv1_CM_genymotion.so
D/libEGL  ( 2007): loaded /system/lib/egl/libGLESv2_genymotion.so
W/EGL_genymotion( 2007): eglSurfaceAttrib not implemented
D/OpenGLRenderer( 2007): Enabling debug mode 0
E/Genymotion(  324): Could not open '/sys/class/power_supply/genymotion_fake_path/present'
I/ActivityManager(  324): Displayed com.ionicframework.biogam584955/.MainActivity: +387ms
D/AndroidRuntime( 1998): Shutting down VM
D/dalvikvm( 1998): GC_CONCURRENT freed 98K, 89% free 478K/4096K, paused 1ms+0ms, total 2ms
I/AndroidRuntime( 1998): NOTE: attach of thread 'Binder_3' failed
I/qtaguid (  324): Failed write_ctrl(s 0 10021) res=-1 errno=1
W/NetworkManagementSocketTagger(  324): setKernelCountSet(10021, 0) failed with errno -1
D/JsMessageQueue( 2007): Set native->JS mode to OnlineEventsBridgeMode
D/dalvikvm( 2007): GC_FOR_ALLOC freed 303K, 6% free 8299K/8775K, paused 1ms, total 3ms
V/StatusBar( 2007): Executing action: _ready
D/TilesManager( 2007): new EGLContext from framework: b950fe28 
D/GLWebViewState( 2007): Reinit shader
D/GLWebViewState( 2007): Reinit transferQueue
V/StatusBar( 2007): Executing action: styleDefault
D/dalvikvm(  324): GC_CONCURRENT freed 354K, 39% free 10741K/17543K, paused 12ms+13ms, total 52ms
E/Genymotion(  324): Could not open '/sys/class/power_supply/genymotion_fake_path/present'
E/Genymotion(  324): Could not open '/sys/class/power_supply/genymotion_fake_path/present'
E/Genymotion(  324): Could not open '/sys/class/power_supply/genymotion_fake_path/present'
E/Genymotion(  324): Could not open '/sys/class/power_supply/genymotion_fake_path/present'
E/Genymotion(  324): Could not open '/sys/class/power_supply/genymotion_fake_path/present'
E/Genymotion(  324): Could not open '/sys/class/power_supply/genymotion_fake_path/present'
D/AndroidRuntime( 2043): 
D/AndroidRuntime( 2043): >>>>>> AndroidRuntime START com.android.internal.os.RuntimeInit <<<<<<
D/AndroidRuntime( 2043): CheckJNI is OFF
D/dalvikvm( 2043): Unable to stat classpath element '/system/framework/filterfw.jar'
D/dalvikvm( 2043): Trying to load lib libjavacore.so 0x0
D/dalvikvm( 2043): Added shared lib libjavacore.so 0x0
D/dalvikvm( 2043): Trying to load lib libnativehelper.so 0x0
D/dalvikvm( 2043): Added shared lib libnativehelper.so 0x0
D/AndroidRuntime( 2043): Calling main entry com.android.commands.pm.Pm
W/ActivityManager(  324): No content provider found for permission revoke: file:///data/local/tmp/android-debug.apk
W/ActivityManager(  324): No content provider found for permission revoke: file:///data/local/tmp/android-debug.apk
D/dalvikvm(  324): GC_CONCURRENT freed 471K, 39% free 10863K/17543K, paused 11ms+12ms, total 38ms
D/dalvikvm(  324): GC_CONCURRENT freed 574K, 38% free 10949K/17543K, paused 1ms+2ms, total 16ms
D/dalvikvm(  324): GC_CONCURRENT freed 653K, 38% free 10965K/17543K, paused 11ms+2ms, total 26ms
D/dalvikvm(  324): GC_CONCURRENT freed 646K, 38% free 10958K/17543K, paused 10ms+1ms, total 20ms
I/PackageManager(  324): Removing non-system package:com.ionicframework.biogam584955
I/ActivityManager(  324): Force stopping package com.ionicframework.biogam584955 uid=10048
I/ActivityManager(  324): Killing proc 2007:com.ionicframework.biogam584955/u0a48: force stop
W/ActivityManager(  324): Force removing ActivityRecord{53559c04 com.ionicframework.biogam584955/.MainActivity}: app died, no saved state
W/InputDispatcher(  324): channel '536c2b90 com.ionicframework.biogam584955/com.ionicframework.biogam584955.MainActivity (server)' ~ Consumer closed input channel or an error occurred.  events=0x9
E/InputDispatcher(  324): channel '536c2b90 com.ionicframework.biogam584955/com.ionicframework.biogam584955.MainActivity (server)' ~ Channel is unrecoverably broken and will be disposed!
I/qtaguid (  324): Failed write_ctrl(s 0 10048) res=-1 errno=1
W/NetworkManagementSocketTagger(  324): setKernelCountSet(10048, 0) failed with errno -1
I/qtaguid (  324): Failed write_ctrl(s 1 10021) res=-1 errno=1
W/NetworkManagementSocketTagger(  324): setKernelCountSet(10021, 1) failed with errno -1
W/InputDispatcher(  324): Attempted to unregister already unregistered input channel '536c2b90 com.ionicframework.biogam584955/com.ionicframework.biogam584955.MainActivity (server)'
I/WindowState(  324): WIN DEATH: Window{536c2b90 com.ionicframework.biogam584955/com.ionicframework.biogam584955.MainActivity paused=false}
I/WindowManager(  324): WINDOW DIED Window{536c2b90 com.ionicframework.biogam584955/com.ionicframework.biogam584955.MainActivity paused=false}
I/PackageManager(  324): Running dexopt on: com.ionicframework.biogam584955
I/PackageManager(  324): Package com.ionicframework.biogam584955 codePath changed from /data/app/com.ionicframework.biogam584955-2.apk to /data/app/com.ionicframework.biogam584955-1.apk; Retaining data and using new
D/dalvikvm( 2053): Unable to stat classpath element '/system/framework/filterfw.jar'
W/EGL_genymotion(  729): eglSurfaceAttrib not implemented
W/InputMethodManagerService(  324): Got RemoteException sending setActive(false) notification to pid 2007 uid 10048
D/OpenGLRenderer(  729): TextureCache::get: create texture(0xb93ca330): name, size, mSize = 449, 72, 243196
D/OpenGLRenderer(  729): TextureCache::get: create texture(0xb939da28): name, size, mSize = 450, 144, 243340
D/OpenGLRenderer(  729): TextureCache::get: create texture(0xb950ca30): name, size, mSize = 451, 20736, 264076
D/dalvikvm(  729): GC_FOR_ALLOC freed 4756K, 45% free 11078K/19847K, paused 9ms, total 12ms
D/OpenGLRenderer(  729): TextureCache::get: create texture(0xb9375c38): name, size, mSize = 452, 20736, 284812
D/dalvikvm( 2053): DexOpt: load 5ms, verify+opt 42ms, 548196 bytes
D/OpenGLRenderer(  729): TextureCache::get: create texture(0xb9460000): name, size, mSize = 453, 20736, 305548
D/OpenGLRenderer(  729): TextureCache::get: create texture(0xb950cd38): name, size, mSize = 454, 20736, 326284
D/OpenGLRenderer(  729): TextureCache::get: create texture(0xb950cdc8): name, size, mSize = 455, 20736, 347020
D/OpenGLRenderer(  729): TextureCache::get: create texture(0xb93c7020): name, size, mSize = 456, 20736, 367756
I/ActivityManager(  324): Force stopping package com.ionicframework.biogam584955 uid=10048
W/PackageManager(  324): Code path for pkg : com.ionicframework.biogam584955 changing from /data/app/com.ionicframework.biogam584955-2.apk to /data/app/com.ionicframework.biogam584955-1.apk
W/PackageManager(  324): Resource path for pkg : com.ionicframework.biogam584955 changing from /data/app/com.ionicframework.biogam584955-2.apk to /data/app/com.ionicframework.biogam584955-1.apk
D/OpenGLRenderer(  729): TextureCache::get: create texture(0xb9511488): name, size, mSize = 457, 20736, 388492
D/OpenGLRenderer(  729): TextureCache::get: create texture(0xb9511990): name, size, mSize = 458, 20736, 409228
D/OpenGLRenderer(  729): TextureCache::get: create texture(0xb94a2890): name, size, mSize = 459, 20736, 429964
D/dalvikvm(  729): GC_CONCURRENT freed 110K, 40% free 11963K/19847K, paused 11ms+1ms, total 22ms
D/PackageManager(  324): New package installed in /data/app/com.ionicframework.biogam584955-1.apk
I/ActivityManager(  324): Force stopping package com.ionicframework.biogam584955 uid=10048
D/dalvikvm(  729): WAIT_FOR_CONCURRENT_GC blocked 0ms
D/dalvikvm(  712): WAIT_FOR_CONCURRENT_GC blocked 0ms
D/dalvikvm(  712): GC_EXPLICIT freed 135K, 6% free 8330K/8839K, paused 1ms+1ms, total 11ms
D/dalvikvm(  729): GC_EXPLICIT freed 1040K, 40% free 11968K/19847K, paused 1ms+2ms, total 56ms
D/dalvikvm(  324): WAIT_FOR_CONCURRENT_GC blocked 0ms
I/InputReader(  324): Reconfiguring input devices.  changes=0x00000010
I/InputReader(  324): Reconfiguring input devices.  changes=0x00000010
D/dalvikvm(  324): GC_EXPLICIT freed 849K, 39% free 10749K/17543K, paused 11ms+3ms, total 70ms
D/dalvikvm(  324): WAIT_FOR_CONCURRENT_GC blocked 0ms
D/dalvikvm(  729): GC_FOR_ALLOC freed 1109K, 41% free 11737K/19847K, paused 22ms, total 38ms
D/dalvikvm(  729): GC_FOR_ALLOC freed 39K, 35% free 12957K/19847K, paused 43ms, total 43ms
D/PackageManager(  324): generateServicesMap(android.accounts.AccountAuthenticator): 2 services unchanged
D/PackageManager(  324): generateServicesMap(android.content.SyncAdapter): 4 services unchanged
D/PackageManager(  324): generateServicesMap(android.accounts.AccountAuthenticator): 2 services unchanged
D/PackageManager(  324): generateServicesMap(android.content.SyncAdapter): 4 services unchanged
D/BackupManagerService(  324): Received broadcast Intent { act=android.intent.action.PACKAGE_REMOVED dat=package:com.ionicframework.biogam584955 flg=0x8000010 (has extras) }
D/BackupManagerService(  324): Received broadcast Intent { act=android.intent.action.PACKAGE_ADDED dat=package:com.ionicframework.biogam584955 flg=0x8000010 (has extras) }
V/BackupManagerService(  324): removePackageParticipantsLocked: uid=10048 #1
D/dalvikvm(  729): GC_CONCURRENT freed 503K, 34% free 13238K/19847K, paused 15ms+2ms, total 46ms
W/ResourceType(  324): Failure getting entry for 0x7f060000 (t=5 e=0) in package 0 (error -75)
V/BackupManagerService(  324): addPackageParticipantsLocked: #1
W/ResourceType(  324): Failure getting entry for 0x7f060000 (t=5 e=0) in package 0 (error -75)
W/InputMethodManagerService(  324): Found no subtypes in a system IME: com.android.inputmethod.pinyin
W/RecognitionManagerService(  324): no available voice recognition services found
D/OpenGLRenderer(  729): TextureCache::get: create texture(0xb948c118): name, size, mSize = 464, 20736, 450700
D/dalvikvm(  324): GC_EXPLICIT freed 661K, 41% free 10508K/17543K, paused 1ms+23ms, total 253ms
D/AndroidRuntime( 2043): Shutting down VM
