--------- beginning of /dev/log/system
D/Genyd   (   56): Connected to genybaseband
I/Genyd   (   56): Genyd running
D/local_opengl(  118): Starting local_opengl
D/local_opengl(  118): Getting player version
I/Vold    (  115): Vold 2.1 (the revenge) firing up
D/Vold    (  115): Volume usb state changing -1 (Initializing) -> 0 (No-Media)
I/genymotion_audio(  128): Starting pcm server
I/genymotion_audio(  128): out sampling rate 44100
D/        (   56): Socket deconnection
D/Genyd   (   56): Received Get Capabilities
D/        (   56): Socket deconnection
D/Genyd   (   56): Received Get GenymotionVersion
D/Genymotion(   56): Received Get GenymotionVersion
D/Genyd   (   56): Received Set Clipboard
D/Genymotion(   56): Received Set Clipboard
I/SystemServer(  324): Entered the Android system server!
I/SystemServer(  324): Entropy Mixer
W/EntropyMixer(  324): unable to load initial entropy (first boot?)
W/EntropyMixer(  324): java.io.FileNotFoundException: /data/system/entropy.dat: open failed: ENOENT (No such file or directory)
W/EntropyMixer(  324): 	at libcore.io.IoBridge.open(IoBridge.java:416)
W/EntropyMixer(  324): 	at java.io.FileInputStream.<init>(FileInputStream.java:78)
W/EntropyMixer(  324): 	at java.io.FileInputStream.<init>(FileInputStream.java:105)
W/EntropyMixer(  324): 	at com.android.server.RandomBlock.fromFile(RandomBlock.java:45)
W/EntropyMixer(  324): 	at com.android.server.EntropyMixer.loadInitialEntropy(EntropyMixer.java:99)
W/EntropyMixer(  324): 	at com.android.server.EntropyMixer.<init>(EntropyMixer.java:86)
W/EntropyMixer(  324): 	at com.android.server.EntropyMixer.<init>(EntropyMixer.java:76)
W/EntropyMixer(  324): 	at com.android.server.ServerThread.run(SystemServer.java:149)
W/EntropyMixer(  324): Caused by: libcore.io.ErrnoException: open failed: ENOENT (No such file or directory)
W/EntropyMixer(  324): 	at libcore.io.Posix.open(Native Method)
W/EntropyMixer(  324): 	at libcore.io.BlockGuardOs.open(BlockGuardOs.java:110)
W/EntropyMixer(  324): 	at libcore.io.IoBridge.open(IoBridge.java:400)
W/EntropyMixer(  324): 	... 7 more
I/SystemServer(  324): Power Manager
I/SystemServer(  324): Activity Manager
I/ActivityManager(  324): Memory class: 64
W/BatteryStatsImpl(  324): Couldn't get kernel wake lock stats
I/SystemServer(  324): Telephony Registry
I/ActivityManager(  324): Enabled StrictMode logging for AThread's Looper
I/SystemServer(  324): Scheduling Policy
I/SystemServer(  324): Package Manager
I/PackageManager(  324): No settings file; creating initial state
W/PackageManager(  324): Boot class path not found: /system/framework/filterfw.jar
I/Installer(  324): connecting...
D/Sensors (  324): Client connection accepted (44)
W/PackageParser(  324): No actions in intent filter at /system/app/Bluetooth.apk Binary XML file line #159
W/PackageParser(  324): No actions in intent filter at /system/app/CMFileManager.apk Binary XML file line #127
W/PackageParser(  324): No actions in intent filter at /system/app/Contacts.apk Binary XML file line #533
W/PackageManager(  324): Package com.android.camera desires unavailable shared library com.google.android.media.effects; ignoring!
W/PackageParser(  324): No actions in intent filter at /data/app/ApiDemos.apk Binary XML file line #2674
W/PackageParser(  324): No actions in intent filter at /data/app/ApiDemos.apk Binary XML file line #2680
W/PackageManager(  324): Package com.example.android.apis desires unavailable shared library com.example.will.never.exist; ignoring!
I/PackageManager(  324): Time to scan packages: 7.067 seconds
I/PackageManager(  324): Platform changed from 0 to 16; regranting permissions for internal storage
W/PackageManager(  324): Unknown permission com.google.android.googleapps.permission.GOOGLE_AUTH.mail in package com.android.contacts
W/PackageManager(  324): Unknown permission android.permission.ADD_SYSTEM_SERVICE in package com.android.phone
W/PackageManager(  324): Unknown permission com.google.android.googleapps.permission.GOOGLE_AUTH in package com.android.providers.calendar
W/PackageManager(  324): Unknown permission com.google.android.googleapps.permission.GOOGLE_AUTH.cl in package com.android.providers.calendar
W/PackageManager(  324): Unknown permission com.google.android.googleapps.permission.GOOGLE_AUTH.mail in package com.android.calendar
W/PackageManager(  324): Not granting permission android.permission.SEND_DOWNLOAD_COMPLETED_INTENTS to package com.android.browser (protectionLevel=2 flags=0x9be45)
W/PackageManager(  324): Unknown permission com.cyanogenmod.filemanager.permissions.READ_THEME in package com.cyanogenmod.filemanager
W/PackageManager(  324): Unknown permission com.google.android.googleapps.permission.GOOGLE_AUTH in package com.android.settings
W/PackageManager(  324): Unknown permission com.google.android.googleapps.permission.GOOGLE_AUTH in package com.android.providers.contacts
W/PackageManager(  324): Unknown permission com.google.android.googleapps.permission.GOOGLE_AUTH.cp in package com.android.providers.contacts
W/PackageManager(  324): Unknown permission com.google.android.googleapps.permission.ACCESS_GOOGLE_PASSWORD in package com.android.development
W/PackageManager(  324): Unknown permission com.google.android.googleapps.permission.GOOGLE_AUTH in package com.android.development
W/PackageManager(  324): Unknown permission com.google.android.googleapps.permission.GOOGLE_AUTH.ALL_SERVICES in package com.android.development
W/PackageManager(  324): Unknown permission com.google.android.googleapps.permission.GOOGLE_AUTH.YouTubeUser in package com.android.development
W/PackageManager(  324): Not granting permission android.permission.DEVICE_POWER to package com.android.deskclock (protectionLevel=2 flags=0x8be45)
I/SystemServer(  324): Account Manager
I/SystemServer(  324): Content Manager
I/SystemServer(  324): System Content Providers
I/SystemServer(  324): Lights Service
I/SystemServer(  324): Battery Service
D/Genymotion(  324): Switching to manual mode and setting default values
I/SystemServer(  324): Vibrator Service
I/SystemServer(  324): Alarm Manager
I/SystemServer(  324): Init Watchdog
I/SystemServer(  324): Window Manager
I/InputManager(  324): Initializing input manager
W/StatusBarManager(  324): warning: no STATUS_BAR_SERVICE
I/InputManager(  324): Starting input manager
I/WindowManager(  324): Enabled StrictMode logging for WMThread's Looper
I/SystemServer(  324): Bluetooth Service
I/WindowManager(  324): Enabled StrictMode for PolicyThread's Looper
I/SystemServer(  324): Input Method Service
W/InputMethodManagerService(  324): No IME selected. Choose the most applicable IME.
I/InputMethodManagerService(  324): No default found, using com.android.inputmethod.latin/.LatinIME
I/SystemServer(  324): Accessibility Manager
I/ActivityManager(  324): Config changed: {1.0 0mcc0mnc en_US sw320dp w320dp h508dp nrml long port ?uimode ?night -touch -keyb/h/h -nav/h s.2}
I/ActivityManager(  324): Config changed: {1.0 0mcc0mnc en_US sw320dp w320dp h508dp nrml long port ?uimode ?night finger qwerty/v/v dpad/v s.3}
I/SystemServer(  324): Mount Service
D/MountService(  324): got storage path: /mnt/sdcard description: Internal storage primary: true removable: false emulated: true mtpReserve: 100 allowMassStorage: false maxFileSize: 0
D/MountService(  324): using emulated external storage
I/SystemServer(  324): LockSettingsService
I/SystemServer(  324): Device Policy
I/SystemServer(  324): Status Bar
I/SystemServer(  324): Clipboard Service
I/SystemServer(  324): NetworkManagement Service
I/SystemServer(  324): Text Service Manager Service
D/VoldCmdListener(  115): volume list
I/SystemServer(  324): NetworkStats Service
D/MountService(  324): volume state changed for /mnt/USB (null -> removed)
D/VoldCmdListener(  115): asec list
I/PackageManager(  324): Platform changed from 0 to 16; regranting permissions for external storage
I/SystemServer(  324): NetworkPolicy Service
W/PackageManager(  324): Unknown permission com.google.android.googleapps.permission.GOOGLE_AUTH.mail in package com.android.contacts
I/SystemServer(  324): Wi-Fi P2pService
W/PackageManager(  324): Unknown permission android.permission.ADD_SYSTEM_SERVICE in package com.android.phone
W/PackageManager(  324): Unknown permission com.google.android.googleapps.permission.GOOGLE_AUTH in package com.android.providers.calendar
W/PackageManager(  324): Unknown permission com.google.android.googleapps.permission.GOOGLE_AUTH.cl in package com.android.providers.calendar
W/PackageManager(  324): Unknown permission com.google.android.googleapps.permission.GOOGLE_AUTH.mail in package com.android.calendar
W/PackageManager(  324): Not granting permission android.permission.SEND_DOWNLOAD_COMPLETED_INTENTS to package com.android.browser (protectionLevel=2 flags=0x9be45)
W/PackageManager(  324): Unknown permission com.cyanogenmod.filemanager.permissions.READ_THEME in package com.cyanogenmod.filemanager
W/PackageManager(  324): Unknown permission com.google.android.googleapps.permission.GOOGLE_AUTH in package com.android.settings
W/PackageManager(  324): Unknown permission com.google.android.googleapps.permission.GOOGLE_AUTH in package com.android.providers.contacts
W/PackageManager(  324): Unknown permission com.google.android.googleapps.permission.GOOGLE_AUTH.cp in package com.android.providers.contacts
W/PackageManager(  324): Unknown permission com.google.android.googleapps.permission.ACCESS_GOOGLE_PASSWORD in package com.android.development
W/PackageManager(  324): Unknown permission com.google.android.googleapps.permission.GOOGLE_AUTH in package com.android.development
W/PackageManager(  324): Unknown permission com.google.android.googleapps.permission.GOOGLE_AUTH.ALL_SERVICES in package com.android.development
W/PackageManager(  324): Unknown permission com.google.android.googleapps.permission.GOOGLE_AUTH.YouTubeUser in package com.android.development
W/PackageManager(  324): Not granting permission android.permission.DEVICE_POWER to package com.android.deskclock (protectionLevel=2 flags=0x8be45)
I/SystemServer(  324): Wi-Fi Service
I/SystemServer(  324): Connectivity Service
D/ConnectivityService(  324): ConnectivityService starting up
E/MobileDataStateTracker(  324): default: Ignoring feature request because could not acquire PhoneService
E/MobileDataStateTracker(  324): default: Could not enable APN type "default"
I/WifiService(  324): WifiService starting up with Wi-Fi enabled
D/WifiService(  324): setWifiEnabled: true pid=324, uid=1000
I/SystemServer(  324): Network Service Discovery Service
D/NsdService(  324): Network service discovery enabled true
I/SystemServer(  324): Throttle Service
I/SystemServer(  324): UpdateLock Service
I/SystemServer(  324): Notification Manager
I/SystemServer(  324): Device Storage Monitor
I/SystemServer(  324): Location Manager
I/SystemServer(  324): Country Detector
I/SystemServer(  324): Search Service
I/SystemServer(  324): DropBox Service
I/SystemServer(  324): Wallpaper Service
W/WallpaperService(  324): failed parsing /data/system/users/0/wallpaper_info.xml java.io.FileNotFoundException: /data/system/users/0/wallpaper_info.xml: open failed: ENOENT (No such file or directory)
I/SystemServer(  324): Audio Service
I/SystemServer(  324): Dock Observer
W/DockObserver(  324): This kernel does not have dock station support
I/SystemServer(  324): Wired Accessory Observer
W/WiredAccessoryObserver(  324): This kernel does not have wired headset support
W/WiredAccessoryObserver(  324): This kernel does not have usb audio support
W/WiredAccessoryObserver(  324): This kernel does not have HDMI audio support
I/SystemServer(  324): USB Service
I/SystemServer(  324): Serial Service
I/SystemServer(  324): UI Mode Manager Service
I/SystemServer(  324): Backup Service
V/BackupManagerService(  324): Initializing package tracking
V/BackupManagerService(  324): No ancestral data
V/BackupManagerService(  324): addPackageParticipantsLocked: all
I/BackupManagerService(  324): New app android never backed up; scheduling
D/BackupManagerService(  324): Now staging backup of android
I/BackupManagerService(  324): New app com.android.browser never backed up; scheduling
D/BackupManagerService(  324): Now staging backup of com.android.browser
I/BackupManagerService(  324): New app com.android.calendar never backed up; scheduling
D/BackupManagerService(  324): Now staging backup of com.android.calendar
I/BackupManagerService(  324): New app com.android.inputmethod.latin never backed up; scheduling
D/BackupManagerService(  324): Now staging backup of com.android.inputmethod.latin
I/BackupManagerService(  324): New app com.android.providers.settings never backed up; scheduling
D/BackupManagerService(  324): Now staging backup of com.android.providers.settings
I/BackupManagerService(  324): New app com.android.providers.userdictionary never backed up; scheduling
D/BackupManagerService(  324): Now staging backup of com.android.providers.userdictionary
I/BackupManagerService(  324): New app com.android.sharedstoragebackup never backed up; scheduling
D/BackupManagerService(  324): Now staging backup of com.android.sharedstoragebackup
V/BackupManagerService(  324): Registering transport android/com.android.internal.backup.LocalTransport = com.android.internal.backup.LocalTransport@5365ace8
V/BackupManagerService(  324): Starting with transport android/com.android.internal.backup.LocalTransport
V/BackupManagerService(  324): Google transport not present
I/BackupManagerService(  324): Backup enabled => false
I/BackupManagerService(  324): Opting out of backup
I/SystemServer(  324): AppWidget Service
I/SystemServer(  324): Recognition Service
I/SystemServer(  324): DiskStats Service
I/SystemServer(  324): SamplingProfiler Service
I/SystemServer(  324): NetworkTimeUpdateService
I/SystemServer(  324): CommonTimeManagementService
I/SystemServer(  324): CertBlacklister
I/SystemServer(  324): Genyd Service
I/ClipboardService(  324): Got clipboard for user=0
D/PowerManagerService(  324): system ready!
I/LockSettingsService(  324): Migrated lock settings to new location
I/ActivityManager(  324): Sending system update to: ComponentInfo{com.android.providers.calendar/com.android.providers.calendar.CalendarUpgradeReceiver}
I/ActivityManager(  324): Sending system update to: ComponentInfo{com.android.providers.contacts/com.android.providers.contacts.ContactsUpgradeReceiver}
I/ActivityManager(  324): Sending system update to: ComponentInfo{com.android.providers.media/com.android.providers.media.MediaUpgradeReceiver}
I/SystemServer(  324): Enabled StrictMode for system server main thread.
I/ActivityManager(  324): Start proc com.android.providers.calendar for broadcast com.android.providers.calendar/.CalendarUpgradeReceiver: pid=476 uid=10007 gids={3003, 1015, 1028}
I/ActivityManager(  324): Launching preboot mode app: ProcessRecord{539b1c84 476:com.android.providers.calendar/u0a7}
I/ActivityManager(  324): Start proc android.process.acore for broadcast com.android.providers.contacts/.ContactsUpgradeReceiver: pid=489 uid=10000 gids={3003, 1015, 1028}
I/ActivityManager(  324): Launching preboot mode app: ProcessRecord{536c337c 489:android.process.acore/u0a0}
I/ActivityManager(  324): Start proc android.process.media for broadcast com.android.providers.media/.MediaUpgradeReceiver: pid=503 uid=10014 gids={1015, 1023, 1024, 1028, 1006, 2001, 3003, 3007}
I/ActivityManager(  324): Launching preboot mode app: ProcessRecord{53607370 503:android.process.media/u0a14}
I/ActivityManager(  324): Writing new set of last done pre-boot receivers...
I/ActivityManager(  324): Removing system update proc: ProcessRecord{539b1c84 476:com.android.providers.calendar/u0a7}
I/ActivityManager(  324): Killing proc 476:com.android.providers.calendar/u0a7: system update done
I/ActivityManager(  324): Removing system update proc: ProcessRecord{536c337c 489:android.process.acore/u0a0}
I/ActivityManager(  324): Killing proc 489:android.process.acore/u0a0: system update done
I/ActivityManager(  324): Removing system update proc: ProcessRecord{53607370 503:android.process.media/u0a14}
I/ActivityManager(  324): Killing proc 503:android.process.media/u0a14: system update done
I/ActivityManager(  324): System now ready
I/SystemServer(  324): Making services ready
D/SystemServer(  324): Starting service: Intent { cmp=com.android.systemui/.SystemUIService }
I/ActivityManager(  324): Start proc com.android.systemui for service com.android.systemui/.SystemUIService: pid=516 uid=10040 gids={1028, 1015, 3002, 3001}
D/NetworkManagementService(  324): enabling bandwidth control
D/SystemUIService(  516): loading: class com.android.systemui.statusbar.phone.PhoneStatusBar
D/SystemUIService(  516): running: com.android.systemui.statusbar.phone.PhoneStatusBar@5355b538
I/StatusBarManagerService(  324): registerStatusBar bar=com.android.internal.statusbar.IStatusBar$Stub$Proxy@536e7e6c
D/PhoneStatusBar(  516): disable: < expand icons alerts ticker system_info back home recent clock >
D/StorageNotification(  516): Startup with UMS connection false (media state mounted)
D/SystemUIService(  516): loading: class com.android.systemui.power.PowerUI
D/SystemUIService(  516): running: com.android.systemui.power.PowerUI@53596900
D/SystemUIService(  516): loading: class com.android.systemui.media.RingtonePlayer
D/SystemUIService(  516): running: com.android.systemui.media.RingtonePlayer@53596f10
I/StorageNotification(  516): UMS connection changed to false (media state mounted)
I/ActivityManager(  324): Config changed: {1.0 0mcc0mnc en_US sw320dp w320dp h508dp nrml long port finger qwerty/v/v dpad/v s.4}
W/RecognitionManagerService(  324): no available voice recognition services found
W/AppWidgetServiceImpl(  324): Failed to read state: java.io.FileNotFoundException: /data/system/users/0/appwidgets.xml: open failed: ENOENT (No such file or directory)
W/InputMethodManagerService(  324): Ignoring setImeWindowStatus of uid 1000 token: null
W/InputMethodManagerService(  324): Found no subtypes in a system IME: com.android.inputmethod.pinyin
D/WifiService(  324): New client listening to asynchronous messages
W/InputMethodManagerService(  324): Reset the default IME as "Resource" is ready here.
W/InputMethodManagerService(  324): Found no subtypes in a system IME: com.android.inputmethod.pinyin
I/InputMethodManagerService(  324): Selected default: com.android.inputmethod.latin/.LatinIME
I/ActivityManager(  324): Start proc com.android.inputmethod.latin for service com.android.inputmethod.latin/.LatinIME: pid=573 uid=10020 gids={1028}
W/InputMethodManagerService(  324): Illegal subtype state: old subtype = null, new subtype = android.view.inputmethod.InputMethodSubtype@c9194f98
E/ThrottleService(  324): Error reading data file
I/ActivityManager(  324): Start proc com.android.phone for added application com.android.phone: pid=588 uid=1001 gids={3002, 3001, 3003, 1015, 1028}
I/ActivityManager(  324): START {act=android.intent.action.MAIN cat=[android.intent.category.HOME] flg=0x10000000 cmp=com.android.settings/.CryptKeeper u=0} from pid 0
W/SocketClient(  122): write error (Broken pipe)
W/ThrottleService(  324): unable to find stats for iface rmnet0
W/SocketClient(  122): write error (Broken pipe)
I/ActivityManager(  324): Start proc com.android.settings for activity com.android.settings/.CryptKeeper: pid=615 uid=1000 gids={1015, 3002, 3001, 3003, 1028}
W/ThrottleService(  324): unable to find stats for iface rmnet0
I/ActivityManager(  324): Start proc com.android.smspush for service com.android.smspush/.WapPushManager: pid=681 uid=10045 gids={1028}
I/ActivityManager(  324): START {act=android.intent.action.MAIN cat=[android.intent.category.HOME] flg=0x10000000 cmp=com.android.provision/.DefaultActivity u=0} from pid 0
W/InputMethodManagerService(  324): Found no subtypes in a system IME: com.android.inputmethod.pinyin
I/ActivityManager(  324): Start proc com.android.provision for activity com.android.provision/.DefaultActivity: pid=689 uid=10035 gids={1028}
E/ActivityThread(  573): Failed to find provider info for com.android.inputmethod.latin.dictionarypack
I/ActivityManager(  324): Start proc android.process.acore for content provider com.android.providers.userdictionary/.UserDictionaryProvider: pid=712 uid=10000 gids={3003, 1015, 1028}
D/ConnectivityService(  324): ConnectivityChange for WIFI: CONNECTED/CONNECTED
D/ConnectivityService(  324): ConnectivityChange for WIFI: CONNECTED/CONNECTED
D/ConnectivityService(  324): handleConnectivityChange: address are the same reset per doReset linkProperty[1]: resetMask=0
W/BackupManagerService(  324): dataChanged but no participant pkg='com.android.providers.settings' uid=10035
W/ActivityManager(  324): Unable to start service Intent { act=com.android.ussd.IExtendedNetworkService }: not found
I/ActivityManager(  324): START {act=android.intent.action.MAIN cat=[android.intent.category.HOME] flg=0x10000000 cmp=com.android.launcher/com.android.launcher2.Launcher u=0} from pid 0
I/ActivityManager(  324): Start proc com.android.launcher for activity com.android.launcher/com.android.launcher2.Launcher: pid=729 uid=10021 gids={1028}
I/ActivityManager(  324): Start proc com.android.calendar for broadcast com.android.calendar/.widget.CalendarAppWidgetService$CalendarFactory: pid=800 uid=10006 gids={3003, 1028}
I/ActivityManager(  324): Config changed: {1.0 0mcc0mnc en_US sw320dp w320dp h508dp nrml long port finger qwerty/v/v dpad/v s.5}
I/WifiService(  324): WifiService trying to set country code to us with persist set to true
W/BackupManagerService(  324): dataChanged but no participant pkg='com.android.providers.settings' uid=1001
I/ActivityManager(  324): Config changed: {1.0 310mcc260mnc en_US sw320dp w320dp h508dp nrml long port finger qwerty/v/v dpad/v s.6}
I/ActivityManager(  324): Start proc com.android.providers.calendar for content provider com.android.providers.calendar/.CalendarProvider2: pid=824 uid=10007 gids={3003, 1015, 1028}
I/ActivityManager(  324): Start proc com.android.deskclock for broadcast com.android.deskclock/.AlarmInitReceiver: pid=832 uid=10012 gids={1028}
D/ConnectivityService(  324): ConnectivityChange for mobile: CONNECTED/CONNECTED
D/ConnectivityService(  324): ConnectivityChange for mobile: DISCONNECTED/DISCONNECTED
D/ConnectivityService(  324): Attempting to switch to WIFI
I/NetworkPolicy(  324): no policy for active mobile network; generating default policy
W/BackupManagerService(  324): dataChanged but no participant pkg='com.android.providers.settings' uid=10012
I/ActivityManager(  324): Start proc com.android.exchange for content provider com.android.exchange/.provider.ExchangeDirectoryProvider: pid=878 uid=10016 gids={3003, 1015, 1028}
W/ActivityManager(  324): Permission denied: checkComponentPermission() owningUid=1000
W/BroadcastQueue(  324): Permission Denial: broadcasting Intent { act=android.appwidget.action.APPWIDGET_UPDATE_OPTIONS flg=0x10 cmp=com.android.settings/.widget.SettingsAppWidgetProvider (has extras) } from android (pid=729, uid=10021) is not exported from uid 1000 due to receiver com.android.settings/com.android.settings.widget.SettingsAppWidgetProvider
D/PowerManagerService(  324): bootCompleted
V/DevicePolicyManagerService(  324): Sending password expiration notifications for action android.intent.action.BOOT_COMPLETED
W/MountService(  324): Duplicate state transition (mounted -> mounted) for /mnt/sdcard
D/MountService(  324): sendStorageIntent Intent { act=android.intent.action.MEDIA_MOUNTED dat=file:///mnt/sdcard (has extras) }
I/ActivityManager(  324): Start proc com.android.contacts for broadcast com.android.contacts/.calllog.CallLogReceiver: pid=894 uid=10000 gids={3003, 1015, 1028}
V/WiredAccessoryObserver(  324): init()
I/ActivityManager(  324): Start proc android.process.media for content provider com.android.providers.downloads/.DownloadProvider: pid=925 uid=10014 gids={1015, 1023, 1024, 1028, 1006, 2001, 3003, 3007}
I/ActivityManager(  324): Start proc com.android.email for broadcast com.android.email/.service.EmailBroadcastReceiver: pid=957 uid=10015 gids={3003, 1015, 1028}
I/ActivityManager(  324): Start proc com.android.mms for broadcast com.android.mms/.transaction.MmsSystemEventReceiver: pid=978 uid=10026 gids={3003, 1015, 1028}
D/CountryDetector(  324): The first listener is added
I/ActivityManager(  324): Start proc com.android.voicedialer for broadcast com.android.voicedialer/.VoiceDialerReceiver: pid=1019 uid=10043 gids={3002, 1028}
I/LocationManagerService(  324): request passive (pid 324) 0 0
W/BackupManagerService(  324): dataChanged but no participant pkg='com.android.providers.settings' uid=10014
W/BackupManagerService(  324): dataChanged but no participant pkg='com.android.providers.settings' uid=10014
W/BackupManagerService(  324): dataChanged but no participant pkg='com.android.providers.settings' uid=10014
I/ActivityManager(  324): Start proc com.android.defcontainer for service com.android.defcontainer/.DefaultContainerService: pid=1058 uid=10011 gids={1015, 2001, 1028}
W/ActivityManager(  324): No content provider found for permission revoke: file:///data/local/tmp/android-debug.apk
W/ActivityManager(  324): No content provider found for permission revoke: file:///data/local/tmp/android-debug.apk
I/ActivityManager(  324): Force stopping package com.ionicframework.biogam584955 uid=10048
W/InputMethodManagerService(  324): Found no subtypes in a system IME: com.android.inputmethod.pinyin
D/BackupManagerService(  324): Received broadcast Intent { act=android.intent.action.PACKAGE_ADDED dat=package:com.ionicframework.biogam584955 flg=0x8000010 (has extras) }
V/BackupManagerService(  324): addPackageParticipantsLocked: #1
I/ActivityManager(  324): Start proc com.android.musicfx for broadcast com.android.musicfx/.Compatibility$Receiver: pid=1074 uid=10028 gids={3003, 3002, 1028}
I/ActivityManager(  324): Start proc com.svox.pico for broadcast com.svox.pico/.VoiceDataInstallerReceiver: pid=1089 uid=10033 gids={1015, 1028}
W/RecognitionManagerService(  324): no available voice recognition services found
I/ActivityManager(  324): Start proc com.noshufou.android.su for broadcast com.noshufou.android.su/.InstallReceiver: pid=1103 uid=10039 gids={3003, 1015, 1028}
I/ActivityManager(  324): Start proc com.android.quicksearchbox for broadcast com.android.quicksearchbox/.CorporaUpdateReceiver: pid=1116 uid=10036 gids={3003, 1028}
I/ActivityManager(  324): No longer want com.android.provision (pid 689): hidden #16
W/genymotion_audio(  128): out_write() limiting sleep time 116462 to 39909
W/genymotion_audio(  128): out_write() limiting sleep time 86031 to 39909
W/genymotion_audio(  128): out_write() limiting sleep time 69342 to 39909
W/genymotion_audio(  128): out_write() limiting sleep time 44671 to 39909
I/ActivityManager(  324): START {act=android.intent.action.MAIN flg=0x10000000 cmp=com.ionicframework.biogam584955/.MainActivity u=0} from pid 1145
I/ActivityManager(  324): Start proc com.ionicframework.biogam584955 for activity com.ionicframework.biogam584955/.MainActivity: pid=1154 uid=10048 gids={3003, 1015, 1028}
I/ActivityManager(  324): No longer want com.android.contacts (pid 894): hidden #16
W/ThrottleService(  324): unable to find stats for iface rmnet0
E/ThrottleService(  324): Error reading data file
W/InputMethodManagerService(  324): Starting input on non-focused client com.android.internal.view.IInputMethodClient$Stub$Proxy@537248e0 (uid=10048 pid=1154)
I/ActivityManager(  324): No longer want com.android.exchange (pid 878): hidden #16
W/genymotion_audio(  128): out_write() limiting sleep time 116462 to 39909
W/genymotion_audio(  128): out_write() limiting sleep time 83673 to 39909
W/genymotion_audio(  128): out_write() limiting sleep time 69342 to 39909
W/genymotion_audio(  128): out_write() limiting sleep time 45578 to 39909
I/ActivityManager(  324): START {act=android.intent.action.MAIN cat=[android.intent.category.LAUNCHER] flg=0x10200000 cmp=com.ionicframework.biogam584955/.MainActivity u=0} from pid 729
W/ActivityManager(  324): No content provider found for permission revoke: file:///data/local/tmp/android-debug.apk
W/ActivityManager(  324): No content provider found for permission revoke: file:///data/local/tmp/android-debug.apk
I/ActivityManager(  324): Force stopping package com.ionicframework.biogam584955 uid=10048
I/ActivityManager(  324): Killing proc 1154:com.ionicframework.biogam584955/u0a48: force stop
W/ActivityManager(  324): Force removing ActivityRecord{536f7df0 com.ionicframework.biogam584955/.MainActivity}: app died, no saved state
I/WindowState(  324): WIN DEATH: Window{536f6d34 com.ionicframework.biogam584955/com.ionicframework.biogam584955.MainActivity paused=false}
I/WindowManager(  324): WINDOW DIED Window{536f6d34 com.ionicframework.biogam584955/com.ionicframework.biogam584955.MainActivity paused=false}
I/PackageManager(  324): Package com.ionicframework.biogam584955 codePath changed from /data/app/com.ionicframework.biogam584955-1.apk to /data/app/com.ionicframework.biogam584955-2.apk; Retaining data and using new
W/InputMethodManagerService(  324): Got RemoteException sending setActive(false) notification to pid 1154 uid 10048
I/ActivityManager(  324): Force stopping package com.ionicframework.biogam584955 uid=10048
W/PackageManager(  324): Code path for pkg : com.ionicframework.biogam584955 changing from /data/app/com.ionicframework.biogam584955-1.apk to /data/app/com.ionicframework.biogam584955-2.apk
W/PackageManager(  324): Resource path for pkg : com.ionicframework.biogam584955 changing from /data/app/com.ionicframework.biogam584955-1.apk to /data/app/com.ionicframework.biogam584955-2.apk
I/ActivityManager(  324): Force stopping package com.ionicframework.biogam584955 uid=10048
I/ActivityManager(  324): Start proc com.android.keychain for broadcast com.android.keychain/.KeyChainBroadcastReceiver: pid=1232 uid=1000 gids={1015, 3002, 3001, 3003, 1028}
D/BackupManagerService(  324): Received broadcast Intent { act=android.intent.action.PACKAGE_REMOVED dat=package:com.ionicframework.biogam584955 flg=0x8000010 (has extras) }
D/BackupManagerService(  324): Received broadcast Intent { act=android.intent.action.PACKAGE_ADDED dat=package:com.ionicframework.biogam584955 flg=0x8000010 (has extras) }
V/BackupManagerService(  324): removePackageParticipantsLocked: uid=10048 #1
V/BackupManagerService(  324): addPackageParticipantsLocked: #1
W/InputMethodManagerService(  324): Found no subtypes in a system IME: com.android.inputmethod.pinyin
W/RecognitionManagerService(  324): no available voice recognition services found
I/ActivityManager(  324): START {act=android.intent.action.MAIN flg=0x10000000 cmp=com.ionicframework.biogam584955/.MainActivity u=0} from pid 1265
I/ActivityManager(  324): Start proc com.ionicframework.biogam584955 for activity com.ionicframework.biogam584955/.MainActivity: pid=1274 uid=10048 gids={3003, 1015, 1028}
D/Genyd   (   56): Received Set Clipboard
D/Genymotion(   56): Received Set Clipboard
I/ClipboardService(  324): Got clipboard for user=0
I/ClipboardService(  324): Got clipboard for user=0
I/ClipboardService(  324): Got clipboard for user=0
I/ClipboardService(  324): Got clipboard for user=0
I/ClipboardService(  324): Got clipboard for user=0
W/ActivityManager(  324): No content provider found for permission revoke: file:///data/local/tmp/android-debug.apk
W/ActivityManager(  324): No content provider found for permission revoke: file:///data/local/tmp/android-debug.apk
I/ActivityManager(  324): Force stopping package com.ionicframework.biogam584955 uid=10048
I/ActivityManager(  324): Killing proc 1274:com.ionicframework.biogam584955/u0a48: force stop
W/ActivityManager(  324): Force removing ActivityRecord{5355b96c com.ionicframework.biogam584955/.MainActivity}: app died, no saved state
I/WindowState(  324): WIN DEATH: Window{5356622c com.ionicframework.biogam584955/com.ionicframework.biogam584955.MainActivity paused=false}
I/PackageManager(  324): Package com.ionicframework.biogam584955 codePath changed from /data/app/com.ionicframework.biogam584955-2.apk to /data/app/com.ionicframework.biogam584955-1.apk; Retaining data and using new
W/InputMethodManagerService(  324): Got RemoteException sending setActive(false) notification to pid 1274 uid 10048
I/ActivityManager(  324): Force stopping package com.ionicframework.biogam584955 uid=10048
W/PackageManager(  324): Code path for pkg : com.ionicframework.biogam584955 changing from /data/app/com.ionicframework.biogam584955-2.apk to /data/app/com.ionicframework.biogam584955-1.apk
W/PackageManager(  324): Resource path for pkg : com.ionicframework.biogam584955 changing from /data/app/com.ionicframework.biogam584955-2.apk to /data/app/com.ionicframework.biogam584955-1.apk
I/ActivityManager(  324): Force stopping package com.ionicframework.biogam584955 uid=10048
D/BackupManagerService(  324): Received broadcast Intent { act=android.intent.action.PACKAGE_REMOVED dat=package:com.ionicframework.biogam584955 flg=0x8000010 (has extras) }
D/BackupManagerService(  324): Received broadcast Intent { act=android.intent.action.PACKAGE_ADDED dat=package:com.ionicframework.biogam584955 flg=0x8000010 (has extras) }
V/BackupManagerService(  324): removePackageParticipantsLocked: uid=10048 #1
V/BackupManagerService(  324): addPackageParticipantsLocked: #1
W/InputMethodManagerService(  324): Found no subtypes in a system IME: com.android.inputmethod.pinyin
W/RecognitionManagerService(  324): no available voice recognition services found
I/ActivityManager(  324): START {act=android.intent.action.MAIN flg=0x10000000 cmp=com.ionicframework.biogam584955/.MainActivity u=0} from pid 1351
I/ActivityManager(  324): Start proc com.ionicframework.biogam584955 for activity com.ionicframework.biogam584955/.MainActivity: pid=1360 uid=10048 gids={3003, 1015, 1028}
W/ThrottleService(  324): unable to find stats for iface rmnet0
W/ThrottleService(  324): unable to find stats for iface rmnet0
D/Genyd   (   56): Received Set Clipboard
D/Genymotion(   56): Received Set Clipboard
I/ClipboardService(  324): Got clipboard for user=0
I/ClipboardService(  324): Got clipboard for user=0
I/ClipboardService(  324): Got clipboard for user=0
I/ClipboardService(  324): Got clipboard for user=0
I/ClipboardService(  324): Got clipboard for user=0
W/BatteryStatsImpl(  324): Couldn't get kernel wake lock stats
W/ActivityManager(  324): No content provider found for permission revoke: file:///data/local/tmp/android-debug.apk
W/ActivityManager(  324): No content provider found for permission revoke: file:///data/local/tmp/android-debug.apk
I/ActivityManager(  324): Force stopping package com.ionicframework.biogam584955 uid=10048
I/ActivityManager(  324): Killing proc 1360:com.ionicframework.biogam584955/u0a48: force stop
W/ActivityManager(  324): Force removing ActivityRecord{5355b96c com.ionicframework.biogam584955/.MainActivity}: app died, no saved state
I/WindowState(  324): WIN DEATH: Window{5370c990 com.ionicframework.biogam584955/com.ionicframework.biogam584955.MainActivity paused=false}
I/PackageManager(  324): Package com.ionicframework.biogam584955 codePath changed from /data/app/com.ionicframework.biogam584955-1.apk to /data/app/com.ionicframework.biogam584955-2.apk; Retaining data and using new
W/InputMethodManagerService(  324): Got RemoteException sending setActive(false) notification to pid 1360 uid 10048
I/ActivityManager(  324): Force stopping package com.ionicframework.biogam584955 uid=10048
W/PackageManager(  324): Code path for pkg : com.ionicframework.biogam584955 changing from /data/app/com.ionicframework.biogam584955-1.apk to /data/app/com.ionicframework.biogam584955-2.apk
W/PackageManager(  324): Resource path for pkg : com.ionicframework.biogam584955 changing from /data/app/com.ionicframework.biogam584955-1.apk to /data/app/com.ionicframework.biogam584955-2.apk
I/ActivityManager(  324): Force stopping package com.ionicframework.biogam584955 uid=10048
D/BackupManagerService(  324): Received broadcast Intent { act=android.intent.action.PACKAGE_REMOVED dat=package:com.ionicframework.biogam584955 flg=0x8000010 (has extras) }
D/BackupManagerService(  324): Received broadcast Intent { act=android.intent.action.PACKAGE_ADDED dat=package:com.ionicframework.biogam584955 flg=0x8000010 (has extras) }
V/BackupManagerService(  324): removePackageParticipantsLocked: uid=10048 #1
V/BackupManagerService(  324): addPackageParticipantsLocked: #1
W/InputMethodManagerService(  324): Found no subtypes in a system IME: com.android.inputmethod.pinyin
W/RecognitionManagerService(  324): no available voice recognition services found
I/ActivityManager(  324): START {act=android.intent.action.MAIN flg=0x10000000 cmp=com.ionicframework.biogam584955/.MainActivity u=0} from pid 1483
I/ActivityManager(  324): Start proc com.ionicframework.biogam584955 for activity com.ionicframework.biogam584955/.MainActivity: pid=1493 uid=10048 gids={3003, 1015, 1028}
W/ThrottleService(  324): unable to find stats for iface rmnet0
W/ActivityManager(  324): No content provider found for permission revoke: file:///data/local/tmp/android-debug.apk
W/ActivityManager(  324): No content provider found for permission revoke: file:///data/local/tmp/android-debug.apk
I/ActivityManager(  324): Force stopping package com.ionicframework.biogam584955 uid=10048
I/ActivityManager(  324): Killing proc 1493:com.ionicframework.biogam584955/u0a48: force stop
W/ActivityManager(  324): Force removing ActivityRecord{53601be8 com.ionicframework.biogam584955/.MainActivity}: app died, no saved state
I/WindowState(  324): WIN DEATH: Window{536c2b90 com.ionicframework.biogam584955/com.ionicframework.biogam584955.MainActivity paused=false}
I/PackageManager(  324): Package com.ionicframework.biogam584955 codePath changed from /data/app/com.ionicframework.biogam584955-2.apk to /data/app/com.ionicframework.biogam584955-1.apk; Retaining data and using new
W/InputMethodManagerService(  324): Got RemoteException sending setActive(false) notification to pid 1493 uid 10048
I/ActivityManager(  324): Force stopping package com.ionicframework.biogam584955 uid=10048
W/PackageManager(  324): Code path for pkg : com.ionicframework.biogam584955 changing from /data/app/com.ionicframework.biogam584955-2.apk to /data/app/com.ionicframework.biogam584955-1.apk
W/PackageManager(  324): Resource path for pkg : com.ionicframework.biogam584955 changing from /data/app/com.ionicframework.biogam584955-2.apk to /data/app/com.ionicframework.biogam584955-1.apk
I/ActivityManager(  324): Force stopping package com.ionicframework.biogam584955 uid=10048
D/BackupManagerService(  324): Received broadcast Intent { act=android.intent.action.PACKAGE_REMOVED dat=package:com.ionicframework.biogam584955 flg=0x8000010 (has extras) }
D/BackupManagerService(  324): Received broadcast Intent { act=android.intent.action.PACKAGE_ADDED dat=package:com.ionicframework.biogam584955 flg=0x8000010 (has extras) }
V/BackupManagerService(  324): removePackageParticipantsLocked: uid=10048 #1
V/BackupManagerService(  324): addPackageParticipantsLocked: #1
W/InputMethodManagerService(  324): Found no subtypes in a system IME: com.android.inputmethod.pinyin
W/RecognitionManagerService(  324): no available voice recognition services found
W/genymotion_audio(  128): out_write() limiting sleep time 116462 to 39909
W/genymotion_audio(  128): out_write() limiting sleep time 84761 to 39909
W/genymotion_audio(  128): out_write() limiting sleep time 70430 to 39909
W/genymotion_audio(  128): out_write() limiting sleep time 46666 to 39909
W/genymotion_audio(  128): out_write() limiting sleep time 43990 to 39909
I/ActivityManager(  324): START {act=android.intent.action.MAIN flg=0x10000000 cmp=com.ionicframework.biogam584955/.MainActivity u=0} from pid 1572
I/ActivityManager(  324): Start proc com.ionicframework.biogam584955 for activity com.ionicframework.biogam584955/.MainActivity: pid=1581 uid=10048 gids={3003, 1015, 1028}
W/ActivityManager(  324): No content provider found for permission revoke: file:///data/local/tmp/android-debug.apk
W/ActivityManager(  324): No content provider found for permission revoke: file:///data/local/tmp/android-debug.apk
I/ActivityManager(  324): Force stopping package com.ionicframework.biogam584955 uid=10048
I/ActivityManager(  324): Killing proc 1581:com.ionicframework.biogam584955/u0a48: force stop
W/ActivityManager(  324): Force removing ActivityRecord{5352dad0 com.ionicframework.biogam584955/.MainActivity}: app died, no saved state
I/WindowState(  324): WIN DEATH: Window{5366c668 com.ionicframework.biogam584955/com.ionicframework.biogam584955.MainActivity paused=false}
I/PackageManager(  324): Package com.ionicframework.biogam584955 codePath changed from /data/app/com.ionicframework.biogam584955-1.apk to /data/app/com.ionicframework.biogam584955-2.apk; Retaining data and using new
W/InputMethodManagerService(  324): Got RemoteException sending setActive(false) notification to pid 1581 uid 10048
I/ActivityManager(  324): Force stopping package com.ionicframework.biogam584955 uid=10048
W/PackageManager(  324): Code path for pkg : com.ionicframework.biogam584955 changing from /data/app/com.ionicframework.biogam584955-1.apk to /data/app/com.ionicframework.biogam584955-2.apk
W/PackageManager(  324): Resource path for pkg : com.ionicframework.biogam584955 changing from /data/app/com.ionicframework.biogam584955-1.apk to /data/app/com.ionicframework.biogam584955-2.apk
I/ActivityManager(  324): Force stopping package com.ionicframework.biogam584955 uid=10048
D/BackupManagerService(  324): Received broadcast Intent { act=android.intent.action.PACKAGE_REMOVED dat=package:com.ionicframework.biogam584955 flg=0x8000010 (has extras) }
D/BackupManagerService(  324): Received broadcast Intent { act=android.intent.action.PACKAGE_ADDED dat=package:com.ionicframework.biogam584955 flg=0x8000010 (has extras) }
V/BackupManagerService(  324): removePackageParticipantsLocked: uid=10048 #1
V/BackupManagerService(  324): addPackageParticipantsLocked: #1
W/InputMethodManagerService(  324): Found no subtypes in a system IME: com.android.inputmethod.pinyin
W/RecognitionManagerService(  324): no available voice recognition services found
--------- beginning of /dev/log/main
D/dalvikvm( 1658): Trying to load lib libnativehelper.so 0x0
D/dalvikvm( 1658): Added shared lib libnativehelper.so 0x0
D/AndroidRuntime( 1658): Calling main entry com.android.commands.am.Am
I/ActivityManager(  324): START {act=android.intent.action.MAIN flg=0x10000000 cmp=com.ionicframework.biogam584955/.MainActivity u=0} from pid 1658
E/SocketStream(  125): readFully was waiting for 403440 bytes, got 14480 
E/SocketStream(  125): readFully was waiting for 388960 bytes, got 16192 
E/SocketStream(  125): readFully was waiting for 372768 bytes, got 12768 
E/SocketStream(  125): readFully was waiting for 360000 bytes, got 16192 
E/SocketStream(  125): readFully was waiting for 343808 bytes, got 16192 
E/SocketStream(  125): readFully was waiting for 327616 bytes, got 16192 
E/SocketStream(  125): readFully was waiting for 311424 bytes, got 16192 
E/SocketStream(  125): readFully was waiting for 295232 bytes, got 16192 
E/SocketStream(  125): readFully was waiting for 279040 bytes, got 16192 
E/SocketStream(  125): readFully was waiting for 262848 bytes, got 16192 
E/SocketStream(  125): readFully was waiting for 246656 bytes, got 16192 
E/SocketStream(  125): readFully was waiting for 230464 bytes, got 15264 
E/SocketStream(  125): readFully was waiting for 215200 bytes, got 16192 
E/SocketStream(  125): readFully was waiting for 199008 bytes, got 16192 
E/SocketStream(  125): readFully was waiting for 182816 bytes, got 16192 
E/SocketStream(  125): readFully was waiting for 166624 bytes, got 16192 
E/SocketStream(  125): readFully was waiting for 150432 bytes, got 16192 
E/SocketStream(  125): readFully was waiting for 134240 bytes, got 16192 
E/SocketStream(  125): readFully was waiting for 118048 bytes, got 16192 
E/SocketStream(  125): readFully was waiting for 101856 bytes, got 16192 
E/SocketStream(  125): readFully was waiting for 85664 bytes, got 16192 
E/SocketStream(  125): readFully was waiting for 69472 bytes, got 16192 
E/SocketStream(  125): readFully was waiting for 53280 bytes, got 16192 
E/SocketStream(  125): readFully was waiting for 37088 bytes, got 16192 
E/SocketStream(  125): readFully was waiting for 20896 bytes, got 16192 
D/dalvikvm( 1667): Late-enabling CheckJNI
I/ActivityManager(  324): Start proc com.ionicframework.biogam584955 for activity com.ionicframework.biogam584955/.MainActivity: pid=1667 uid=10048 gids={3003, 1015, 1028}
I/qtaguid (  324): Failed write_ctrl(s 1 10048) res=-1 errno=1
W/NetworkManagementSocketTagger(  324): setKernelCountSet(10048, 1) failed with errno -1
D/OpenGLRenderer(  729): TextureCache::flush: target size: 257978
D/OpenGLRenderer(  729): TextureCache::callback: name, removed size, mSize = 308, 72, 429892
D/OpenGLRenderer(  729): TextureCache::callback: name, removed size, mSize = 309, 144, 429748
D/OpenGLRenderer(  729): TextureCache::callback: name, removed size, mSize = 310, 20736, 409012
D/OpenGLRenderer(  729): TextureCache::callback: name, removed size, mSize = 327, 20736, 388276
D/OpenGLRenderer(  729): TextureCache::callback: name, removed size, mSize = 312, 20736, 367540
D/OpenGLRenderer(  729): TextureCache::callback: name, removed size, mSize = 313, 20736, 346804
D/OpenGLRenderer(  729): TextureCache::callback: name, removed size, mSize = 314, 20736, 326068
D/OpenGLRenderer(  729): TextureCache::callback: name, removed size, mSize = 315, 20736, 305332
D/OpenGLRenderer(  729): TextureCache::callback: name, removed size, mSize = 316, 20736, 284596
D/OpenGLRenderer(  729): TextureCache::callback: name, removed size, mSize = 317, 20736, 263860
D/OpenGLRenderer(  729): TextureCache::callback: name, removed size, mSize = 318, 20736, 243124
I/dalvikvm( 1667): Could not find method android.webkit.WebView.setWebContentsDebuggingEnabled, referenced from method org.apache.cordova.engine.SystemWebViewEngine.enableRemoteDebugging
W/dalvikvm( 1667): VFY: unable to resolve static method 273: Landroid/webkit/WebView;.setWebContentsDebuggingEnabled (Z)V
D/dalvikvm( 1667): VFY: replacing opcode 0x71 at 0x0001
I/dalvikvm( 1667): Could not find method android.webkit.WebSettings.setMediaPlaybackRequiresUserGesture, referenced from method org.apache.cordova.engine.SystemWebViewEngine.initWebViewSettings
W/dalvikvm( 1667): VFY: unable to resolve virtual method 261: Landroid/webkit/WebSettings;.setMediaPlaybackRequiresUserGesture (Z)V
D/dalvikvm( 1667): VFY: replacing opcode 0x6e at 0x0080
I/dalvikvm( 1667): Could not find method android.webkit.CookieManager.setAcceptThirdPartyCookies, referenced from method org.apache.cordova.engine.SystemCookieManager.<init>
W/dalvikvm( 1667): VFY: unable to resolve virtual method 225: Landroid/webkit/CookieManager;.setAcceptThirdPartyCookies (Landroid/webkit/WebView;Z)V
D/dalvikvm( 1667): VFY: replacing opcode 0x6e at 0x0016
I/dalvikvm( 1667): Could not find method android.webkit.CookieManager.flush, referenced from method org.apache.cordova.engine.SystemCookieManager.flush
W/dalvikvm( 1667): VFY: unable to resolve virtual method 220: Landroid/webkit/CookieManager;.flush ()V
D/dalvikvm( 1667): VFY: replacing opcode 0x6e at 0x0008
W/dalvikvm( 1667): VFY: unable to find class referenced in signature (Landroid/webkit/ClientCertRequest;)
W/dalvikvm( 1667): VFY: unable to find class referenced in signature (Landroid/webkit/ClientCertRequest;)
I/dalvikvm( 1667): Could not find method android.webkit.WebViewClient.onReceivedClientCertRequest, referenced from method org.apache.cordova.engine.SystemWebViewClient.onReceivedClientCertRequest
W/dalvikvm( 1667): VFY: unable to resolve virtual method 278: Landroid/webkit/WebViewClient;.onReceivedClientCertRequest (Landroid/webkit/WebView;Landroid/webkit/ClientCertRequest;)V
D/dalvikvm( 1667): VFY: replacing opcode 0x6f at 0x001a
W/dalvikvm( 1667): VFY: unable to find class referenced in signature (Landroid/webkit/PermissionRequest;)
I/dalvikvm( 1667): Could not find method android.webkit.PermissionRequest.getResources, referenced from method org.apache.cordova.engine.SystemWebChromeClient.onPermissionRequest
W/dalvikvm( 1667): VFY: unable to resolve virtual method 236: Landroid/webkit/PermissionRequest;.getResources ()[Ljava/lang/String;
D/dalvikvm( 1667): VFY: replacing opcode 0x6e at 0x000d
I/dalvikvm( 1667): Could not find method android.webkit.WebChromeClient$FileChooserParams.createIntent, referenced from method org.apache.cordova.engine.SystemWebChromeClient.onShowFileChooser
W/dalvikvm( 1667): VFY: unable to resolve virtual method 241: Landroid/webkit/WebChromeClient$FileChooserParams;.createIntent ()Landroid/content/Intent;
D/dalvikvm( 1667): VFY: replacing opcode 0x6e at 0x0000
D/SystemWebViewEngine( 1667): CordovaWebView is running on device made by: Genymotion
I/SystemWebViewEngine( 1667): Disabled addJavascriptInterface() bridge since Android version is old.
V/StatusBar( 1667): StatusBar: initialization
D/libEGL  ( 1667): loaded /system/lib/egl/libEGL_genymotion.so
D/        ( 1667): HostConnection::get() New Host Connection established 0xb9419cd0, tid 1667
D/libEGL  ( 1667): loaded /system/lib/egl/libGLESv1_CM_genymotion.so
D/libEGL  ( 1667): loaded /system/lib/egl/libGLESv2_genymotion.so
D/dalvikvm( 1667): GC_CONCURRENT freed 162K, 3% free 8194K/8391K, paused 1ms+1ms, total 14ms
W/EGL_genymotion( 1667): eglSurfaceAttrib not implemented
D/OpenGLRenderer( 1667): Enabling debug mode 0
I/ActivityManager(  324): Displayed com.ionicframework.biogam584955/.MainActivity: +333ms
D/AndroidRuntime( 1658): Shutting down VM
D/dalvikvm( 1658): GC_CONCURRENT freed 98K, 89% free 478K/4096K, paused 0ms+0ms, total 1ms
I/AndroidRuntime( 1658): NOTE: attach of thread 'Binder_3' failed
