D/dalvikvm( 2043): GC_CONCURRENT freed 96K, 90% free 445K/4096K, paused 0ms+0ms, total 1ms
I/AndroidRuntime( 2043): NOTE: attach of thread 'Binder_3' failed
D/dalvikvm(  729): GC_FOR_ALLOC freed 3323K, 45% free 11058K/19847K, paused 19ms, total 24ms
D/OpenGLRenderer(  729): TextureCache::callback: name, removed size, mSize = 452, 20736, 429964
D/dalvikvm(  729): GC_CONCURRENT freed 150K, 40% free 11958K/19847K, paused 11ms+0ms, total 25ms
D/dalvikvm(  729): WAIT_FOR_CONCURRENT_GC blocked 6ms
D/dalvikvm(  729): WAIT_FOR_CONCURRENT_GC blocked 9ms
D/dalvikvm(  729): GC_CONCURRENT freed 1612K, 42% free 11671K/19847K, paused 11ms+2ms, total 25ms
D/dalvikvm(  729): WAIT_FOR_CONCURRENT_GC blocked 2ms
D/dalvikvm(  729): WAIT_FOR_CONCURRENT_GC blocked 6ms
D/dalvikvm(  729): GC_FOR_ALLOC freed 316K, 42% free 11701K/19847K, paused 7ms, total 8ms
D/dalvikvm(  729): GC_CONCURRENT freed 36K, 35% free 12922K/19847K, paused 10ms+2ms, total 28ms
D/dalvikvm(  729): WAIT_FOR_CONCURRENT_GC blocked 13ms
D/dalvikvm(  729): GC_CONCURRENT freed 2254K, 39% free 12232K/19847K, paused 16ms+2ms, total 30ms
D/dalvikvm(  729): WAIT_FOR_CONCURRENT_GC blocked 7ms
D/AndroidRuntime( 2062): 
D/AndroidRuntime( 2062): >>>>>> AndroidRuntime START com.android.internal.os.RuntimeInit <<<<<<
D/AndroidRuntime( 2062): CheckJNI is OFF
D/dalvikvm( 2062): Unable to stat classpath element '/system/framework/filterfw.jar'
D/dalvikvm( 2062): Trying to load lib libjavacore.so 0x0
D/dalvikvm( 2062): Added shared lib libjavacore.so 0x0
D/dalvikvm( 2062): Trying to load lib libnativehelper.so 0x0
D/dalvikvm( 2062): Added shared lib libnativehelper.so 0x0
D/AndroidRuntime( 2062): Calling main entry com.android.commands.input.Input
I/Input   ( 2062): InjectKeyEvent: KeyEvent { action=ACTION_DOWN, keyCode=KEYCODE_MENU, scanCode=0, metaState=0, flags=0x0, repeatCount=0, eventTime=3155899, downTime=3155899, deviceId=-1, source=0x101 }
I/Input   ( 2062): InjectKeyEvent: KeyEvent { action=ACTION_UP, keyCode=KEYCODE_MENU, scanCode=0, metaState=0, flags=0x0, repeatCount=0, eventTime=3155899, downTime=3155899, deviceId=-1, source=0x101 }
D/AndroidRuntime( 2062): Shutting down VM
D/dalvikvm( 2062): GC_CONCURRENT freed 98K, 90% free 440K/4096K, paused 0ms+1ms, total 19ms
I/AndroidRuntime( 2062): NOTE: attach of thread 'Binder_1' failed
W/EGL_genymotion(  729): eglSurfaceAttrib not implemented
D/AndroidRuntime( 2073): 
D/AndroidRuntime( 2073): >>>>>> AndroidRuntime START com.android.internal.os.RuntimeInit <<<<<<
D/AndroidRuntime( 2073): CheckJNI is OFF
D/dalvikvm( 2073): Unable to stat classpath element '/system/framework/filterfw.jar'
D/dalvikvm( 2073): Trying to load lib libjavacore.so 0x0
D/dalvikvm( 2073): Added shared lib libjavacore.so 0x0
D/dalvikvm( 2073): Trying to load lib libnativehelper.so 0x0
D/dalvikvm( 2073): Added shared lib libnativehelper.so 0x0
D/AndroidRuntime( 2073): Calling main entry com.android.commands.am.Am
I/ActivityManager(  324): START {act=android.intent.action.MAIN flg=0x10000000 cmp=com.ionicframework.biogam584955/.MainActivity u=0} from pid 2073
E/SocketStream(  125): readFully was waiting for 403440 bytes, got 14480 
E/SocketStream(  125): readFully was waiting for 388960 bytes, got 16192 
E/SocketStream(  125): readFully was waiting for 372768 bytes, got 12768 
E/SocketStream(  125): readFully was waiting for 360000 bytes, got 16192 
E/SocketStream(  125): readFully was waiting for 343808 bytes, got 16192 
E/SocketStream(  125): readFully was waiting for 327616 bytes, got 16192 
E/SocketStream(  125): readFully was waiting for 311424 bytes, got 9344 
E/SocketStream(  125): readFully was waiting for 302080 bytes, got 16192 
E/SocketStream(  125): readFully was waiting for 285888 bytes, got 16192 
E/SocketStream(  125): readFully was waiting for 269696 bytes, got 16192 
E/SocketStream(  125): readFully was waiting for 253504 bytes, got 16192 
E/SocketStream(  125): readFully was waiting for 237312 bytes, got 16192 
E/SocketStream(  125): readFully was waiting for 221120 bytes, got 16192 
E/SocketStream(  125): readFully was waiting for 204928 bytes, got 16192 
E/SocketStream(  125): readFully was waiting for 188736 bytes, got 16192 
E/SocketStream(  125): readFully was waiting for 172544 bytes, got 16192 
E/SocketStream(  125): readFully was waiting for 156352 bytes, got 16192 
E/SocketStream(  125): readFully was waiting for 140160 bytes, got 16192 
E/SocketStream(  125): readFully was waiting for 123968 bytes, got 13024 
E/SocketStream(  125): readFully was waiting for 110944 bytes, got 16192 
E/SocketStream(  125): readFully was waiting for 94752 bytes, got 16192 
E/SocketStream(  125): readFully was waiting for 78560 bytes, got 16192 
E/SocketStream(  125): readFully was waiting for 62368 bytes, got 16192 
E/SocketStream(  125): readFully was waiting for 46176 bytes, got 16192 
E/SocketStream(  125): readFully was waiting for 29984 bytes, got 16192 
D/dalvikvm( 2082): Late-enabling CheckJNI
I/ActivityManager(  324): Start proc com.ionicframework.biogam584955 for activity com.ionicframework.biogam584955/.MainActivity: pid=2082 uid=10048 gids={3003, 1015, 1028}
I/qtaguid (  324): Failed write_ctrl(s 1 10048) res=-1 errno=1
W/NetworkManagementSocketTagger(  324): setKernelCountSet(10048, 1) failed with errno -1
D/OpenGLRenderer(  729): TextureCache::flush: target size: 257978
D/OpenGLRenderer(  729): TextureCache::callback: name, removed size, mSize = 449, 72, 429892
D/OpenGLRenderer(  729): TextureCache::callback: name, removed size, mSize = 450, 144, 429748
D/OpenGLRenderer(  729): TextureCache::callback: name, removed size, mSize = 451, 20736, 409012
D/OpenGLRenderer(  729): TextureCache::callback: name, removed size, mSize = 464, 20736, 388276
D/OpenGLRenderer(  729): TextureCache::callback: name, removed size, mSize = 453, 20736, 367540
D/OpenGLRenderer(  729): TextureCache::callback: name, removed size, mSize = 454, 20736, 346804
D/OpenGLRenderer(  729): TextureCache::callback: name, removed size, mSize = 455, 20736, 326068
D/OpenGLRenderer(  729): TextureCache::callback: name, removed size, mSize = 456, 20736, 305332
D/OpenGLRenderer(  729): TextureCache::callback: name, removed size, mSize = 457, 20736, 284596
D/OpenGLRenderer(  729): TextureCache::callback: name, removed size, mSize = 458, 20736, 263860
D/OpenGLRenderer(  729): TextureCache::callback: name, removed size, mSize = 459, 20736, 243124
I/dalvikvm( 2082): Could not find method android.webkit.WebView.setWebContentsDebuggingEnabled, referenced from method org.apache.cordova.engine.SystemWebViewEngine.enableRemoteDebugging
W/dalvikvm( 2082): VFY: unable to resolve static method 273: Landroid/webkit/WebView;.setWebContentsDebuggingEnabled (Z)V
D/dalvikvm( 2082): VFY: replacing opcode 0x71 at 0x0001
I/dalvikvm( 2082): Could not find method android.webkit.WebSettings.setMediaPlaybackRequiresUserGesture, referenced from method org.apache.cordova.engine.SystemWebViewEngine.initWebViewSettings
W/dalvikvm( 2082): VFY: unable to resolve virtual method 261: Landroid/webkit/WebSettings;.setMediaPlaybackRequiresUserGesture (Z)V
D/dalvikvm( 2082): VFY: replacing opcode 0x6e at 0x0080
I/dalvikvm( 2082): Could not find method android.webkit.CookieManager.setAcceptThirdPartyCookies, referenced from method org.apache.cordova.engine.SystemCookieManager.<init>
W/dalvikvm( 2082): VFY: unable to resolve virtual method 225: Landroid/webkit/CookieManager;.setAcceptThirdPartyCookies (Landroid/webkit/WebView;Z)V
D/dalvikvm( 2082): VFY: replacing opcode 0x6e at 0x0016
I/dalvikvm( 2082): Could not find method android.webkit.CookieManager.flush, referenced from method org.apache.cordova.engine.SystemCookieManager.flush
W/dalvikvm( 2082): VFY: unable to resolve virtual method 220: Landroid/webkit/CookieManager;.flush ()V
D/dalvikvm( 2082): VFY: replacing opcode 0x6e at 0x0008
W/dalvikvm( 2082): VFY: unable to find class referenced in signature (Landroid/webkit/ClientCertRequest;)
W/dalvikvm( 2082): VFY: unable to find class referenced in signature (Landroid/webkit/ClientCertRequest;)
I/dalvikvm( 2082): Could not find method android.webkit.WebViewClient.onReceivedClientCertRequest, referenced from method org.apache.cordova.engine.SystemWebViewClient.onReceivedClientCertRequest
W/dalvikvm( 2082): VFY: unable to resolve virtual method 278: Landroid/webkit/WebViewClient;.onReceivedClientCertRequest (Landroid/webkit/WebView;Landroid/webkit/ClientCertRequest;)V
D/dalvikvm( 2082): VFY: replacing opcode 0x6f at 0x001a
W/dalvikvm( 2082): VFY: unable to find class referenced in signature (Landroid/webkit/PermissionRequest;)
I/dalvikvm( 2082): Could not find method android.webkit.PermissionRequest.getResources, referenced from method org.apache.cordova.engine.SystemWebChromeClient.onPermissionRequest
W/dalvikvm( 2082): VFY: unable to resolve virtual method 236: Landroid/webkit/PermissionRequest;.getResources ()[Ljava/lang/String;
D/dalvikvm( 2082): VFY: replacing opcode 0x6e at 0x000d
I/dalvikvm( 2082): Could not find method android.webkit.WebChromeClient$FileChooserParams.createIntent, referenced from method org.apache.cordova.engine.SystemWebChromeClient.onShowFileChooser
W/dalvikvm( 2082): VFY: unable to resolve virtual method 241: Landroid/webkit/WebChromeClient$FileChooserParams;.createIntent ()Landroid/content/Intent;
D/dalvikvm( 2082): VFY: replacing opcode 0x6e at 0x0000
D/SystemWebViewEngine( 2082): CordovaWebView is running on device made by: Genymotion
I/SystemWebViewEngine( 2082): Disabled addJavascriptInterface() bridge since Android version is old.
V/StatusBar( 2082): StatusBar: initialization
D/dalvikvm( 2082): GC_CONCURRENT freed 148K, 3% free 8225K/8455K, paused 0ms+1ms, total 4ms
D/libEGL  ( 2082): loaded /system/lib/egl/libEGL_genymotion.so
D/        ( 2082): HostConnection::get() New Host Connection established 0xb942c9d0, tid 2082
E/Genymotion(  324): Could not open '/sys/class/power_supply/genymotion_fake_path/present'
D/libEGL  ( 2082): loaded /system/lib/egl/libGLESv1_CM_genymotion.so
D/libEGL  ( 2082): loaded /system/lib/egl/libGLESv2_genymotion.so
W/EGL_genymotion( 2082): eglSurfaceAttrib not implemented
D/OpenGLRenderer( 2082): Enabling debug mode 0
I/ActivityManager(  324): Displayed com.ionicframework.biogam584955/.MainActivity: +288ms
D/AndroidRuntime( 2073): Shutting down VM
D/dalvikvm( 2073): GC_CONCURRENT freed 98K, 89% free 478K/4096K, paused 0ms+1ms, total 6ms
I/AndroidRuntime( 2073): NOTE: attach of thread 'Binder_3' failed
I/qtaguid (  324): Failed write_ctrl(s 0 10021) res=-1 errno=1
W/NetworkManagementSocketTagger(  324): setKernelCountSet(10021, 0) failed with errno -1
D/JsMessageQueue( 2082): Set native->JS mode to OnlineEventsBridgeMode
D/dalvikvm( 2082): GC_FOR_ALLOC freed 462K, 8% free 8139K/8775K, paused 4ms, total 5ms
V/StatusBar( 2082): Executing action: _ready
D/TilesManager( 2082): new EGLContext from framework: b9652be0 
D/GLWebViewState( 2082): Reinit shader
D/GLWebViewState( 2082): Reinit transferQueue
V/StatusBar( 2082): Executing action: styleDefault
D/dalvikvm(  324): GC_CONCURRENT freed 295K, 39% free 10739K/17543K, paused 1ms+2ms, total 26ms
E/Genymotion(  324): Could not open '/sys/class/power_supply/genymotion_fake_path/present'
E/Genymotion(  324): Could not open '/sys/class/power_supply/genymotion_fake_path/present'
E/Genymotion(  324): Could not open '/sys/class/power_supply/genymotion_fake_path/present'
E/Genymotion(  324): Could not open '/sys/class/power_supply/genymotion_fake_path/present'
E/Genymotion(  324): Could not open '/sys/class/power_supply/genymotion_fake_path/present'
E/Genymotion(  324): Could not open '/sys/class/power_supply/genymotion_fake_path/present'
E/Genymotion(  324): Could not open '/sys/class/power_supply/genymotion_fake_path/present'
E/Genymotion(  324): Could not open '/sys/class/power_supply/genymotion_fake_path/present'
E/Genymotion(  324): Could not open '/sys/class/power_supply/genymotion_fake_path/present'
E/Genymotion(  324): Could not open '/sys/class/power_supply/genymotion_fake_path/present'
E/Genymotion(  324): Could not open '/sys/class/power_supply/genymotion_fake_path/present'
E/Genymotion(  324): Could not open '/sys/class/power_supply/genymotion_fake_path/present'
E/Genymotion(  324): Could not open '/sys/class/power_supply/genymotion_fake_path/present'
E/Genymotion(  324): Could not open '/sys/class/power_supply/genymotion_fake_path/present'
E/Genymotion(  324): Could not open '/sys/class/power_supply/genymotion_fake_path/present'
E/Genymotion(  324): Could not open '/sys/class/power_supply/genymotion_fake_path/present'
E/Genymotion(  324): Could not open '/sys/class/power_supply/genymotion_fake_path/present'
E/Genymotion(  324): Could not open '/sys/class/power_supply/genymotion_fake_path/present'
E/Genymotion(  324): Could not open '/sys/class/power_supply/genymotion_fake_path/present'
E/Genymotion(  324): Could not open '/sys/class/power_supply/genymotion_fake_path/present'
E/Genymotion(  324): Could not open '/sys/class/power_supply/genymotion_fake_path/present'
E/Genymotion(  324): Could not open '/sys/class/power_supply/genymotion_fake_path/present'
E/Genymotion(  324): Could not open '/sys/class/power_supply/genymotion_fake_path/present'
E/Genymotion(  324): Could not open '/sys/class/power_supply/genymotion_fake_path/present'
E/Genymotion(  324): Could not open '/sys/class/power_supply/genymotion_fake_path/present'
E/Genymotion(  324): Could not open '/sys/class/power_supply/genymotion_fake_path/present'
E/Genymotion(  324): Could not open '/sys/class/power_supply/genymotion_fake_path/present'
E/Genymotion(  324): Could not open '/sys/class/power_supply/genymotion_fake_path/present'
E/Genymotion(  324): Could not open '/sys/class/power_supply/genymotion_fake_path/present'
E/Genymotion(  324): Could not open '/sys/class/power_supply/genymotion_fake_path/present'
E/Genymotion(  324): Could not open '/sys/class/power_supply/genymotion_fake_path/present'
E/Genymotion(  324): Could not open '/sys/class/power_supply/genymotion_fake_path/present'
E/Genymotion(  324): Could not open '/sys/class/power_supply/genymotion_fake_path/present'
E/Genymotion(  324): Could not open '/sys/class/power_supply/genymotion_fake_path/present'
E/Genymotion(  324): Could not open '/sys/class/power_supply/genymotion_fake_path/present'
E/Genymotion(  324): Could not open '/sys/class/power_supply/genymotion_fake_path/present'
E/Genymotion(  324): Could not open '/sys/class/power_supply/genymotion_fake_path/present'
E/Genymotion(  324): Could not open '/sys/class/power_supply/genymotion_fake_path/present'
E/Genymotion(  324): Could not open '/sys/class/power_supply/genymotion_fake_path/present'
E/Genymotion(  324): Could not open '/sys/class/power_supply/genymotion_fake_path/present'
E/Genymotion(  324): Could not open '/sys/class/power_supply/genymotion_fake_path/present'
E/Genymotion(  324): Could not open '/sys/class/power_supply/genymotion_fake_path/present'
D/dalvikvm(  588): GC_CONCURRENT freed 417K, 6% free 8522K/9031K, paused 1ms+1ms, total 6ms
E/Genymotion(  324): Could not open '/sys/class/power_supply/genymotion_fake_path/present'
E/Genymotion(  324): Could not open '/sys/class/power_supply/genymotion_fake_path/present'
E/Genymotion(  324): Could not open '/sys/class/power_supply/genymotion_fake_path/present'
E/Genymotion(  324): Could not open '/sys/class/power_supply/genymotion_fake_path/present'
E/Genymotion(  324): Could not open '/sys/class/power_supply/genymotion_fake_path/present'
E/Genymotion(  324): Could not open '/sys/class/power_supply/genymotion_fake_path/present'
E/Genymotion(  324): Could not open '/sys/class/power_supply/genymotion_fake_path/present'
E/Genymotion(  324): Could not open '/sys/class/power_supply/genymotion_fake_path/present'
E/Genymotion(  324): Could not open '/sys/class/power_supply/genymotion_fake_path/present'
E/Genymotion(  324): Could not open '/sys/class/power_supply/genymotion_fake_path/present'
E/Genymotion(  324): Could not open '/sys/class/power_supply/genymotion_fake_path/present'
E/Genymotion(  324): Could not open '/sys/class/power_supply/genymotion_fake_path/present'
E/Genymotion(  324): Could not open '/sys/class/power_supply/genymotion_fake_path/present'
E/Genymotion(  324): Could not open '/sys/class/power_supply/genymotion_fake_path/present'
E/Genymotion(  324): Could not open '/sys/class/power_supply/genymotion_fake_path/present'
E/Genymotion(  324): Could not open '/sys/class/power_supply/genymotion_fake_path/present'
E/Genymotion(  324): Could not open '/sys/class/power_supply/genymotion_fake_path/present'
E/Genymotion(  324): Could not open '/sys/class/power_supply/genymotion_fake_path/present'
E/Genymotion(  324): Could not open '/sys/class/power_supply/genymotion_fake_path/present'
E/Genymotion(  324): Could not open '/sys/class/power_supply/genymotion_fake_path/present'
E/Genymotion(  324): Could not open '/sys/class/power_supply/genymotion_fake_path/present'
E/Genymotion(  324): Could not open '/sys/class/power_supply/genymotion_fake_path/present'
E/Genymotion(  324): Could not open '/sys/class/power_supply/genymotion_fake_path/present'
E/Genymotion(  324): Could not open '/sys/class/power_supply/genymotion_fake_path/present'
E/Genymotion(  324): Could not open '/sys/class/power_supply/genymotion_fake_path/present'
E/Genymotion(  324): Could not open '/sys/class/power_supply/genymotion_fake_path/present'
E/Genymotion(  324): Could not open '/sys/class/power_supply/genymotion_fake_path/present'
E/Genymotion(  324): Could not open '/sys/class/power_supply/genymotion_fake_path/present'
E/Genymotion(  324): Could not open '/sys/class/power_supply/genymotion_fake_path/present'
E/Genymotion(  324): Could not open '/sys/class/power_supply/genymotion_fake_path/present'
E/Genymotion(  324): Could not open '/sys/class/power_supply/genymotion_fake_path/present'
E/Genymotion(  324): Could not open '/sys/class/power_supply/genymotion_fake_path/present'
E/Genymotion(  324): Could not open '/sys/class/power_supply/genymotion_fake_path/present'
E/Genymotion(  324): Could not open '/sys/class/power_supply/genymotion_fake_path/present'
E/Genymotion(  324): Could not open '/sys/class/power_supply/genymotion_fake_path/present'
E/Genymotion(  324): Could not open '/sys/class/power_supply/genymotion_fake_path/present'
E/Genymotion(  324): Could not open '/sys/class/power_supply/genymotion_fake_path/present'
E/Genymotion(  324): Could not open '/sys/class/power_supply/genymotion_fake_path/present'
E/Genymotion(  324): Could not open '/sys/class/power_supply/genymotion_fake_path/present'
E/Genymotion(  324): Could not open '/sys/class/power_supply/genymotion_fake_path/present'
E/Genymotion(  324): Could not open '/sys/class/power_supply/genymotion_fake_path/present'
E/Genymotion(  324): Could not open '/sys/class/power_supply/genymotion_fake_path/present'
E/Genymotion(  324): Could not open '/sys/class/power_supply/genymotion_fake_path/present'
E/Genymotion(  324): Could not open '/sys/class/power_supply/genymotion_fake_path/present'
E/Genymotion(  324): Could not open '/sys/class/power_supply/genymotion_fake_path/present'
E/Genymotion(  324): Could not open '/sys/class/power_supply/genymotion_fake_path/present'
W/BatteryStatsImpl(  324): Couldn't get kernel wake lock stats
E/Genymotion(  324): Could not open '/sys/class/power_supply/genymotion_fake_path/present'
E/Genymotion(  324): Could not open '/sys/class/power_supply/genymotion_fake_path/present'
E/Genymotion(  324): Could not open '/sys/class/power_supply/genymotion_fake_path/present'
E/Genymotion(  324): Could not open '/sys/class/power_supply/genymotion_fake_path/present'
E/Genymotion(  324): Could not open '/sys/class/power_supply/genymotion_fake_path/present'
E/Genymotion(  324): Could not open '/sys/class/power_supply/genymotion_fake_path/present'
E/Genymotion(  324): Could not open '/sys/class/power_supply/genymotion_fake_path/present'
E/Genymotion(  324): Could not open '/sys/class/power_supply/genymotion_fake_path/present'
D/AndroidRuntime( 2144): 
D/AndroidRuntime( 2144): >>>>>> AndroidRuntime START com.android.internal.os.RuntimeInit <<<<<<
D/AndroidRuntime( 2144): CheckJNI is OFF
D/dalvikvm( 2144): Unable to stat classpath element '/system/framework/filterfw.jar'
D/dalvikvm( 2144): Trying to load lib libjavacore.so 0x0
D/dalvikvm( 2144): Added shared lib libjavacore.so 0x0
D/dalvikvm( 2144): Trying to load lib libnativehelper.so 0x0
D/dalvikvm( 2144): Added shared lib libnativehelper.so 0x0
D/AndroidRuntime( 2144): Calling main entry com.android.commands.pm.Pm
W/ActivityManager(  324): No content provider found for permission revoke: file:///data/local/tmp/android-debug.apk
D/dalvikvm( 1058): GC_CONCURRENT freed 368K, 6% free 8010K/8455K, paused 0ms+0ms, total 7ms
D/dalvikvm(  324): GC_CONCURRENT freed 635K, 40% free 10689K/17543K, paused 1ms+1ms, total 14ms
W/ActivityManager(  324): No content provider found for permission revoke: file:///data/local/tmp/android-debug.apk
D/dalvikvm(  324): GC_CONCURRENT freed 354K, 38% free 10963K/17543K, paused 11ms+12ms, total 36ms
D/dalvikvm(  324): GC_CONCURRENT freed 662K, 38% free 10944K/17543K, paused 11ms+1ms, total 23ms
D/dalvikvm(  324): GC_FOR_ALLOC freed 755K, 38% free 10944K/17543K, paused 12ms, total 12ms
D/dalvikvm(  324): GC_CONCURRENT freed 87K, 38% free 10946K/17543K, paused 11ms+1ms, total 28ms
I/PackageManager(  324): Removing non-system package:com.ionicframework.biogam584955
I/ActivityManager(  324): Force stopping package com.ionicframework.biogam584955 uid=10048
I/ActivityManager(  324): Killing proc 2082:com.ionicframework.biogam584955/u0a48: force stop
W/ActivityManager(  324): Force removing ActivityRecord{53534910 com.ionicframework.biogam584955/.MainActivity}: app died, no saved state
E/JavaBinder(  324): !!! FAILED BINDER TRANSACTION !!!
I/qtaguid (  324): Failed write_ctrl(s 0 10048) res=-1 errno=1
W/NetworkManagementSocketTagger(  324): setKernelCountSet(10048, 0) failed with errno -1
I/qtaguid (  324): Failed write_ctrl(s 1 10021) res=-1 errno=1
W/NetworkManagementSocketTagger(  324): setKernelCountSet(10021, 1) failed with errno -1
I/WindowState(  324): WIN DEATH: Window{536c54a4 com.ionicframework.biogam584955/com.ionicframework.biogam584955.MainActivity paused=false}
I/PackageManager(  324): Package com.ionicframework.biogam584955 codePath changed from /data/app/com.ionicframework.biogam584955-1.apk to /data/app/com.ionicframework.biogam584955-2.apk; Retaining data and using new
I/PackageManager(  324): Running dexopt on: com.ionicframework.biogam584955
W/EGL_genymotion(  729): eglSurfaceAttrib not implemented
W/InputMethodManagerService(  324): Got RemoteException sending setActive(false) notification to pid 2082 uid 10048
D/dalvikvm( 2154): Unable to stat classpath element '/system/framework/filterfw.jar'
D/OpenGLRenderer(  729): TextureCache::get: create texture(0xb93ca330): name, size, mSize = 478, 72, 243196
D/OpenGLRenderer(  729): TextureCache::get: create texture(0xb939da28): name, size, mSize = 479, 144, 243340
D/OpenGLRenderer(  729): TextureCache::get: create texture(0xb950ca30): name, size, mSize = 480, 20736, 264076
D/OpenGLRenderer(  729): TextureCache::get: create texture(0xb948c118): name, size, mSize = 481, 20736, 284812
D/OpenGLRenderer(  729): TextureCache::get: create texture(0xb9460000): name, size, mSize = 482, 20736, 305548
D/OpenGLRenderer(  729): TextureCache::get: create texture(0xb950cd38): name, size, mSize = 483, 20736, 326284
D/OpenGLRenderer(  729): TextureCache::get: create texture(0xb950cdc8): name, size, mSize = 484, 20736, 347020
D/OpenGLRenderer(  729): TextureCache::get: create texture(0xb93c7020): name, size, mSize = 485, 20736, 367756
D/OpenGLRenderer(  729): TextureCache::get: create texture(0xb9511488): name, size, mSize = 486, 20736, 388492
D/OpenGLRenderer(  729): TextureCache::get: create texture(0xb9511990): name, size, mSize = 487, 20736, 409228
D/OpenGLRenderer(  729): TextureCache::get: create texture(0xb94a2890): name, size, mSize = 488, 20736, 429964
D/dalvikvm(  729): GC_FOR_ALLOC freed 2397K, 45% free 11076K/19847K, paused 28ms, total 32ms
D/dalvikvm( 2154): DexOpt: load 17ms, verify+opt 65ms, 548196 bytes
I/ActivityManager(  324): Force stopping package com.ionicframework.biogam584955 uid=10048
W/PackageManager(  324): Code path for pkg : com.ionicframework.biogam584955 changing from /data/app/com.ionicframework.biogam584955-1.apk to /data/app/com.ionicframework.biogam584955-2.apk
W/PackageManager(  324): Resource path for pkg : com.ionicframework.biogam584955 changing from /data/app/com.ionicframework.biogam584955-1.apk to /data/app/com.ionicframework.biogam584955-2.apk
D/PackageManager(  324): New package installed in /data/app/com.ionicframework.biogam584955-2.apk
D/dalvikvm(  729): GC_CONCURRENT freed 108K, 40% free 11963K/19847K, paused 11ms+1ms, total 17ms
D/dalvikvm(  324): GC_CONCURRENT freed 859K, 39% free 10755K/17543K, paused 11ms+12ms, total 38ms
I/ActivityManager(  324): Force stopping package com.ionicframework.biogam584955 uid=10048
D/dalvikvm(  729): WAIT_FOR_CONCURRENT_GC blocked 0ms
D/dalvikvm(  712): WAIT_FOR_CONCURRENT_GC blocked 0ms
D/dalvikvm(  712): GC_EXPLICIT freed 135K, 6% free 8330K/8839K, paused 2ms+1ms, total 13ms
D/dalvikvm(  729): GC_EXPLICIT freed 1428K, 42% free 11629K/19847K, paused 0ms+2ms, total 34ms
D/dalvikvm(  729): WAIT_FOR_CONCURRENT_GC blocked 29ms
D/dalvikvm(  324): WAIT_FOR_CONCURRENT_GC blocked 0ms
I/InputReader(  324): Reconfiguring input devices.  changes=0x00000010
D/dalvikvm(  729): GC_FOR_ALLOC freed 38K, 42% free 11590K/19847K, paused 55ms, total 55ms
I/dalvikvm-heap(  729): Grow heap (frag case) to 12.578MB for 1286220-byte allocation
W/ResourceType(  324): Failure getting entry for 0x7f060000 (t=5 e=0) in package 0 (error -75)
I/InputReader(  324): Reconfiguring input devices.  changes=0x00000010
D/dalvikvm(  324): GC_EXPLICIT freed 470K, 40% free 10577K/17543K, paused 15ms+42ms, total 91ms
D/dalvikvm(  324): WAIT_FOR_CONCURRENT_GC blocked 0ms
D/PackageManager(  324): generateServicesMap(android.accounts.AccountAuthenticator): 2 services unchanged
D/PackageManager(  324): generateServicesMap(android.content.SyncAdapter): 4 services unchanged
D/PackageManager(  324): generateServicesMap(android.accounts.AccountAuthenticator): 2 services unchanged
D/PackageManager(  324): generateServicesMap(android.content.SyncAdapter): 4 services unchanged
D/BackupManagerService(  324): Received broadcast Intent { act=android.intent.action.PACKAGE_REMOVED dat=package:com.ionicframework.biogam584955 flg=0x8000010 (has extras) }
D/BackupManagerService(  324): Received broadcast Intent { act=android.intent.action.PACKAGE_ADDED dat=package:com.ionicframework.biogam584955 flg=0x8000010 (has extras) }
V/BackupManagerService(  324): removePackageParticipantsLocked: uid=10048 #1
V/BackupManagerService(  324): addPackageParticipantsLocked: #1
W/ResourceType(  324): Failure getting entry for 0x7f060000 (t=5 e=0) in package 0 (error -75)
W/InputMethodManagerService(  324): Found no subtypes in a system IME: com.android.inputmethod.pinyin
W/RecognitionManagerService(  324): no available voice recognition services found
D/dalvikvm(  324): GC_EXPLICIT freed 459K, 41% free 10505K/17543K, paused 27ms+3ms, total 83ms
D/AndroidRuntime( 2144): Shutting down VM
D/dalvikvm( 2144): GC_CONCURRENT freed 96K, 90% free 445K/4096K, paused 0ms+0ms, total 1ms
I/AndroidRuntime( 2144): NOTE: attach of thread 'Binder_3' failed
D/dalvikvm(  729): GC_FOR_ALLOC freed 0K, 36% free 12847K/19847K, paused 151ms, total 151ms
D/dalvikvm(  729): GC_CONCURRENT freed <1K, 36% free 12848K/19847K, paused 11ms+1ms, total 16ms
D/dalvikvm(  729): GC_FOR_ALLOC freed 2380K, 40% free 11959K/19847K, paused 6ms, total 7ms
D/dalvikvm(  729): GC_CONCURRENT freed 1856K, 43% free 11460K/19847K, paused 11ms+1ms, total 26ms
D/dalvikvm(  729): WAIT_FOR_CONCURRENT_GC blocked 5ms
D/OpenGLRenderer(  729): TextureCache::get: create texture(0xb94c9840): name, size, mSize = 497, 20736, 450700
D/dalvikvm(  729): GC_CONCURRENT freed 237K, 38% free 12387K/19847K, paused 11ms+2ms, total 34ms
D/AndroidRuntime( 2164): 
D/AndroidRuntime( 2164): >>>>>> AndroidRuntime START com.android.internal.os.RuntimeInit <<<<<<
D/AndroidRuntime( 2164): CheckJNI is OFF
D/dalvikvm( 2164): Unable to stat classpath element '/system/framework/filterfw.jar'
D/dalvikvm( 2164): Trying to load lib libjavacore.so 0x0
D/dalvikvm( 2164): Added shared lib libjavacore.so 0x0
D/dalvikvm( 2164): Trying to load lib libnativehelper.so 0x0
D/dalvikvm( 2164): Added shared lib libnativehelper.so 0x0
D/AndroidRuntime( 2164): Calling main entry com.android.commands.input.Input
I/Input   ( 2164): InjectKeyEvent: KeyEvent { action=ACTION_DOWN, keyCode=KEYCODE_MENU, scanCode=0, metaState=0, flags=0x0, repeatCount=0, eventTime=3639233, downTime=3639233, deviceId=-1, source=0x101 }
I/Input   ( 2164): InjectKeyEvent: KeyEvent { action=ACTION_UP, keyCode=KEYCODE_MENU, scanCode=0, metaState=0, flags=0x0, repeatCount=0, eventTime=3639233, downTime=3639233, deviceId=-1, source=0x101 }
D/dalvikvm(  729): GC_CONCURRENT freed 1621K, 39% free 12259K/19847K, paused 11ms+10ms, total 26ms
D/dalvikvm(  729): WAIT_FOR_CONCURRENT_GC blocked 1ms
D/dalvikvm(  729): WAIT_FOR_CONCURRENT_GC blocked 2ms
D/AndroidRuntime( 2164): Shutting down VM
W/genymotion_audio(  128): out_write() limiting sleep time 116462 to 39909
D/dalvikvm( 2164): GC_CONCURRENT freed 98K, 90% free 441K/4096K, paused 0ms+0ms, total 2ms
D/dalvikvm(  729): WAIT_FOR_CONCURRENT_GC blocked 22ms
I/AndroidRuntime( 2164): NOTE: attach of thread 'Binder_3' failed
D/dalvikvm(  729): GC_FOR_ALLOC freed 285K, 38% free 12500K/19847K, paused 14ms, total 14ms
W/genymotion_audio(  128): out_write() limiting sleep time 92018 to 39909
W/EGL_genymotion(  729): eglSurfaceAttrib not implemented
D/dalvikvm(  729): GC_FOR_ALLOC freed 344K, 32% free 13596K/19847K, paused 23ms, total 23ms
W/genymotion_audio(  128): out_write() limiting sleep time 65895 to 39909
D/dalvikvm(  729): GC_CONCURRENT freed 76K, 29% free 14121K/19847K, paused 18ms+12ms, total 51ms
D/OpenGLRenderer(  729): TextureCache::callback: name, removed size, mSize = 481, 20736, 429964
W/genymotion_audio(  128): out_write() limiting sleep time 41224 to 39909
D/AndroidRuntime( 2177): 
D/AndroidRuntime( 2177): >>>>>> AndroidRuntime START com.android.internal.os.RuntimeInit <<<<<<
D/AndroidRuntime( 2177): CheckJNI is OFF
D/dalvikvm( 2177): Unable to stat classpath element '/system/framework/filterfw.jar'
D/dalvikvm( 2177): Trying to load lib libjavacore.so 0x0
D/dalvikvm( 2177): Added shared lib libjavacore.so 0x0
D/dalvikvm( 2177): Trying to load lib libnativehelper.so 0x0
D/dalvikvm( 2177): Added shared lib libnativehelper.so 0x0
D/AndroidRuntime( 2177): Calling main entry com.android.commands.am.Am
I/ActivityManager(  324): START {act=android.intent.action.MAIN flg=0x10000000 cmp=com.ionicframework.biogam584955/.MainActivity u=0} from pid 2177
E/SocketStream(  125): readFully was waiting for 403440 bytes, got 14480 
E/SocketStream(  125): readFully was waiting for 388960 bytes, got 16192 
E/SocketStream(  125): readFully was waiting for 372768 bytes, got 12768 
E/SocketStream(  125): readFully was waiting for 360000 bytes, got 16192 
E/SocketStream(  125): readFully was waiting for 343808 bytes, got 16192 
E/SocketStream(  125): readFully was waiting for 327616 bytes, got 16192 
E/SocketStream(  125): readFully was waiting for 311424 bytes, got 9344 
E/SocketStream(  125): readFully was waiting for 302080 bytes, got 16192 
E/SocketStream(  125): readFully was waiting for 285888 bytes, got 16192 
E/SocketStream(  125): readFully was waiting for 269696 bytes, got 16192 
E/SocketStream(  125): readFully was waiting for 253504 bytes, got 16192 
E/SocketStream(  125): readFully was waiting for 237312 bytes, got 16192 
E/SocketStream(  125): readFully was waiting for 221120 bytes, got 16192 
E/SocketStream(  125): readFully was waiting for 204928 bytes, got 16192 
E/SocketStream(  125): readFully was waiting for 188736 bytes, got 16192 
E/SocketStream(  125): readFully was waiting for 172544 bytes, got 16192 
E/SocketStream(  125): readFully was waiting for 156352 bytes, got 16192 
E/SocketStream(  125): readFully was waiting for 140160 bytes, got 16192 
E/SocketStream(  125): readFully was waiting for 123968 bytes, got 16192 
E/SocketStream(  125): readFully was waiting for 107776 bytes, got 16192 
E/SocketStream(  125): readFully was waiting for 91584 bytes, got 16192 
E/SocketStream(  125): readFully was waiting for 75392 bytes, got 4992 
E/SocketStream(  125): readFully was waiting for 70400 bytes, got 16192 
E/SocketStream(  125): readFully was waiting for 54208 bytes, got 16192 
E/SocketStream(  125): readFully was waiting for 38016 bytes, got 16192 
E/SocketStream(  125): readFully was waiting for 21824 bytes, got 16192 
D/dalvikvm( 2186): Late-enabling CheckJNI
I/ActivityManager(  324): Start proc com.ionicframework.biogam584955 for activity com.ionicframework.biogam584955/.MainActivity: pid=2186 uid=10048 gids={3003, 1015, 1028}
I/qtaguid (  324): Failed write_ctrl(s 1 10048) res=-1 errno=1
W/NetworkManagementSocketTagger(  324): setKernelCountSet(10048, 1) failed with errno -1
D/OpenGLRenderer(  729): TextureCache::flush: target size: 257978
D/OpenGLRenderer(  729): TextureCache::callback: name, removed size, mSize = 480, 20736, 409228
D/OpenGLRenderer(  729): TextureCache::callback: name, removed size, mSize = 497, 20736, 388492
D/OpenGLRenderer(  729): TextureCache::callback: name, removed size, mSize = 482, 20736, 367756
D/OpenGLRenderer(  729): TextureCache::callback: name, removed size, mSize = 483, 20736, 347020
D/OpenGLRenderer(  729): TextureCache::callback: name, removed size, mSize = 484, 20736, 326284
D/OpenGLRenderer(  729): TextureCache::callback: name, removed size, mSize = 485, 20736, 305548
D/OpenGLRenderer(  729): TextureCache::callback: name, removed size, mSize = 486, 20736, 284812
D/OpenGLRenderer(  729): TextureCache::callback: name, removed size, mSize = 487, 20736, 264076
D/OpenGLRenderer(  729): TextureCache::callback: name, removed size, mSize = 488, 20736, 243340
I/dalvikvm( 2186): Could not find method android.webkit.WebView.setWebContentsDebuggingEnabled, referenced from method org.apache.cordova.engine.SystemWebViewEngine.enableRemoteDebugging
W/dalvikvm( 2186): VFY: unable to resolve static method 273: Landroid/webkit/WebView;.setWebContentsDebuggingEnabled (Z)V
D/dalvikvm( 2186): VFY: replacing opcode 0x71 at 0x0001
I/dalvikvm( 2186): Could not find method android.webkit.WebSettings.setMediaPlaybackRequiresUserGesture, referenced from method org.apache.cordova.engine.SystemWebViewEngine.initWebViewSettings
W/dalvikvm( 2186): VFY: unable to resolve virtual method 261: Landroid/webkit/WebSettings;.setMediaPlaybackRequiresUserGesture (Z)V
D/dalvikvm( 2186): VFY: replacing opcode 0x6e at 0x0080
I/dalvikvm( 2186): Could not find method android.webkit.CookieManager.setAcceptThirdPartyCookies, referenced from method org.apache.cordova.engine.SystemCookieManager.<init>
W/dalvikvm( 2186): VFY: unable to resolve virtual method 225: Landroid/webkit/CookieManager;.setAcceptThirdPartyCookies (Landroid/webkit/WebView;Z)V
D/dalvikvm( 2186): VFY: replacing opcode 0x6e at 0x0016
I/dalvikvm( 2186): Could not find method android.webkit.CookieManager.flush, referenced from method org.apache.cordova.engine.SystemCookieManager.flush
W/dalvikvm( 2186): VFY: unable to resolve virtual method 220: Landroid/webkit/CookieManager;.flush ()V
D/dalvikvm( 2186): VFY: replacing opcode 0x6e at 0x0008
W/dalvikvm( 2186): VFY: unable to find class referenced in signature (Landroid/webkit/ClientCertRequest;)
W/dalvikvm( 2186): VFY: unable to find class referenced in signature (Landroid/webkit/ClientCertRequest;)
I/dalvikvm( 2186): Could not find method android.webkit.WebViewClient.onReceivedClientCertRequest, referenced from method org.apache.cordova.engine.SystemWebViewClient.onReceivedClientCertRequest
W/dalvikvm( 2186): VFY: unable to resolve virtual method 278: Landroid/webkit/WebViewClient;.onReceivedClientCertRequest (Landroid/webkit/WebView;Landroid/webkit/ClientCertRequest;)V
D/dalvikvm( 2186): VFY: replacing opcode 0x6f at 0x001a
W/dalvikvm( 2186): VFY: unable to find class referenced in signature (Landroid/webkit/PermissionRequest;)
I/dalvikvm( 2186): Could not find method android.webkit.PermissionRequest.getResources, referenced from method org.apache.cordova.engine.SystemWebChromeClient.onPermissionRequest
W/dalvikvm( 2186): VFY: unable to resolve virtual method 236: Landroid/webkit/PermissionRequest;.getResources ()[Ljava/lang/String;
D/dalvikvm( 2186): VFY: replacing opcode 0x6e at 0x000d
I/dalvikvm( 2186): Could not find method android.webkit.WebChromeClient$FileChooserParams.createIntent, referenced from method org.apache.cordova.engine.SystemWebChromeClient.onShowFileChooser
W/dalvikvm( 2186): VFY: unable to resolve virtual method 241: Landroid/webkit/WebChromeClient$FileChooserParams;.createIntent ()Landroid/content/Intent;
D/dalvikvm( 2186): VFY: replacing opcode 0x6e at 0x0000
D/SystemWebViewEngine( 2186): CordovaWebView is running on device made by: Genymotion
I/SystemWebViewEngine( 2186): Disabled addJavascriptInterface() bridge since Android version is old.
V/StatusBar( 2186): StatusBar: initialization
D/libEGL  ( 2186): loaded /system/lib/egl/libEGL_genymotion.so
D/        ( 2186): HostConnection::get() New Host Connection established 0xb942cac8, tid 2186
D/dalvikvm( 2186): GC_CONCURRENT freed 152K, 3% free 8227K/8455K, paused 11ms+1ms, total 38ms
D/libEGL  ( 2186): loaded /system/lib/egl/libGLESv1_CM_genymotion.so
D/libEGL  ( 2186): loaded /system/lib/egl/libGLESv2_genymotion.so
W/EGL_genymotion( 2186): eglSurfaceAttrib not implemented
D/OpenGLRenderer( 2186): Enabling debug mode 0
I/ActivityManager(  324): Displayed com.ionicframework.biogam584955/.MainActivity: +251ms
D/AndroidRuntime( 2177): Shutting down VM
D/dalvikvm( 2177): GC_CONCURRENT freed 98K, 89% free 478K/4096K, paused 0ms+1ms, total 3ms
I/AndroidRuntime( 2177): NOTE: attach of thread 'Binder_3' failed
I/qtaguid (  324): Failed write_ctrl(s 0 10021) res=-1 errno=1
W/NetworkManagementSocketTagger(  324): setKernelCountSet(10021, 0) failed with errno -1
D/JsMessageQueue( 2186): Set native->JS mode to OnlineEventsBridgeMode
D/dalvikvm( 2186): GC_FOR_ALLOC freed 463K, 8% free 8137K/8775K, paused 2ms, total 3ms
V/StatusBar( 2186): Executing action: _ready
D/TilesManager( 2186): new EGLContext from framework: b95bb388 
D/GLWebViewState( 2186): Reinit shader
D/GLWebViewState( 2186): Reinit transferQueue
V/StatusBar( 2186): Executing action: styleDefault
D/dalvikvm(  324): GC_CONCURRENT freed 316K, 39% free 10734K/17543K, paused 12ms+3ms, total 36ms
E/Genymotion(  324): Could not open '/sys/class/power_supply/genymotion_fake_path/present'
E/Genymotion(  324): Could not open '/sys/class/power_supply/genymotion_fake_path/present'
E/Genymotion(  324): Could not open '/sys/class/power_supply/genymotion_fake_path/present'
E/Genymotion(  324): Could not open '/sys/class/power_supply/genymotion_fake_path/present'
E/Genymotion(  324): Could not open '/sys/class/power_supply/genymotion_fake_path/present'
E/Genymotion(  324): Could not open '/sys/class/power_supply/genymotion_fake_path/present'
E/Genymotion(  324): Could not open '/sys/class/power_supply/genymotion_fake_path/present'
D/AndroidRuntime( 2220): 
D/AndroidRuntime( 2220): >>>>>> AndroidRuntime START com.android.internal.os.RuntimeInit <<<<<<
D/AndroidRuntime( 2220): CheckJNI is OFF
D/dalvikvm( 2220): Unable to stat classpath element '/system/framework/filterfw.jar'
D/dalvikvm( 2220): Trying to load lib libjavacore.so 0x0
D/dalvikvm( 2220): Added shared lib libjavacore.so 0x0
D/dalvikvm( 2220): Trying to load lib libnativehelper.so 0x0
D/dalvikvm( 2220): Added shared lib libnativehelper.so 0x0
D/AndroidRuntime( 2220): Calling main entry com.android.commands.pm.Pm
W/ActivityManager(  324): No content provider found for permission revoke: file:///data/local/tmp/android-debug.apk
W/ActivityManager(  324): No content provider found for permission revoke: file:///data/local/tmp/android-debug.apk
D/dalvikvm(  324): GC_CONCURRENT freed 520K, 38% free 10920K/17543K, paused 11ms+12ms, total 47ms
D/dalvikvm(  324): GC_CONCURRENT freed 627K, 38% free 10949K/17543K, paused 11ms+1ms, total 30ms
D/dalvikvm(  324): GC_CONCURRENT freed 746K, 38% free 10956K/17543K, paused 11ms+2ms, total 27ms
D/dalvikvm(  324): WAIT_FOR_CONCURRENT_GC blocked 3ms
I/PackageManager(  324): Removing non-system package:com.ionicframework.biogam584955
I/ActivityManager(  324): Force stopping package com.ionicframework.biogam584955 uid=10048
I/ActivityManager(  324): Killing proc 2186:com.ionicframework.biogam584955/u0a48: force stop
W/ActivityManager(  324): Force removing ActivityRecord{53534910 com.ionicframework.biogam584955/.MainActivity}: app died, no saved state
E/JavaBinder(  324): !!! FAILED BINDER TRANSACTION !!!
I/qtaguid (  324): Failed write_ctrl(s 0 10048) res=-1 errno=1
W/NetworkManagementSocketTagger(  324): setKernelCountSet(10048, 0) failed with errno -1
I/qtaguid (  324): Failed write_ctrl(s 1 10021) res=-1 errno=1
W/NetworkManagementSocketTagger(  324): setKernelCountSet(10021, 1) failed with errno -1
I/WindowState(  324): WIN DEATH: Window{536e3084 com.ionicframework.biogam584955/com.ionicframework.biogam584955.MainActivity paused=false}
D/dalvikvm(  324): GC_CONCURRENT freed 828K, 39% free 10785K/17543K, paused 11ms+2ms, total 28ms
I/PackageManager(  324): Running dexopt on: com.ionicframework.biogam584955
I/PackageManager(  324): Package com.ionicframework.biogam584955 codePath changed from /data/app/com.ionicframework.biogam584955-2.apk to /data/app/com.ionicframework.biogam584955-1.apk; Retaining data and using new
W/EGL_genymotion(  729): eglSurfaceAttrib not implemented
D/dalvikvm( 2230): Unable to stat classpath element '/system/framework/filterfw.jar'
W/InputMethodManagerService(  324): Got RemoteException sending setActive(false) notification to pid 2186 uid 10048
D/OpenGLRenderer(  729): TextureCache::get: create texture(0xb950ca30): name, size, mSize = 506, 20736, 264076
D/OpenGLRenderer(  729): TextureCache::get: create texture(0xb94c9840): name, size, mSize = 507, 20736, 284812
D/OpenGLRenderer(  729): TextureCache::get: create texture(0xb9460000): name, size, mSize = 508, 20736, 305548
D/OpenGLRenderer(  729): TextureCache::get: create texture(0xb950cd38): name, size, mSize = 509, 20736, 326284
D/OpenGLRenderer(  729): TextureCache::get: create texture(0xb950cdc8): name, size, mSize = 510, 20736, 347020
D/OpenGLRenderer(  729): TextureCache::get: create texture(0xb93c7020): name, size, mSize = 511, 20736, 367756
D/OpenGLRenderer(  729): TextureCache::get: create texture(0xb9511488): name, size, mSize = 512, 20736, 388492
D/dalvikvm(  729): GC_FOR_ALLOC freed 4679K, 45% free 11078K/19847K, paused 11ms, total 21ms
D/OpenGLRenderer(  729): TextureCache::get: create texture(0xb9511990): name, size, mSize = 513, 20736, 409228
D/OpenGLRenderer(  729): TextureCache::get: create texture(0xb94a2890): name, size, mSize = 514, 20736, 429964
D/dalvikvm( 2230): DexOpt: load 17ms, verify+opt 73ms, 548196 bytes
I/ActivityManager(  324): Force stopping package com.ionicframework.biogam584955 uid=10048
W/PackageManager(  324): Code path for pkg : com.ionicframework.biogam584955 changing from /data/app/com.ionicframework.biogam584955-2.apk to /data/app/com.ionicframework.biogam584955-1.apk
W/PackageManager(  324): Resource path for pkg : com.ionicframework.biogam584955 changing from /data/app/com.ionicframework.biogam584955-2.apk to /data/app/com.ionicframework.biogam584955-1.apk
D/dalvikvm(  729): GC_CONCURRENT freed 109K, 40% free 11963K/19847K, paused 11ms+1ms, total 19ms
D/PackageManager(  324): New package installed in /data/app/com.ionicframework.biogam584955-1.apk
I/ActivityManager(  324): Force stopping package com.ionicframework.biogam584955 uid=10048
D/dalvikvm(  729): WAIT_FOR_CONCURRENT_GC blocked 0ms
D/dalvikvm(  712): WAIT_FOR_CONCURRENT_GC blocked 0ms
D/dalvikvm(  712): GC_EXPLICIT freed 135K, 6% free 8330K/8839K, paused 1ms+1ms, total 6ms
D/dalvikvm(  729): GC_EXPLICIT freed 1040K, 44% free 11194K/19847K, paused 0ms+1ms, total 19ms
D/dalvikvm(  324): WAIT_FOR_CONCURRENT_GC blocked 0ms
I/InputReader(  324): Reconfiguring input devices.  changes=0x00000010
I/InputReader(  324): Reconfiguring input devices.  changes=0x00000010
D/dalvikvm(  729): GC_CONCURRENT freed 526K, 41% free 11752K/19847K, paused 11ms+8ms, total 53ms
D/dalvikvm(  729): WAIT_FOR_CONCURRENT_GC blocked 20ms
D/dalvikvm( 1074): GC_CONCURRENT freed 402K, 6% free 7958K/8455K, paused 10ms+0ms, total 15ms
D/dalvikvm(  324): GC_EXPLICIT freed 796K, 41% free 10503K/17543K, paused 26ms+35ms, total 94ms
D/PackageManager(  324): generateServicesMap(andr